 PhysXCooking_64

 Timestamp is 5da3e8d5 (Sun Oct 13 23:17:41 2019)

 Preferred load address is 0000000180000000

 Start         Length     Name                   Class
 0001:00000000 00000640H .text$di                CODE
 0001:00000640 0002d060H .text$mn                CODE
 0001:0002d6a0 00000012H .text$mn$00             CODE
 0001:0002d6b2 00000081H .text$x                 CODE
 0002:00000000 000001b8H .idata$5                DATA
 0002:000001b8 00000010H .00cfg                  DATA
 0002:000001c8 00000008H .CRT$XCA                DATA
 0002:000001d0 000001e0H .CRT$XCU                DATA
 0002:000003b0 00000008H .CRT$XCZ                DATA
 0002:000003b8 00000008H .CRT$XIA                DATA
 0002:000003c0 00000008H .CRT$XIZ                DATA
 0002:000003c8 00000008H .CRT$XPA                DATA
 0002:000003d0 00000008H .CRT$XPZ                DATA
 0002:000003d8 00000008H .CRT$XTA                DATA
 0002:000003e0 00000010H .CRT$XTZ                DATA
 0002:000003e8 00000000H .gfids$y                DATA
 0002:000003f0 00001e68H .rdata                  DATA
 0002:00002258 00000074H .rdata$r                DATA
 0002:000022cc 0000038cH .rdata$zzzdbg           DATA
 0002:00002658 00000008H .rtc$IAA                DATA
 0002:00002660 00000008H .rtc$IZZ                DATA
 0002:00002668 00000008H .rtc$TAA                DATA
 0002:00002670 00000008H .rtc$TZZ                DATA
 0002:00002678 0000380cH .xdata                  DATA
 0002:00005e84 00000040H .didat$2                DATA
 0002:00005ec4 00000024H .didat$3                DATA
 0002:00005ee8 00000198H .didat$4                DATA
 0002:00006080 000009c0H .didat$6                DATA
 0002:00006a40 000001a0H .didat$7                DATA
 0002:00006be0 00001d00H .edata                  DATA
 0002:000088e0 00000078H .idata$2                DATA
 0002:00008958 00000018H .idata$3                DATA
 0002:00008970 000001b8H .idata$4                DATA
 0002:00008b28 00000442H .idata$6                DATA
 0003:00000000 00000060H .data                   DATA
 0003:00000060 00000650H .data$r                 DATA
 0003:000006b0 000001a0H .didat$5                DATA
 0003:00000850 00000490H .bss                    DATA
 0004:00000000 000021b4H .pdata                  DATA
 0005:00000000 000006e0H _RDATA                  DATA
 0006:00000000 000000a0H .rsrc$01                DATA
 0006:000000a0 000004b0H .rsrc$02                DATA

  Address         Publics by Value              Rva+Base               Lib:Object

 0000:00000000       __guard_iat_count          0000000000000000     <absolute>
 0000:00000000       __volatile_metadata        0000000000000000     <absolute>
 0000:00000000       __hybrid_code_map_count    0000000000000000     <absolute>
 0000:00000000       ___safe_se_handler_table   0000000000000000     <absolute>
 0000:00000000       __guard_fids_count         0000000000000000     <absolute>
 0000:00000000       __hybrid_code_map          0000000000000000     <absolute>
 0000:00000000       __dynamic_value_reloc_table 0000000000000000     <absolute>
 0000:00000000       __guard_iat_table          0000000000000000     <absolute>
 0000:00000000       __enclave_config           0000000000000000     <absolute>
 0000:00000000       __guard_longjmp_count      0000000000000000     <absolute>
 0000:00000000       __hybrid_auxiliary_iat     0000000000000000     <absolute>
 0000:00000000       ___safe_se_handler_count   0000000000000000     <absolute>
 0000:00000000       __guard_longjmp_table      0000000000000000     <absolute>
 0000:00000000       __guard_fids_table         0000000000000000     <absolute>
 0000:00000100       __guard_flags              0000000000000100     <absolute>
 0000:00000000       __ImageBase                0000000180000000     <linker-defined>
 0001:00000640       ?ComputeNbBoundaryEdges@AdjTriangle@physx@@QEBAIXZ 0000000180001640 f   Adjacencies.obj
 0001:00000690       ?ComputeNbNeighbors@AdjTriangle@physx@@QEBAIXZ 0000000180001690 f   Adjacencies.obj
 0001:000006e0       ?HasNeighbor@AdjTriangle@physx@@QEBA_NIPEAI@Z 00000001800016e0 f   Adjacencies.obj
 0001:00000750       ?Flip@AdjTriangle@physx@@QEAAXXZ 0000000180001750 f   Adjacencies.obj
 0001:00000770       ??0Adjacencies@physx@@QEAA@XZ 0000000180001770 f   Adjacencies.obj
 0001:00000790       ??1Adjacencies@physx@@QEAA@XZ 0000000180001790 f   Adjacencies.obj
 0001:00000800       ?Load@Adjacencies@physx@@QEAA_NAEAVPxInputStream@2@@Z 0000000180001800 f   Adjacencies.obj
 0001:000008e0       ?ComputeNbBoundaryEdges@Adjacencies@physx@@QEBAIXZ 00000001800018e0 f   Adjacencies.obj
 0001:00000960       ?GetBoundaryVertices@Adjacencies@physx@@QEBA_NIPEA_NPEBU?$TriangleT@I@Gu@2@@Z 0000000180001960 f   Adjacencies.obj
 0001:00000ac0       ?MakeLastRef@Adjacencies@physx@@QEAA_NAEAVAdjTriangle@2@IPEAU?$TriangleT@I@Gu@2@@Z 0000000180001ac0 f   Adjacencies.obj
 0001:00000d10       ?AssignNewEdgeCode@Adjacencies@physx@@AEAAXIE@Z 0000000180001d10 f   Adjacencies.obj
 0001:00000d60       ??0AdjacenciesBuilder@physx@@QEAA@XZ 0000000180001d60 f   Adjacencies.obj
 0001:00000d80       ??1AdjacenciesBuilder@physx@@QEAA@XZ 0000000180001d80 f   Adjacencies.obj
 0001:00000d90       ?Init@AdjacenciesBuilder@physx@@QEAA_NAEBUADJACENCIESCREATE@2@@Z 0000000180001d90 f   Adjacencies.obj
 0001:00001110       ??$?_UV?$ReflectionAllocator@VAdjTriangle@physx@@@shdfnd@physx@@@UserAllocated@shdfnd@physx@@SAPEAX_KV?$ReflectionAllocator@VAdjTriangle@physx@@@12@PEBDH@Z 0000000180002110 f i Adjacencies.obj
 0001:000011b0       ??0AdjEdge@@QEAA@XZ        00000001800021b0 f i Adjacencies.obj
 0001:000011c0       ??0AdjTriangle@physx@@QEAA@XZ 00000001800021c0 f i Adjacencies.obj
 0001:000011d0       ??0Allocator@shdfnd@physx@@QEAA@PEBD@Z 00000001800021d0 f i Adjacencies.obj
 0001:000011e0       ??0PxFoundation@physx@@QEAA@AEBV01@@Z 00000001800021e0 f i Adjacencies.obj
 0001:000011f0       ??0PxFoundation@physx@@QEAA@XZ 00000001800021f0 f i Adjacencies.obj
 0001:00001200       ??1AdjEdge@@QEAA@XZ        0000000180002200 f i Adjacencies.obj
 0001:00001210       ??1AdjTriangle@physx@@QEAA@XZ 0000000180002210 f i Adjacencies.obj
 0001:00001220       ??1PxFoundation@physx@@MEAA@XZ 0000000180002220 f i Adjacencies.obj
 0001:00001230       ??4Allocator@shdfnd@physx@@QEAAAEAV012@$$QEAV012@@Z 0000000180002230 f i Adjacencies.obj
 0001:00001240       ??4Allocator@shdfnd@physx@@QEAAAEAV012@AEBV012@@Z 0000000180002240 f i Adjacencies.obj
 0001:00001250       ??4MutexImpl@shdfnd@physx@@QEAAAEAV012@AEBV012@@Z 0000000180002250 f i Adjacencies.obj
 0001:00001260       ??4PxFoundation@physx@@QEAAAEAV01@AEBV01@@Z 0000000180002260 f i Adjacencies.obj
 0001:00001270       ??_EAdjEdge@@QEAAPEAXI@Z   0000000180002270 f i Adjacencies.obj
 0001:000012f0       ??_EAdjTriangle@physx@@QEAAPEAXI@Z 00000001800022f0 f i Adjacencies.obj
 0001:00001370       ??_EPxFoundation@physx@@MEAAPEAXI@Z 0000000180002370 f i Adjacencies.obj
 0001:00001400       ??_FAllocator@shdfnd@physx@@QEAAXXZ 0000000180002400 f i Adjacencies.obj
 0001:00001410       ??_GPxFoundation@physx@@MEAAPEAXI@Z 0000000180002410 f i Adjacencies.obj
 0001:00001440       ??_H@YAXPEAX_K1P6APEAX0@Z@Z 0000000180002440 f i Adjacencies.obj
 0001:00001490       ??_I@YAXPEAX_K1P6AX0@Z@Z   0000000180002490 f i Adjacencies.obj
 0001:00001750       ?GetNbHits@RadixSort@Cm@physx@@QEBAIXZ 0000000180002750 f i Adjacencies.obj
 0001:00001760       ?GetNbTotalCalls@RadixSort@Cm@physx@@QEBAIXZ 0000000180002760 f i Adjacencies.obj
 0001:00001770       ?GetRanks@RadixSort@Cm@physx@@QEBAPEBIXZ 0000000180002770 f i Adjacencies.obj
 0001:00001780       ?GetRecyclable@RadixSort@Cm@physx@@QEBAPEAIXZ 0000000180002780 f i Adjacencies.obj
 0001:000019d0       ?__empty_global_delete@@YAXPEAX@Z 00000001800029d0 f i Adjacencies.obj
 0001:000019e0       ?__empty_global_delete@@YAXPEAX_K@Z 00000001800029e0 f i Adjacencies.obj
 0001:000019f0       ?getAllocator@Foundation@shdfnd@physx@@QEAAAEAVPxAllocatorCallback@3@XZ 00000001800029f0 f i Adjacencies.obj
 0001:00001a00       ?getAllocatorCallback@Foundation@shdfnd@physx@@UEAAAEAVPxAllocatorCallback@3@XZ 0000000180002a00 f i Adjacencies.obj
 0001:00001a10       ?getErrorCallback@Foundation@shdfnd@physx@@UEAAAEAVPxErrorCallback@3@XZ 0000000180002a10 f i Adjacencies.obj
 0001:00001a20       ?getErrorLevel@Foundation@shdfnd@physx@@UEBA?AW4Enum@PxErrorCode@3@XZ 0000000180002a20 f i Adjacencies.obj
 0001:00001a30       ?getInternalErrorCallback@Foundation@shdfnd@physx@@QEAAAEAVPxErrorCallback@3@XZ 0000000180002a30 f i Adjacencies.obj
 0001:00001a40       ?getNamedAllocMap@Foundation@shdfnd@physx@@QEAAAEAV?$HashMap@PEBVNamedAllocator@shdfnd@physx@@PEBDU?$Hash@PEBVNamedAllocator@shdfnd@physx@@@23@VNonTrackingAllocator@23@@23@XZ 0000000180002a40 f i Adjacencies.obj
 0001:00001a50       ?getNamedAllocMutex@Foundation@shdfnd@physx@@QEAAAEAV?$MutexT@VAllocator@shdfnd@physx@@@23@XZ 0000000180002a50 f i Adjacencies.obj
 0001:00001a60       ?getReportAllocationNames@Foundation@shdfnd@physx@@UEBA_NXZ 0000000180002a60 f i Adjacencies.obj
 0001:00001a70       ?getTempAllocFreeTable@Foundation@shdfnd@physx@@QEAAAEAV?$Array@PEATTempAllocatorChunk@shdfnd@physx@@VAllocator@23@@23@XZ 0000000180002a70 f i Adjacencies.obj
 0001:00001a80       ?getTempAllocMutex@Foundation@shdfnd@physx@@QEAAAEAV?$MutexT@VAllocator@shdfnd@physx@@@23@XZ 0000000180002a80 f i Adjacencies.obj
 0001:00001a90       ?invalidateRanks@RadixSort@Cm@physx@@QEAAXXZ 0000000180002a90 f i Adjacencies.obj
 0001:00001aa0       ?setErrorLevel@Foundation@shdfnd@physx@@UEAAXW4Enum@PxErrorCode@3@@Z 0000000180002aa0 f i Adjacencies.obj
 0001:00001ab0       ?setReportAllocationNames@Foundation@shdfnd@physx@@UEAAX_N@Z 0000000180002ab0 f i Adjacencies.obj
 0001:00001ac0       PxCreateCooking            0000000180002ac0 f   Cooking.obj
 0001:00001bb0       ?release@Cooking@physx@@UEAAXXZ 0000000180002bb0 f   Cooking.obj
 0001:00001be0       ?setParams@Cooking@physx@@UEAAXAEBUPxCookingParams@2@@Z 0000000180002be0 f   Cooking.obj
 0001:00001c40       ?getParams@Cooking@physx@@UEBAAEBUPxCookingParams@2@XZ 0000000180002c40 f   Cooking.obj
 0001:00001c50       ?platformMismatch@Cooking@physx@@UEBA_NXZ 0000000180002c50 f   Cooking.obj
 0001:00001c60       ?cookTriangleMesh@Cooking@physx@@UEBA_NAEBVPxTriangleMeshDesc@2@AEAVPxOutputStream@2@PEAW4Enum@PxTriangleMeshCookingResult@2@@Z 0000000180002c60 f   Cooking.obj
 0001:00001da0       ?createTriangleMesh@Cooking@physx@@UEBAPEAVPxTriangleMesh@2@AEBVPxTriangleMeshDesc@2@AEAVPxPhysicsInsertionCallback@2@PEAW4Enum@PxTriangleMeshCookingResult@2@@Z 0000000180002da0 f   Cooking.obj
 0001:00001f00       ?validateTriangleMesh@Cooking@physx@@UEBA_NAEBVPxTriangleMeshDesc@2@@Z 0000000180002f00 f   Cooking.obj
 0001:00002010       ?cookConvexMesh@Cooking@physx@@UEBA_NAEBVPxConvexMeshDesc@2@AEAVPxOutputStream@2@PEAW4Enum@PxConvexMeshCookingResult@2@@Z 0000000180003010 f   Cooking.obj
 0001:00002200       ?createConvexMesh@Cooking@physx@@UEBAPEAVPxConvexMesh@2@AEBVPxConvexMeshDesc@2@AEAVPxPhysicsInsertionCallback@2@PEAW4Enum@PxConvexMeshCookingResult@2@@Z 0000000180003200 f   Cooking.obj
 0001:00002400       ?validateConvexMesh@Cooking@physx@@UEBA_NAEBVPxConvexMeshDesc@2@@Z 0000000180003400 f   Cooking.obj
 0001:00002470       ?computeHullPolygons@Cooking@physx@@UEBA_NAEBVPxSimpleTriangleMesh@2@AEAVPxAllocatorCallback@2@AEAIAEAPEAVPxVec3@2@2AEAPEAI2AEAPEAUPxHullPolygon@2@@Z 0000000180003470 f   Cooking.obj
 0001:00002650       ?cookHeightField@Cooking@physx@@UEBA_NAEBVPxHeightFieldDesc@2@AEAVPxOutputStream@2@@Z 0000000180003650 f   Cooking.obj
 0001:00002730       ?createHeightField@Cooking@physx@@UEBAPEAVPxHeightField@2@AEBVPxHeightFieldDesc@2@AEAVPxPhysicsInsertionCallback@2@@Z 0000000180003730 f   Cooking.obj
 0001:00002890       ?cookBVHStructure@Cooking@physx@@UEBA_NAEBVPxBVHStructureDesc@2@AEAVPxOutputStream@2@@Z 0000000180003890 f   Cooking.obj
 0001:00002940       ?createBVHStructure@Cooking@physx@@UEBAPEAVPxBVHStructure@2@AEBVPxBVHStructureDesc@2@AEAVPxPhysicsInsertionCallback@2@@Z 0000000180003940 f   Cooking.obj
 0001:000029f0       ?cookConvexMeshInternal@Cooking@physx@@AEBA_NAEBVPxConvexMeshDesc@2@AEAVConvexMeshBuilder@2@PEAVConvexHullLib@2@PEAW4Enum@PxConvexMeshCookingResult@2@@Z 00000001800039f0 f   Cooking.obj
 0001:00002ca0       ?cookTriangleMesh@Cooking@physx@@AEBA_NAEAVTriangleMeshBuilder@2@AEBVPxTriangleMeshDesc@2@AEAVPxOutputStream@2@PEAW4Enum@PxTriangleMeshCookingResult@2@@Z 0000000180003ca0 f   Cooking.obj
 0001:00002d40       ?createTriangleMesh@Cooking@physx@@AEBAPEAVPxTriangleMesh@2@AEAVTriangleMeshBuilder@2@AEBVPxTriangleMeshDesc@2@AEAVPxPhysicsInsertionCallback@2@PEAW4Enum@PxTriangleMeshCookingResult@2@@Z 0000000180003d40 f   Cooking.obj
 0001:00002df0       ??0DebugText@Cm@physx@@QEAA@$$QEAU012@@Z 0000000180003df0 f i Cooking.obj
 0001:00002ed0       ??0DebugText@Cm@physx@@QEAA@AEBU012@@Z 0000000180003ed0 f i Cooking.obj
 0001:00002fb0       ??0HeightFieldData@Gu@physx@@QEAA@$$QEAU012@@Z 0000000180003fb0 f i Cooking.obj
 0001:00003010       ??0HeightFieldData@Gu@physx@@QEAA@AEBU012@@Z 0000000180004010 f i Cooking.obj
 0001:00003070       ??0HeightFieldData@Gu@physx@@QEAA@W4PxEMPTY@2@@Z 0000000180004070 f i Cooking.obj
 0001:00003080       ??0HeightFieldData@Gu@physx@@QEAA@XZ 0000000180004080 f i Cooking.obj
 0001:00003090       ??0RenderOutput@Cm@physx@@QEAA@AEAVRenderBuffer@12@@Z 0000000180004090 f i Cooking.obj
 0001:000030e0       ??0RenderOutput@Cm@physx@@QEAA@AEBV012@@Z 00000001800040e0 f i Cooking.obj
 0001:00003180       ??1HeightFieldData@Gu@physx@@QEAA@XZ 0000000180004180 f i Cooking.obj
 0001:00003190       ??1PxBase@physx@@MEAA@XZ   0000000180004190 f i Cooking.obj
 0001:000031a0       ??1PxConvexMesh@physx@@MEAA@XZ 00000001800041a0 f i Cooking.obj
 0001:000031b0       ??1PxCooking@physx@@MEAA@XZ 00000001800041b0 f i Cooking.obj
 0001:000031c0       ??1PxHeightField@physx@@MEAA@XZ 00000001800041c0 f i Cooking.obj
 0001:000031d0       ??4DebugText@Cm@physx@@QEAAAEAU012@$$QEAU012@@Z 00000001800041d0 f i Cooking.obj
 0001:00003240       ??4DebugText@Cm@physx@@QEAAAEAU012@AEBU012@@Z 0000000180004240 f i Cooking.obj
 0001:000032b0       ??4FPUGuard@shdfnd@physx@@QEAAAEAV012@AEBV012@@Z 00000001800042b0 f i Cooking.obj
 0001:000032d0       ??4HeightFieldData@Gu@physx@@QEAAAEAU012@$$QEAU012@@Z 00000001800042d0 f i Cooking.obj
 0001:00003330       ??4HeightFieldData@Gu@physx@@QEAAAEAU012@AEBU012@@Z 0000000180004330 f i Cooking.obj
 0001:00003390       ??_ECooking@physx@@UEAAPEAXI@Z 0000000180004390 f i Cooking.obj
 0001:00003390       ??_GCooking@physx@@UEAAPEAXI@Z 0000000180004390 f i Cooking.obj
 0001:000033e0       ??_GPxBase@physx@@MEAAPEAXI@Z 00000001800043e0 f i Cooking.obj
 0001:000033e0       ??_EPxBase@physx@@MEAAPEAXI@Z 00000001800043e0 f i Cooking.obj
 0001:00003410       ??_GPxCooking@physx@@MEAAPEAXI@Z 0000000180004410 f i Cooking.obj
 0001:00003410       ??_EPxCooking@physx@@MEAAPEAXI@Z 0000000180004410 f i Cooking.obj
 0001:00003440       ?allocate@?$Array@UPxDebugLine@physx@@V?$ReflectionAllocator@UPxDebugLine@physx@@@shdfnd@2@@shdfnd@physx@@IEAAPEAUPxDebugLine@3@I@Z 0000000180004440 f i Cooking.obj
 0001:000034e0       ?copy@?$Array@UPxDebugLine@physx@@V?$ReflectionAllocator@UPxDebugLine@physx@@@shdfnd@2@@shdfnd@physx@@KAXPEAUPxDebugLine@3@0PEBU43@@Z 00000001800044e0 f i Cooking.obj
 0001:00003690       ?getConcreteTypeName@PxConvexMesh@physx@@UEBAPEBDXZ 0000000180004690 f i Cooking.obj
 0001:000036a0       ?getConcreteTypeName@PxHeightField@physx@@UEBAPEBDXZ 00000001800046a0 f i Cooking.obj
 0001:000036b0       ?getConvexEdgeThreshold@HeightField@Gu@physx@@UEBAMXZ 00000001800046b0 f i Cooking.obj
 0001:000036c0       ?getFlags@HeightField@Gu@physx@@UEBA?AV?$PxFlags@W4Enum@PxHeightFieldFlag@physx@@G@3@XZ 00000001800046c0 f i Cooking.obj
 0001:000036d0       ?getFormat@HeightField@Gu@physx@@UEBA?AW4Enum@PxHeightFieldFormat@3@XZ 00000001800046d0 f i Cooking.obj
 0001:000036e0       ?getHeight@HeightField@Gu@physx@@UEBAMMM@Z 00000001800046e0 f i Cooking.obj
 0001:00003720       ?getHeightInternal2@HeightField@Gu@physx@@QEBAMIMM@Z 0000000180004720 f i Cooking.obj
 0001:00003890       ?getIndexBuffer@ConvexMesh@Gu@physx@@UEBAPEBEXZ 0000000180004890 f i Cooking.obj
 0001:000038d0       ?getNbColumns@HeightField@Gu@physx@@UEBAIXZ 00000001800048d0 f i Cooking.obj
 0001:000038e0       ?getNbPolygons@ConvexMesh@Gu@physx@@UEBAIXZ 00000001800048e0 f i Cooking.obj
 0001:000038f0       ?getNbRows@HeightField@Gu@physx@@UEBAIXZ 00000001800048f0 f i Cooking.obj
 0001:00003900       ?getNbVertices@ConvexMesh@Gu@physx@@UEBAIXZ 0000000180004900 f i Cooking.obj
 0001:00003910       ?getPaddedBounds@HeightFieldData@Gu@physx@@QEBAAEBVCenterExtentsPadded@23@XZ 0000000180004910 f i Cooking.obj
 0001:00003920       ?getSample@HeightField@Gu@physx@@UEBAAEBUPxHeightFieldSample@3@II@Z 0000000180004920 f i Cooking.obj
 0001:00003930       ?getSampleStride@HeightField@Gu@physx@@UEBAIXZ 0000000180004930 f i Cooking.obj
 0001:00003940       ?getTimestamp@HeightField@Gu@physx@@UEBAIXZ 0000000180004940 f i Cooking.obj
 0001:00003950       ?getTriangleMaterialIndex@HeightField@Gu@physx@@UEBAGI@Z 0000000180004950 f i Cooking.obj
 0001:00003980       ?getTriangleNormal@HeightField@Gu@physx@@UEBA?AVPxVec3@3@I@Z 0000000180004980 f i Cooking.obj
 0001:00003a80       ?getVertices@ConvexMesh@Gu@physx@@UEBAPEBVPxVec3@3@XZ 0000000180004a80 f i Cooking.obj
 0001:00003aa0       ?isKindOf@PxBase@physx@@MEBA_NPEBD@Z 0000000180004aa0 f i Cooking.obj
 0001:00003ad0       ?isKindOf@PxConvexMesh@physx@@MEBA_NPEBD@Z 0000000180004ad0 f i Cooking.obj
 0001:00003b20       ?isKindOf@PxHeightField@physx@@MEBA_NPEBD@Z 0000000180004b20 f i Cooking.obj
 0001:00003b70       ?isReleasable@PxBase@physx@@UEBA_NXZ 0000000180004b70 f i Cooking.obj
 0001:00003b80       ?outputSegment@RenderOutput@Cm@physx@@QEAAXAEBVPxVec3@3@0@Z 0000000180004b80 f i Cooking.obj
 0001:00003c40       ?preExportDataReset@ConvexMesh@Gu@physx@@QEAAXXZ 0000000180004c40 f i Cooking.obj
 0001:00003c50       ?preExportDataReset@HeightField@Gu@physx@@QEAAXXZ 0000000180004c50 f i Cooking.obj
 0001:00003c60       ?recreate@?$Array@UPxDebugLine@physx@@V?$ReflectionAllocator@UPxDebugLine@physx@@@shdfnd@2@@shdfnd@physx@@IEAAXI@Z 0000000180004c60 f i Cooking.obj
 0001:00003ce0       ?reserveSegments@RenderOutput@Cm@physx@@QEAAPEAUPxDebugLine@3@I@Z 0000000180004ce0 f i Cooking.obj
 0001:00003d50       ??0ReducedVertexCloud@physx@@QEAA@PEBVPxVec3@1@I@Z 0000000180004d50 f   CookingUtils.obj
 0001:00003d70       ??1ReducedVertexCloud@physx@@QEAA@XZ 0000000180004d70 f   CookingUtils.obj
 0001:00003d80       ?Clean@ReducedVertexCloud@physx@@QEAAAEAV12@XZ 0000000180004d80 f   CookingUtils.obj
 0001:00003df0       ?Reduce@ReducedVertexCloud@physx@@QEAA_NPEAUREDUCEDCLOUD@2@@Z 0000000180004df0 f   CookingUtils.obj
 0001:00004110       ??0EdgeList@Gu@physx@@QEAA@XZ 0000000180005110 f   EdgeList.obj
 0001:00004130       ??1EdgeList@Gu@physx@@QEAA@XZ 0000000180005130 f   EdgeList.obj
 0001:000041e0       ?load@EdgeList@Gu@physx@@QEAA_NAEAVPxInputStream@3@@Z 00000001800051e0 f   EdgeList.obj
 0001:000043d0       ??0EdgeListBuilder@Gu@physx@@QEAA@XZ 00000001800053d0 f   EdgeList.obj
 0001:000043f0       ??1EdgeListBuilder@Gu@physx@@QEAA@XZ 00000001800053f0 f   EdgeList.obj
 0001:00004400       ?init@EdgeListBuilder@Gu@physx@@QEAA_NAEBUEDGELISTCREATE@23@@Z 0000000180005400 f   EdgeList.obj
 0001:00004540       ?createFacesToEdges@EdgeListBuilder@Gu@physx@@AEAA_NIPEBIPEBG@Z 0000000180005540 f   EdgeList.obj
 0001:000049a0       ?createEdgesToFaces@EdgeListBuilder@Gu@physx@@AEAA_NIPEBIPEBG@Z 00000001800059a0 f   EdgeList.obj
 0001:00004c00       ?computeActiveEdges@EdgeListBuilder@Gu@physx@@AEAA_NIPEBIPEBGPEBVPxVec3@3@M@Z 0000000180005c00 f   EdgeList.obj
 0001:00006140       ??$?_UI@@YAPEAX_KV?$ReflectionAllocator@I@shdfnd@physx@@PEBDH@Z 0000000180007140 f i EdgeList.obj
 0001:000061e0       ??0PxVec3@physx@@QEAA@XZ   00000001800071e0 f i EdgeList.obj
 0001:00006240       ??0MeshCleaner@physx@@QEAA@IPEBVPxVec3@1@IPEBIM@Z 0000000180007240 f   MeshCleaner.obj
 0001:00006bd0       ??1MeshCleaner@physx@@QEAA@XZ 0000000180007bd0 f   MeshCleaner.obj
 0001:00006c60       ?createQuantizer@physx@@YAPEAVQuantizer@1@XZ 0000000180007c60 f   Quantizer.obj
 0001:00006d10       ?kmeans_cluster3d@@YAIPEBVPxVec3@physx@@IIPEAV12@PEAIMM@Z 0000000180007d10 f   Quantizer.obj
 0001:00006d20       ??$kmeans_cluster@VPxVec3@physx@@M@@YAIPEBVPxVec3@physx@@IIPEAV01@PEAIMM@Z 0000000180007d20 f i Quantizer.obj
 0001:00007600       ??1Quantizer@physx@@MEAA@XZ 0000000180008600 f i Quantizer.obj
 0001:00007610       ??1QuantizerImpl@@EEAA@XZ  0000000180008610 f i Quantizer.obj
 0001:00007690       ??_EQuantizer@physx@@MEAAPEAXI@Z 0000000180008690 f i Quantizer.obj
 0001:00007690       ??_GQuantizer@physx@@MEAAPEAXI@Z 0000000180008690 f i Quantizer.obj
 0001:000076c0       ??_EQuantizerImpl@@EEAAPEAXI@Z 00000001800086c0 f i Quantizer.obj
 0001:000076c0       ??_GQuantizerImpl@@EEAAPEAXI@Z 00000001800086c0 f i Quantizer.obj
 0001:00007790       ?getDenormalizeCenter@QuantizerImpl@@UEBAAEBVPxVec3@physx@@XZ 0000000180008790 f i Quantizer.obj
 0001:000077a0       ?getDenormalizeScale@QuantizerImpl@@UEBAAEBVPxVec3@physx@@XZ 00000001800087a0 f i Quantizer.obj
 0001:000077b0       ?growAndPushBack@?$Array@VPxVec3@physx@@V?$ReflectionAllocator@VPxVec3@physx@@@shdfnd@2@@shdfnd@physx@@IEAAAEAVPxVec3@3@AEBV43@@Z 00000001800087b0 f i Quantizer.obj
 0001:00007990       ?kmeansQuantize3D@QuantizerImpl@@UEAAPEBVPxVec3@physx@@IPEBV23@I_NIAEAI@Z 0000000180008990 f i Quantizer.obj
 0001:00007bf0       ?normalizeInput@QuantizerImpl@@AEAAXIPEBVPxVec3@physx@@I@Z 0000000180008bf0 f i Quantizer.obj
 0001:00008030       ?release@QuantizerImpl@@UEAAXXZ 0000000180009030 f i Quantizer.obj
 0001:00008050       ??0BVHStructureBuilder@physx@@QEAA@XZ 0000000180009050 f   BVHStructureBuilder.obj
 0001:00008070       ??1BVHStructureBuilder@physx@@QEAA@XZ 0000000180009070 f   BVHStructureBuilder.obj
 0001:00008100       ?loadFromDesc@BVHStructureBuilder@physx@@QEAA_NAEBVPxBVHStructureDesc@2@@Z 0000000180009100 f   BVHStructureBuilder.obj
 0001:000084a0       ?save@BVHStructureBuilder@physx@@QEBA_NAEAVPxOutputStream@2@_N@Z 00000001800094a0 f   BVHStructureBuilder.obj
 0001:00008630       ?moveData@BVHStructureBuilder@physx@@QEAAXAEAUBVHStructureData@Gu@2@@Z 0000000180009630 f   BVHStructureBuilder.obj
 0001:00008670       ?flatten@@YAXAEBVNodeAllocator@Gu@physx@@PEAUBVHNode@23@@Z 0000000180009670 f   BVHStructureBuilder.obj
 0001:00008820       ??$copy@V?$ReflectionAllocator@USlab@NodeAllocator@Gu@physx@@@shdfnd@physx@@@?$Array@USlab@NodeAllocator@Gu@physx@@V?$ReflectionAllocator@USlab@NodeAllocator@Gu@physx@@@shdfnd@4@@shdfnd@physx@@IEAAXAEBV012@@Z 0000000180009820 f i BVHStructureBuilder.obj
 0001:000088a0       ??0AABBTreeBuildNode@Gu@physx@@QEAA@AEBV012@@Z 00000001800098a0 f i BVHStructureBuilder.obj
 0001:000088e0       ??0AABBTreeBuildNode@Gu@physx@@QEAA@XZ 00000001800098e0 f i BVHStructureBuilder.obj
 0001:000088f0       ??0AABBTreeBuildParams@Gu@physx@@QEAA@IIPEBVPxBounds3@2@@Z 00000001800098f0 f i BVHStructureBuilder.obj
 0001:00008910       ??0BuildStats@Gu@physx@@QEAA@XZ 0000000180009910 f i BVHStructureBuilder.obj
 0001:00008920       ??0NodeAllocator@Gu@physx@@QEAA@AEBV012@@Z 0000000180009920 f i BVHStructureBuilder.obj
 0001:00008960       ??1AABBTreeBuildNode@Gu@physx@@QEAA@XZ 0000000180009960 f i BVHStructureBuilder.obj
 0001:00008970       ??1AABBTreeBuildParams@Gu@physx@@QEAA@XZ 0000000180009970 f i BVHStructureBuilder.obj
 0001:000089d0       ??4AABBTreeBuildNode@Gu@physx@@QEAAAEAV012@AEBV012@@Z 00000001800099d0 f i BVHStructureBuilder.obj
 0001:00008a10       ??4AABBTreeBuildParams@Gu@physx@@QEAAAEAV012@AEBV012@@Z 0000000180009a10 f i BVHStructureBuilder.obj
 0001:00008a30       ??4BuildStats@Gu@physx@@QEAAAEAU012@$$QEAU012@@Z 0000000180009a30 f i BVHStructureBuilder.obj
 0001:00008a40       ??4BuildStats@Gu@physx@@QEAAAEAU012@AEBU012@@Z 0000000180009a40 f i BVHStructureBuilder.obj
 0001:00008a50       ??4NodeAllocator@Gu@physx@@QEAAAEAV012@AEBV012@@Z 0000000180009a50 f i BVHStructureBuilder.obj
 0001:00008b00       ??_FAABBTreeBuildParams@Gu@physx@@QEAAXXZ 0000000180009b00 f i BVHStructureBuilder.obj
 0001:00008b20       ?__global_array_delete@@YAXPEAX@Z 0000000180009b20 f i BVHStructureBuilder.obj
 0001:00008b30       ?__global_array_delete@@YAXPEAX_K@Z 0000000180009b30 f i BVHStructureBuilder.obj
 0001:00008b40       ?__global_delete@@YAXPEAX@Z 0000000180009b40 f i BVHStructureBuilder.obj
 0001:00008b50       ?__global_delete@@YAXPEAX_K@Z 0000000180009b50 f i BVHStructureBuilder.obj
 0001:00008b60       ?allocate@?$Array@USlab@NodeAllocator@Gu@physx@@V?$ReflectionAllocator@USlab@NodeAllocator@Gu@physx@@@shdfnd@4@@shdfnd@physx@@IEAAPEAUSlab@NodeAllocator@Gu@3@I@Z 0000000180009b60 f i BVHStructureBuilder.obj
 0001:00008c00       ?getAABB@AABBTreeBuildNode@Gu@physx@@QEBAAEBVPxBounds3@3@XZ 0000000180009c00 f i BVHStructureBuilder.obj
 0001:00008c10       ?getCount@BuildStats@Gu@physx@@QEBAIXZ 0000000180009c10 f i BVHStructureBuilder.obj
 0001:00008c20       ?getNbPrimitives@AABBTreeBuildNode@Gu@physx@@QEBAIXZ 0000000180009c20 f i BVHStructureBuilder.obj
 0001:00008c30       ?getNbRuntimePrimitives@AABBTreeBuildNode@Gu@physx@@QEBAIXZ 0000000180009c30 f i BVHStructureBuilder.obj
 0001:00008c40       ?getNeg@AABBTreeBuildNode@Gu@physx@@QEBAPEBV123@XZ 0000000180009c40 f i BVHStructureBuilder.obj
 0001:00008c60       ?getPos@AABBTreeBuildNode@Gu@physx@@QEBAPEBV123@XZ 0000000180009c60 f i BVHStructureBuilder.obj
 0001:00008c70       ?getPrimitives@AABBTreeBuildNode@Gu@physx@@QEAAPEAIPEAI@Z 0000000180009c70 f i BVHStructureBuilder.obj
 0001:00008c80       ?getPrimitives@AABBTreeBuildNode@Gu@physx@@QEBAPEBIPEBI@Z 0000000180009c80 f i BVHStructureBuilder.obj
 0001:00008c90       ?increaseCount@BuildStats@Gu@physx@@QEAAXI@Z 0000000180009c90 f i BVHStructureBuilder.obj
 0001:00008ca0       ?isLeaf@AABBTreeBuildNode@Gu@physx@@QEBA_NXZ 0000000180009ca0 f i BVHStructureBuilder.obj
 0001:00008cb0       ?recreate@?$Array@USlab@NodeAllocator@Gu@physx@@V?$ReflectionAllocator@USlab@NodeAllocator@Gu@physx@@@shdfnd@4@@shdfnd@physx@@IEAAXI@Z 0000000180009cb0 f i BVHStructureBuilder.obj
 0001:00008d60       ?reset@AABBTreeBuildParams@Gu@physx@@QEAAXXZ 0000000180009d60 f i BVHStructureBuilder.obj
 0001:00008dc0       ?reset@BuildStats@Gu@physx@@QEAAXXZ 0000000180009dc0 f i BVHStructureBuilder.obj
 0001:00008dd0       ?setCount@BuildStats@Gu@physx@@QEAAXI@Z 0000000180009dd0 f i BVHStructureBuilder.obj
 0001:00008de0       ?setNbRunTimePrimitives@AABBTreeBuildNode@Gu@physx@@QEAAXI@Z 0000000180009de0 f i BVHStructureBuilder.obj
 0001:00008df0       ?saveHeightField@physx@@YA_NAEBVHeightField@Gu@1@AEAVPxOutputStream@1@_N@Z 0000000180009df0 f   HeightFieldCooking.obj
 0001:00009030       ?buildFromTriangles@RTreeCooker@physx@@SAXAEAURTree@Gu@2@PEBVPxVec3@2@IPEBGPEBIIAEAV?$Array@IV?$ReflectionAllocator@I@shdfnd@physx@@@shdfnd@2@PEAURemapCallback@12@MW4Enum@PxMeshCookingHint@2@@Z 000000018000a030 f   RTreeCooking.obj
 0001:000092f0       ??$partition@UBoundsLTE@physx@@@quickSelect@physx@@YAIPEIAIIIIAEBUBoundsLTE@1@@Z 000000018000a2f0 f i RTreeCooking.obj
 0001:00009490       ??$quickSelectFirstK@UBoundsLTE@physx@@@quickSelect@physx@@YAXPEIAIIIIAEBUBoundsLTE@1@@Z 000000018000a490 f i RTreeCooking.obj
 0001:00009680       ??$smallSort@I$$CBUSortBoundsPredicate@physx@@@internal@shdfnd@physx@@YAXPEAIHHAEBUSortBoundsPredicate@2@@Z 000000018000a680 f i RTreeCooking.obj
 0001:00009950       ??$sort@I@shdfnd@physx@@YAXPEAII@Z 000000018000a950 f i RTreeCooking.obj
 0001:00009970       ??$sort@IU?$Less@I@shdfnd@physx@@V?$ReflectionAllocator@I@23@@shdfnd@physx@@YAXPEAIIAEBU?$Less@I@01@AEBV?$ReflectionAllocator@I@01@I@Z 000000018000a970 f i RTreeCooking.obj
 0001:00009d90       ??$sort@IUSortBoundsPredicate@physx@@@shdfnd@physx@@YAXPEAIIAEBUSortBoundsPredicate@1@@Z 000000018000ad90 f i RTreeCooking.obj
 0001:00009db0       ??$sort@IUSortBoundsPredicate@physx@@V?$ReflectionAllocator@I@shdfnd@2@@shdfnd@physx@@YAXPEAIIAEBUSortBoundsPredicate@1@AEBV?$ReflectionAllocator@I@01@I@Z 000000018000adb0 f i RTreeCooking.obj
 0001:0000a260       ?allocate@?$Array@UInterval@physx@@V?$InlineAllocator@$0CAAA@V?$ReflectionAllocator@UInterval@physx@@@shdfnd@physx@@@shdfnd@2@@shdfnd@physx@@IEAAPEAUInterval@3@I@Z 000000018000b260 f i RTreeCooking.obj
 0001:0000a320       ?allocate@?$Array@UPxBounds3V@physx@@V?$ReflectionAllocator@UPxBounds3V@physx@@@shdfnd@2@@shdfnd@physx@@IEAAPEAUPxBounds3V@3@I@Z 000000018000b320 f i RTreeCooking.obj
 0001:0000a3c0       ?allocate@?$Array@URTreeNodeNQ@physx@@V?$ReflectionAllocator@URTreeNodeNQ@physx@@@shdfnd@2@@shdfnd@physx@@IEAAPEAURTreeNodeNQ@3@I@Z 000000018000b3c0 f i RTreeCooking.obj
 0001:0000a460       ?allocate@?$Array@URTreeNodeQ@Gu@physx@@V?$ReflectionAllocator@URTreeNodeQ@Gu@physx@@@shdfnd@3@@shdfnd@physx@@IEAAPEAURTreeNodeQ@Gu@3@I@Z 000000018000b460 f i RTreeCooking.obj
 0001:0000a500       ?allocate@?$Array@VPxVec3@physx@@V?$ReflectionAllocator@VPxVec3@physx@@@shdfnd@2@@shdfnd@physx@@IEAAPEAVPxVec3@3@I@Z 000000018000b500 f i RTreeCooking.obj
 0001:0000a5a0       ?allocate@?$ReflectionAllocator@I@shdfnd@physx@@QEAAPEAX_KPEBDH@Z 000000018000b5a0 f i RTreeCooking.obj
 0001:0000b250       ?copy@?$Array@URTreeNodeNQ@physx@@V?$ReflectionAllocator@URTreeNodeNQ@physx@@@shdfnd@2@@shdfnd@physx@@KAXPEAURTreeNodeNQ@3@0PEBU43@@Z 000000018000c250 f i RTreeCooking.obj
 0001:0000b410       ?copy@?$Array@VPxVec3@physx@@V?$ReflectionAllocator@VPxVec3@physx@@@shdfnd@2@@shdfnd@physx@@KAXPEAVPxVec3@3@0PEBV43@@Z 000000018000c410 f i RTreeCooking.obj
 0001:0000b4e0       ?growAndPushBack@?$Array@IV?$ReflectionAllocator@I@shdfnd@physx@@@shdfnd@physx@@IEAAAEAIAEBI@Z 000000018000c4e0 f i RTreeCooking.obj
 0001:0000b5d0       ?growAndPushBack@?$Array@UInterval@physx@@V?$InlineAllocator@$0CAAA@V?$ReflectionAllocator@UInterval@physx@@@shdfnd@physx@@@shdfnd@2@@shdfnd@physx@@IEAAAEAUInterval@3@AEBU43@@Z 000000018000c5d0 f i RTreeCooking.obj
 0001:0000b6d0       ?growAndPushBack@?$Array@UPxBounds3V@physx@@V?$ReflectionAllocator@UPxBounds3V@physx@@@shdfnd@2@@shdfnd@physx@@IEAAAEAUPxBounds3V@3@AEBU43@@Z 000000018000c6d0 f i RTreeCooking.obj
 0001:0000b7a0       ?growAndPushBack@?$Array@URTreeNodeNQ@physx@@V?$ReflectionAllocator@URTreeNodeNQ@physx@@@shdfnd@2@@shdfnd@physx@@IEAAAEAURTreeNodeNQ@3@AEBU43@@Z 000000018000c7a0 f i RTreeCooking.obj
 0001:0000b890       ?growAndPushBack@?$Array@URTreeNodeQ@Gu@physx@@V?$ReflectionAllocator@URTreeNodeQ@Gu@physx@@@shdfnd@3@@shdfnd@physx@@IEAAAEAURTreeNodeQ@Gu@3@AEBU453@@Z 000000018000c890 f i RTreeCooking.obj
 0001:0000b970       ?recreate@?$Array@IV?$ReflectionAllocator@I@shdfnd@physx@@@shdfnd@physx@@IEAAXI@Z 000000018000c970 f i RTreeCooking.obj
 0001:0000ba50       ?recreate@?$Array@UPxBounds3V@physx@@V?$ReflectionAllocator@UPxBounds3V@physx@@@shdfnd@2@@shdfnd@physx@@IEAAXI@Z 000000018000ca50 f i RTreeCooking.obj
 0001:0000bb00       ?recreate@?$Array@URTreeNodeNQ@physx@@V?$ReflectionAllocator@URTreeNodeNQ@physx@@@shdfnd@2@@shdfnd@physx@@IEAAXI@Z 000000018000cb00 f i RTreeCooking.obj
 0001:0000bb80       ?recreate@?$Array@URTreeNodeQ@Gu@physx@@V?$ReflectionAllocator@URTreeNodeQ@Gu@physx@@@shdfnd@3@@shdfnd@physx@@IEAAXI@Z 000000018000cb80 f i RTreeCooking.obj
 0001:0000bc40       ?recreate@?$Array@VPxVec3@physx@@V?$ReflectionAllocator@VPxVec3@physx@@@shdfnd@2@@shdfnd@physx@@IEAAXI@Z 000000018000cc40 f i RTreeCooking.obj
 0001:0000bcc0       ?resize@?$Array@IV?$ReflectionAllocator@I@shdfnd@physx@@@shdfnd@physx@@QEAAXIAEBI@Z 000000018000ccc0 f i RTreeCooking.obj
 0001:0000bda0       ?resizeUninitialized@?$Array@URTreeNodeNQ@physx@@V?$ReflectionAllocator@URTreeNodeNQ@physx@@@shdfnd@2@@shdfnd@physx@@QEAAXI@Z 000000018000cda0 f i RTreeCooking.obj
 0001:0000bde0       ?sort4@SubSortQuick@physx@@QEAAXPEIAIIAEAV?$Array@URTreeNodeNQ@physx@@V?$ReflectionAllocator@URTreeNodeNQ@physx@@@shdfnd@2@@shdfnd@2@AEAIAEAUPxBounds3V@2@I@Z 000000018000cde0 f i RTreeCooking.obj
 0001:0000c170       ?sort4@SubSortSAH@physx@@QEAAXPEAIIAEAV?$Array@URTreeNodeNQ@physx@@V?$ReflectionAllocator@URTreeNodeNQ@physx@@@shdfnd@2@@shdfnd@2@AEAIIPEAURTreeNodeNQ@2@@Z 000000018000d170 f i RTreeCooking.obj
 0001:0000c850       ?split@SubSortSAH@physx@@QEAAIPEAII@Z 000000018000d850 f i RTreeCooking.obj
 0001:0000cfb0       ?computeLocalBounds@MeshBulider@physx@@IEAAXAEAVMeshDataBase@Gu@2@@Z 000000018000dfb0 f   MeshBuilder.obj
 0001:0000d040       ??0TriangleMeshBuilder@physx@@QEAA@AEAVTriangleMeshData@Gu@1@AEBUPxCookingParams@1@@Z 000000018000e040 f   TriangleMeshBuilder.obj
 0001:0000d070       ??1TriangleMeshBuilder@physx@@UEAA@XZ 000000018000e070 f   TriangleMeshBuilder.obj
 0001:0000d0e0       ?cleanMesh@TriangleMeshBuilder@physx@@QEAA_N_NPEAW4Enum@PxTriangleMeshCookingResult@2@@Z 000000018000e0e0 f   TriangleMeshBuilder.obj
 0001:0000d5e0       ?remapTopology@TriangleMeshBuilder@physx@@QEAAXPEBI@Z 000000018000e5e0 f   TriangleMeshBuilder.obj
 0001:0000d8e0       ?createSharedEdgeData@TriangleMeshBuilder@physx@@QEAAX_N0@Z 000000018000e8e0 f   TriangleMeshBuilder.obj
 0001:0000dda0       ?recordTriangleIndices@TriangleMeshBuilder@physx@@QEAAXXZ 000000018000eda0 f   TriangleMeshBuilder.obj
 0001:0000dea0       ?createGRBMidPhaseAndData@TriangleMeshBuilder@physx@@QEAAXI@Z 000000018000eea0 f   TriangleMeshBuilder.obj
 0001:0000e130       ?createGRBData@TriangleMeshBuilder@physx@@QEAAXXZ 000000018000f130 f   TriangleMeshBuilder.obj
 0001:0000e230       ?loadFromDesc@TriangleMeshBuilder@physx@@QEAA_NAEBVPxTriangleMeshDesc@2@PEAW4Enum@PxTriangleMeshCookingResult@2@_N@Z 000000018000f230 f   TriangleMeshBuilder.obj
 0001:0000e6b0       ?save@TriangleMeshBuilder@physx@@QEBA_NAEAVPxOutputStream@2@_NAEBUPxCookingParams@2@@Z 000000018000f6b0 f   TriangleMeshBuilder.obj
 0001:0000ec80       ?checkMeshIndicesSize@TriangleMeshBuilder@physx@@QEAAXXZ 000000018000fc80 f   TriangleMeshBuilder.obj
 0001:0000ed90       ?importMesh@TriangleMeshBuilder@physx@@IEAA_NAEBVPxTriangleMeshDesc@2@AEBUPxCookingParams@2@PEAW4Enum@PxTriangleMeshCookingResult@2@_N@Z 000000018000fd90 f   TriangleMeshBuilder.obj
 0001:0000f110       ?releaseEdgeList@TriangleMeshBuilder@physx@@IEAAXXZ 0000000180010110 f   TriangleMeshBuilder.obj
 0001:0000f170       ?createEdgeList@TriangleMeshBuilder@physx@@IEAAXXZ 0000000180010170 f   TriangleMeshBuilder.obj
 0001:0000f290       ??0RTreeTriangleMeshBuilder@physx@@QEAA@AEBUPxCookingParams@1@@Z 0000000180010290 f   TriangleMeshBuilder.obj
 0001:0000f350       ??1RTreeTriangleMeshBuilder@physx@@UEAA@XZ 0000000180010350 f   TriangleMeshBuilder.obj
 0001:0000f380       ?createMidPhaseStructure@RTreeTriangleMeshBuilder@physx@@UEAAXXZ 0000000180010380 f   TriangleMeshBuilder.obj
 0001:0000f460       ?saveMidPhaseStructure@RTreeTriangleMeshBuilder@physx@@UEBAXAEAVPxOutputStream@2@_N@Z 0000000180010460 f   TriangleMeshBuilder.obj
 0001:0000f6a0       ??0BV4TriangleMeshBuilder@physx@@QEAA@AEBUPxCookingParams@1@@Z 00000001800106a0 f   TriangleMeshBuilder.obj
 0001:0000f770       ??1BV4TriangleMeshBuilder@physx@@UEAA@XZ 0000000180010770 f   TriangleMeshBuilder.obj
 0001:0000f7d0       ?createMidPhaseStructure@BV4TriangleMeshBuilder@physx@@UEAAXXZ 00000001800107d0 f   TriangleMeshBuilder.obj
 0001:0000faa0       ?saveMidPhaseStructure@BV4TriangleMeshBuilder@physx@@UEBAXAEAVPxOutputStream@2@_N@Z 0000000180010aa0 f   TriangleMeshBuilder.obj
 0001:0000fc40       ?onMeshIndexFormatChange@BV4TriangleMeshBuilder@physx@@UEAAXXZ 0000000180010c40 f   TriangleMeshBuilder.obj
 0001:0000fc80       ?createMidPhaseStructure@BV32TriangleMeshBuilder@physx@@SAXAEBUPxCookingParams@2@AEAVTriangleMeshData@Gu@2@AEAVBV32Tree@52@@Z 0000000180010c80 f   TriangleMeshBuilder.obj
 0001:0000fe60       ?saveMidPhaseStructure@BV32TriangleMeshBuilder@physx@@SAXPEAVBV32Tree@Gu@2@AEAVPxOutputStream@2@_N@Z 0000000180010e60 f   TriangleMeshBuilder.obj
 0001:00010000       ?findSharpVertices@GrbTrimeshCookerHelper@physx@@YAXAEAV?$Array@USortedNeighbor@GrbTrimeshCookerHelper@physx@@V?$ReflectionAllocator@USortedNeighbor@GrbTrimeshCookerHelper@physx@@@shdfnd@3@@shdfnd@2@AEAV?$Array@USharpEdgeRange@GrbTrimeshCookerHelper@physx@@V?$ReflectionAllocator@USharpEdgeRange@GrbTrimeshCookerHelper@physx@@@shdfnd@3@@42@PEBUuint3@2@PEBUuint4@2@II@Z 0000000180011000 f   TriangleMeshBuilder.obj
 0001:000103a0       ?buildVertexConnectionNew_p1@GrbTrimeshCookerHelper@physx@@YAIAEAV?$Array@USortedNeighbor@GrbTrimeshCookerHelper@physx@@V?$ReflectionAllocator@USortedNeighbor@GrbTrimeshCookerHelper@physx@@@shdfnd@3@@shdfnd@2@AEAV?$Array@USharpEdgeRange@GrbTrimeshCookerHelper@physx@@V?$ReflectionAllocator@USharpEdgeRange@GrbTrimeshCookerHelper@physx@@@shdfnd@3@@42@PEBUuint3@2@PEBUuint4@2@II@Z 00000001800113a0 f   TriangleMeshBuilder.obj
 0001:00010550       ?buildVertexConnectionNew_p2@GrbTrimeshCookerHelper@physx@@YAXPEAI00AEAV?$Array@USortedNeighbor@GrbTrimeshCookerHelper@physx@@V?$ReflectionAllocator@USortedNeighbor@GrbTrimeshCookerHelper@physx@@@shdfnd@3@@shdfnd@2@AEAV?$Array@USharpEdgeRange@GrbTrimeshCookerHelper@physx@@V?$ReflectionAllocator@USharpEdgeRange@GrbTrimeshCookerHelper@physx@@@shdfnd@3@@42@I@Z 0000000180011550 f   TriangleMeshBuilder.obj
 0001:00010600       ??$?_UG@@YAPEAX_KV?$ReflectionAllocator@G@shdfnd@physx@@PEBDH@Z 0000000180011600 f i TriangleMeshBuilder.obj
 0001:000106a0       ??$median3@USortedNeighbor@GrbTrimeshCookerHelper@physx@@$$CBU?$Less@USortedNeighbor@GrbTrimeshCookerHelper@physx@@@shdfnd@3@@internal@shdfnd@physx@@YAXPEAUSortedNeighbor@GrbTrimeshCookerHelper@2@HHAEBU?$Less@USortedNeighbor@GrbTrimeshCookerHelper@physx@@@12@@Z 00000001800116a0 f i TriangleMeshBuilder.obj
 0001:000107d0       ??$sort@UEdgeTriLookup@physx@@@shdfnd@physx@@YAXPEAUEdgeTriLookup@1@I@Z 00000001800117d0 f i TriangleMeshBuilder.obj
 0001:000107f0       ??$sort@UEdgeTriLookup@physx@@U?$Less@UEdgeTriLookup@physx@@@shdfnd@2@V?$ReflectionAllocator@UEdgeTriLookup@physx@@@42@@shdfnd@physx@@YAXPEAUEdgeTriLookup@1@IAEBU?$Less@UEdgeTriLookup@physx@@@01@AEBV?$ReflectionAllocator@UEdgeTriLookup@physx@@@01@I@Z 00000001800117f0 f i TriangleMeshBuilder.obj
 0001:00010d40       ??$sort@USortedNeighbor@GrbTrimeshCookerHelper@physx@@@shdfnd@physx@@YAXPEAUSortedNeighbor@GrbTrimeshCookerHelper@1@I@Z 0000000180011d40 f i TriangleMeshBuilder.obj
 0001:00010d60       ??$sort@USortedNeighbor@GrbTrimeshCookerHelper@physx@@U?$Less@USortedNeighbor@GrbTrimeshCookerHelper@physx@@@shdfnd@3@V?$ReflectionAllocator@USortedNeighbor@GrbTrimeshCookerHelper@physx@@@53@@shdfnd@physx@@YAXPEAUSortedNeighbor@GrbTrimeshCookerHelper@1@IAEBU?$Less@USortedNeighbor@GrbTrimeshCookerHelper@physx@@@01@AEBV?$ReflectionAllocator@USortedNeighbor@GrbTrimeshCookerHelper@physx@@@01@I@Z 0000000180011d60 f i TriangleMeshBuilder.obj
 0001:00011250       ??0PxVec4@physx@@QEAA@XZ   0000000180012250 f i TriangleMeshBuilder.obj
 0001:00011260       ??1BV4TriangleData@Gu@physx@@UEAA@XZ 0000000180012260 f i TriangleMeshBuilder.obj
 0001:000112a0       ??1MeshDataBase@Gu@physx@@UEAA@XZ 00000001800122a0 f i TriangleMeshBuilder.obj
 0001:00011380       ??1RTreeTriangleData@Gu@physx@@UEAA@XZ 0000000180012380 f i TriangleMeshBuilder.obj
 0001:000113f0       ??1RemapCallback@RTreeCooker@physx@@UEAA@XZ 00000001800123f0 f i TriangleMeshBuilder.obj
 0001:00011400       ??1TriangleMeshData@Gu@physx@@UEAA@XZ 0000000180012400 f i TriangleMeshBuilder.obj
 0001:000114d0       ??_EBV4TriangleData@Gu@physx@@UEAAPEAXI@Z 00000001800124d0 f i TriangleMeshBuilder.obj
 0001:000114d0       ??_GBV4TriangleData@Gu@physx@@UEAAPEAXI@Z 00000001800124d0 f i TriangleMeshBuilder.obj
 0001:00011550       ??_EBV4TriangleMeshBuilder@physx@@UEAAPEAXI@Z 0000000180012550 f i TriangleMeshBuilder.obj
 0001:00011550       ??_GBV4TriangleMeshBuilder@physx@@UEAAPEAXI@Z 0000000180012550 f i TriangleMeshBuilder.obj
 0001:000115d0       ??_EMeshDataBase@Gu@physx@@UEAAPEAXI@Z 00000001800125d0 f i TriangleMeshBuilder.obj
 0001:000115d0       ??_GMeshDataBase@Gu@physx@@UEAAPEAXI@Z 00000001800125d0 f i TriangleMeshBuilder.obj
 0001:00011630       ??_GRTreeCookerRemap@physx@@UEAAPEAXI@Z 0000000180012630 f i TriangleMeshBuilder.obj
 0001:00011630       ??_ERTreeCookerRemap@physx@@UEAAPEAXI@Z 0000000180012630 f i TriangleMeshBuilder.obj
 0001:00011660       ??_GRTreeTriangleData@Gu@physx@@UEAAPEAXI@Z 0000000180012660 f i TriangleMeshBuilder.obj
 0001:00011660       ??_ERTreeTriangleData@Gu@physx@@UEAAPEAXI@Z 0000000180012660 f i TriangleMeshBuilder.obj
 0001:000116c0       ??_ERTreeTriangleMeshBuilder@physx@@UEAAPEAXI@Z 00000001800126c0 f i TriangleMeshBuilder.obj
 0001:000116c0       ??_GRTreeTriangleMeshBuilder@physx@@UEAAPEAXI@Z 00000001800126c0 f i TriangleMeshBuilder.obj
 0001:00011710       ??_ERemapCallback@RTreeCooker@physx@@UEAAPEAXI@Z 0000000180012710 f i TriangleMeshBuilder.obj
 0001:00011710       ??_GRemapCallback@RTreeCooker@physx@@UEAAPEAXI@Z 0000000180012710 f i TriangleMeshBuilder.obj
 0001:00011740       ??_ETriangleMeshBuilder@physx@@UEAAPEAXI@Z 0000000180012740 f i TriangleMeshBuilder.obj
 0001:00011740       ??_GTriangleMeshBuilder@physx@@UEAAPEAXI@Z 0000000180012740 f i TriangleMeshBuilder.obj
 0001:00011780       ??_ETriangleMeshData@Gu@physx@@UEAAPEAXI@Z 0000000180012780 f i TriangleMeshBuilder.obj
 0001:00011780       ??_GTriangleMeshData@Gu@physx@@UEAAPEAXI@Z 0000000180012780 f i TriangleMeshBuilder.obj
 0001:000117e0       ?allocate@?$ReflectionAllocator@USortedNeighbor@GrbTrimeshCookerHelper@physx@@@shdfnd@physx@@QEAAPEAX_KPEBDH@Z 00000001800127e0 f i TriangleMeshBuilder.obj
 0001:00011880       ?allocateTriangles@TriangleMeshData@Gu@physx@@QEAAPEAXI_NI@Z 0000000180012880 f i TriangleMeshBuilder.obj
 0001:00011960       ?allocateVertices@MeshDataBase@Gu@physx@@QEAAPEAVPxVec3@3@I@Z 0000000180012960 f i TriangleMeshBuilder.obj
 0001:00012040       ?getMidphaseID@BV4TriangleMeshBuilder@physx@@UEBA?AW4Enum@PxMeshMidPhase@2@XZ 0000000180013040 f i TriangleMeshBuilder.obj
 0001:00012050       ?getMidphaseID@RTreeTriangleMeshBuilder@physx@@UEBA?AW4Enum@PxMeshMidPhase@2@XZ 0000000180013050 f i TriangleMeshBuilder.obj
 0001:00012060       ?growAndPushBack@?$Array@USortedNeighbor@GrbTrimeshCookerHelper@physx@@V?$ReflectionAllocator@USortedNeighbor@GrbTrimeshCookerHelper@physx@@@shdfnd@3@@shdfnd@physx@@IEAAAEAUSortedNeighbor@GrbTrimeshCookerHelper@3@AEBU453@@Z 0000000180013060 f i TriangleMeshBuilder.obj
 0001:00012160       ?onMeshIndexFormatChange@TriangleMeshBuilder@physx@@UEAAXXZ 0000000180013160 f i TriangleMeshBuilder.obj
 0001:00012170       ?recreate@?$Array@USharpEdgeRange@GrbTrimeshCookerHelper@physx@@V?$ReflectionAllocator@USharpEdgeRange@GrbTrimeshCookerHelper@physx@@@shdfnd@3@@shdfnd@physx@@IEAAXI@Z 0000000180013170 f i TriangleMeshBuilder.obj
 0001:00012290       ?recreate@?$Array@USortedNeighbor@GrbTrimeshCookerHelper@physx@@V?$ReflectionAllocator@USortedNeighbor@GrbTrimeshCookerHelper@physx@@@shdfnd@3@@shdfnd@physx@@IEAAXI@Z 0000000180013290 f i TriangleMeshBuilder.obj
 0001:00012360       ?remap@RTreeCookerRemap@physx@@UEAAXPEAIII@Z 0000000180013360 f i TriangleMeshBuilder.obj
 0001:00012380       ?resize@?$Array@USharpEdgeRange@GrbTrimeshCookerHelper@physx@@V?$ReflectionAllocator@USharpEdgeRange@GrbTrimeshCookerHelper@physx@@@shdfnd@3@@shdfnd@physx@@QEAAXIAEBUSharpEdgeRange@GrbTrimeshCookerHelper@3@@Z 0000000180013380 f i TriangleMeshBuilder.obj
 0001:00012460       ?resizeUninitialized@?$Array@USortedNeighbor@GrbTrimeshCookerHelper@physx@@V?$ReflectionAllocator@USortedNeighbor@GrbTrimeshCookerHelper@physx@@@shdfnd@3@@shdfnd@physx@@QEAAXI@Z 0000000180013460 f i TriangleMeshBuilder.obj
 0001:000124a0       ??0BigConvexDataBuilder@physx@@QEAA@PEBUConvexHullData@Gu@1@PEAVBigConvexData@1@PEBVPxVec3@1@@Z 00000001800134a0 f   BigConvexDataBuilder.obj
 0001:000124c0       ??1BigConvexDataBuilder@physx@@QEAA@XZ 00000001800134c0 f   BigConvexDataBuilder.obj
 0001:000124d0       ?precompute@BigConvexDataBuilder@physx@@QEAA_NI@Z 00000001800134d0 f   BigConvexDataBuilder.obj
 0001:00013120       ?initialize@BigConvexDataBuilder@physx@@QEAA_NXZ 0000000180014120 f   BigConvexDataBuilder.obj
 0001:000131d0       ?save@BigConvexDataBuilder@physx@@QEBA_NAEAVPxOutputStream@2@_N@Z 00000001800141d0 f   BigConvexDataBuilder.obj
 0001:00013410       ?computeValencies@BigConvexDataBuilder@physx@@QEAA_NAEBVConvexHullBuilder@2@@Z 0000000180014410 f   BigConvexDataBuilder.obj
 0001:00013800       ?saveValencies@BigConvexDataBuilder@physx@@QEBA_NAEAVPxOutputStream@2@_N@Z 0000000180014800 f   BigConvexDataBuilder.obj
 0001:000139b0       ??0BigConvexData@physx@@QEAA@W4PxEMPTY@1@@Z 00000001800149b0 f i BigConvexDataBuilder.obj
 0001:000139c0       ??4BigConvexData@physx@@QEAAAEAV01@AEBV01@@Z 00000001800149c0 f i BigConvexDataBuilder.obj
 0001:000139e0       ?GetAdjacentVerts@BigConvexData@physx@@QEBAPEBEXZ 00000001800149e0 f i BigConvexDataBuilder.obj
 0001:000139f0       ?GetNbNeighbors@BigConvexData@physx@@QEBAGI@Z 00000001800149f0 f i BigConvexDataBuilder.obj
 0001:00013a00       ?GetNbSamples@BigConvexData@physx@@QEBAIXZ 0000000180014a00 f i BigConvexDataBuilder.obj
 0001:00013a10       ?GetNbVerts@BigConvexData@physx@@QEBAIXZ 0000000180014a10 f i BigConvexDataBuilder.obj
 0001:00013a20       ?GetNeighbors@BigConvexData@physx@@QEBAPEBEI@Z 0000000180014a20 f i BigConvexDataBuilder.obj
 0001:00013a30       ?GetOffset@BigConvexData@physx@@QEBAGI@Z 0000000180014a30 f i BigConvexDataBuilder.obj
 0001:00013a40       ?GetSubdiv@BigConvexData@physx@@QEBAIXZ 0000000180014a40 f i BigConvexDataBuilder.obj
 0001:00013a50       ?GetValencies@BigConvexData@physx@@QEBAPEBUValency@Gu@2@XZ 0000000180014a50 f i BigConvexDataBuilder.obj
 0001:00013a60       ?GetValency@BigConvexData@physx@@QEBAGI@Z 0000000180014a60 f i BigConvexDataBuilder.obj
 0001:00013a70       ??0ConvexHullBuilder@physx@@QEAA@PEAUConvexHullData@Gu@1@_N@Z 0000000180014a70 f   ConvexHullBuilder.obj
 0001:00013aa0       ??1ConvexHullBuilder@physx@@QEAA@XZ 0000000180014aa0 f   ConvexHullBuilder.obj
 0001:00013bb0       ?init@ConvexHullBuilder@physx@@QEAA_NIPEBVPxVec3@2@PEBIIIPEBUPxHullPolygon@2@_NPEAVConvexHullLib@2@@Z 0000000180014bb0 f   ConvexHullBuilder.obj
 0001:00013f70       ?save@ConvexHullBuilder@physx@@QEBA_NAEAVPxOutputStream@2@_N@Z 0000000180014f70 f   ConvexHullBuilder.obj
 0001:00014280       ?copy@ConvexHullBuilder@physx@@QEAA_NAEAUConvexHullData@Gu@2@AEAI@Z 0000000180015280 f   ConvexHullBuilder.obj
 0001:000144f0       ?createEdgeList@ConvexHullBuilder@physx@@QEAA_N_NI@Z 00000001800154f0 f   ConvexHullBuilder.obj
 0001:00014d70       ?checkHullPolygons@ConvexHullBuilder@physx@@QEBA_NXZ 0000000180015d70 f   ConvexHullBuilder.obj
 0001:00015350       ?calculateVertexMapTable@ConvexHullBuilder@physx@@QEAA_NI_N@Z 0000000180016350 f   ConvexHullBuilder.obj
 0001:00015560       ?computeGeomCenter@ConvexHullBuilder@physx@@IEBA_NAEAVPxVec3@2@IPEAUHullTriangleData@2@@Z 0000000180016560 f   ConvexHullBuilder.obj
 0001:00015820       ??$?_UE@@YAPEAX_KV?$ReflectionAllocator@E@shdfnd@physx@@PEBDH@Z 0000000180016820 f i ConvexHullBuilder.obj
 0001:000158c0       ??1ConvexHullLib@physx@@UEAA@XZ 00000001800168c0 f   ConvexHullLib.obj
 0001:00015920       ?cleanupVertices@ConvexHullLib@physx@@IEAA_NIPEBVPxVec3@2@IAEAIPEAV32@AEAV32@3@Z 0000000180016920 f   ConvexHullLib.obj
 0001:00015db0       ?shiftAndcleanupVertices@ConvexHullLib@physx@@IEAA_NIPEBVPxVec3@2@IAEAIPEAV32@AEAV32@3@Z 0000000180016db0 f   ConvexHullLib.obj
 0001:000162c0       ?swapLargestFace@ConvexHullLib@physx@@IEAAXAEAVPxConvexMeshDesc@2@@Z 00000001800172c0 f   ConvexHullLib.obj
 0001:000164b0       ?shiftConvexMeshDesc@ConvexHullLib@physx@@IEAAXAEAVPxConvexMeshDesc@2@@Z 00000001800174b0 f   ConvexHullLib.obj
 0001:00016570       ??_EConvexHullLib@physx@@UEAAPEAXI@Z 0000000180017570 f i ConvexHullLib.obj
 0001:00016570       ??_GConvexHullLib@physx@@UEAAPEAXI@Z 0000000180017570 f i ConvexHullLib.obj
 0001:00016ae0       ??0ConvexHull@physx@@QEAA@AEBVPxVec3@1@0AEBV?$Array@VPxPlane@physx@@V?$ReflectionAllocator@VPxPlane@physx@@@shdfnd@2@@shdfnd@1@@Z 0000000180017ae0 f   ConvexHullUtils.obj
 0001:000174d0       ??0ConvexHull@physx@@QEAA@AEBVPxVec3@1@AEBVPxTransform@1@AEBV?$Array@VPxPlane@physx@@V?$ReflectionAllocator@VPxPlane@physx@@@shdfnd@2@@shdfnd@1@@Z 00000001800184d0 f   ConvexHullUtils.obj
 0001:00018630       ?findCandidatePlane@ConvexHull@physx@@QEBAHMM@Z 0000000180019630 f   ConvexHullUtils.obj
 0001:00018a90       ?assertIntact@ConvexHull@physx@@QEBA_NM@Z 0000000180019a90 f   ConvexHullUtils.obj
 0001:00018db0       ?maxNumVertsPerFace@ConvexHull@physx@@QEBAIXZ 0000000180019db0 f   ConvexHullUtils.obj
 0001:00018e30       ?convexHullCrop@physx@@YAPEAVConvexHull@1@AEBV21@AEBVPxPlane@1@M@Z 0000000180019e30 f   ConvexHullUtils.obj
 0001:00019bf0       ?computeOBBFromConvex@physx@@YA_NAEBVPxConvexMeshDesc@1@AEAVPxVec3@1@AEAVPxTransform@1@@Z 000000018001abf0 f   ConvexHullUtils.obj
 0001:0001a300       ?computeOBBSIMD@local@@YAXIPEBT__m128@@AEAT2@AEBT2@1@Z 000000018001b300 f   ConvexHullUtils.obj
 0001:0001a560       ??0Box@Gu@physx@@QEAA@AEBV012@@Z 000000018001b560 f i ConvexHullUtils.obj
 0001:0001a5c0       ??0Box@Gu@physx@@QEAA@AEBVPxVec3@2@0AEBVPxMat33@2@@Z 000000018001b5c0 f i ConvexHullUtils.obj
 0001:0001a630       ??0Box@Gu@physx@@QEAA@XZ   000000018001b630 f i ConvexHullUtils.obj
 0001:0001a640       ??0HalfEdge@ConvexHull@physx@@QEAA@XZ 000000018001b640 f i ConvexHullUtils.obj
 0001:0001a650       ??0PxPlane@physx@@QEAA@XZ  000000018001b650 f i ConvexHullUtils.obj
 0001:0001a660       ??0PxQuat@physx@@QEAA@AEBVPxMat33@1@@Z 000000018001b660 f i ConvexHullUtils.obj
 0001:0001a850       ??1Box@Gu@physx@@QEAA@XZ   000000018001b850 f i ConvexHullUtils.obj
 0001:0001a860       ??4Box@Gu@physx@@QEAAAEBV012@AEBV012@@Z 000000018001b860 f i ConvexHullUtils.obj
 0001:0001a8c0       ?allocate@?$Array@VHalfEdge@ConvexHull@physx@@V?$ReflectionAllocator@VHalfEdge@ConvexHull@physx@@@shdfnd@3@@shdfnd@physx@@IEAAPEAVHalfEdge@ConvexHull@3@I@Z 000000018001b8c0 f i ConvexHullUtils.obj
 0001:0001a960       ?allocate@?$Array@VPxPlane@physx@@V?$ReflectionAllocator@VPxPlane@physx@@@shdfnd@2@@shdfnd@physx@@IEAAPEAVPxPlane@3@I@Z 000000018001b960 f i ConvexHullUtils.obj
 0001:0001aa00       ?computeAABBExtent@Box@Gu@physx@@QEBA?AVPxVec3@3@XZ 000000018001ba00 f i ConvexHullUtils.obj
 0001:0001aac0       ?computeBoxPoints@Box@Gu@physx@@QEBAXPEIAVPxVec3@3@@Z 000000018001bac0 f i ConvexHullUtils.obj
 0001:0001ab00       ?copy@?$Array@VPxPlane@physx@@V?$ReflectionAllocator@VPxPlane@physx@@@shdfnd@2@@shdfnd@physx@@KAXPEAVPxPlane@3@0PEBV43@@Z 000000018001bb00 f i ConvexHullUtils.obj
 0001:0001ac00       ?getInverse@PxMat33@physx@@QEBA?BV12@XZ 000000018001bc00 f i ConvexHullUtils.obj
 0001:0001ae50       ?getTransform@Box@Gu@physx@@QEBA?AVPxTransform@3@XZ 000000018001be50 f i ConvexHullUtils.obj
 0001:0001aeb0       ?growAndPushBack@?$Array@VHalfEdge@ConvexHull@physx@@V?$ReflectionAllocator@VHalfEdge@ConvexHull@physx@@@shdfnd@3@@shdfnd@physx@@IEAAAEAVHalfEdge@ConvexHull@3@AEBV453@@Z 000000018001beb0 f i ConvexHullUtils.obj
 0001:0001af80       ?growAndPushBack@?$Array@VPxPlane@physx@@V?$ReflectionAllocator@VPxPlane@physx@@@shdfnd@2@@shdfnd@physx@@IEAAAEAVPxPlane@3@AEBV43@@Z 000000018001bf80 f i ConvexHullUtils.obj
 0001:0001b050       ?isValid@Box@Gu@physx@@QEBA_NXZ 000000018001c050 f i ConvexHullUtils.obj
 0001:0001b070       ?recreate@?$Array@VHalfEdge@ConvexHull@physx@@V?$ReflectionAllocator@VHalfEdge@ConvexHull@physx@@@shdfnd@3@@shdfnd@physx@@IEAAXI@Z 000000018001c070 f i ConvexHullUtils.obj
 0001:0001b130       ?recreate@?$Array@VPxPlane@physx@@V?$ReflectionAllocator@VPxPlane@physx@@@shdfnd@2@@shdfnd@physx@@IEAAXI@Z 000000018001c130 f i ConvexHullUtils.obj
 0001:0001b1b0       ?resize@?$Array@VHalfEdge@ConvexHull@physx@@V?$ReflectionAllocator@VHalfEdge@ConvexHull@physx@@@shdfnd@3@@shdfnd@physx@@QEAAXIAEBVHalfEdge@ConvexHull@3@@Z 000000018001c1b0 f i ConvexHullUtils.obj
 0001:0001b290       ?resize@?$Array@VPxPlane@physx@@V?$ReflectionAllocator@VPxPlane@physx@@@shdfnd@2@@shdfnd@physx@@QEAAXIAEBVPxPlane@3@@Z 000000018001c290 f i ConvexHullUtils.obj
 0001:0001b3b0       ?resize@?$Array@VPxVec3@physx@@V?$ReflectionAllocator@VPxVec3@physx@@@shdfnd@2@@shdfnd@physx@@QEAAXIAEBVPxVec3@3@@Z 000000018001c3b0 f i ConvexHullUtils.obj
 0001:0001b4a0       ?rotate@Box@Gu@physx@@QEBA?AVPxVec3@3@AEBV43@@Z 000000018001c4a0 f i ConvexHullUtils.obj
 0001:0001b530       ?rotateInv@Box@Gu@physx@@QEBA?AVPxVec3@3@AEBV43@@Z 000000018001c530 f i ConvexHullUtils.obj
 0001:0001b5c0       ?setAxes@Box@Gu@physx@@QEAAXAEBVPxVec3@3@00@Z 000000018001c5c0 f i ConvexHullUtils.obj
 0001:0001b600       ?setEmpty@Box@Gu@physx@@QEAAXXZ 000000018001c600 f i ConvexHullUtils.obj
 0001:0001b640       ?transform@Box@Gu@physx@@QEBA?AVPxVec3@3@AEBV43@@Z 000000018001c640 f i ConvexHullUtils.obj
 0001:0001b6e0       ??0ConvexMeshBuilder@physx@@QEAA@_N@Z 000000018001c6e0 f   ConvexMeshBuilder.obj
 0001:0001b750       ??1ConvexMeshBuilder@physx@@QEAA@XZ 000000018001c750 f   ConvexMeshBuilder.obj
 0001:0001b7b0       ?build@ConvexMeshBuilder@physx@@QEAA_NAEBVPxConvexMeshDesc@2@I_NPEAVConvexHullLib@2@@Z 000000018001c7b0 f   ConvexMeshBuilder.obj
 0001:0001bad0       ?save@ConvexMeshBuilder@physx@@QEBA_NAEAVPxOutputStream@2@_N@Z 000000018001cad0 f   ConvexMeshBuilder.obj
 0001:0001bcf0       ?copy@ConvexMeshBuilder@physx@@QEAA_NAEAUConvexHullInitData@Gu@2@@Z 000000018001ccf0 f   ConvexMeshBuilder.obj
 0001:0001be20       ?loadConvexHull@ConvexMeshBuilder@physx@@QEAA_NAEBVPxConvexMeshDesc@2@PEAVConvexHullLib@2@@Z 000000018001ce20 f   ConvexMeshBuilder.obj
 0001:0001c0d0       ?computeHullPolygons@ConvexMeshBuilder@physx@@QEAA_NAEBIPEBVPxVec3@2@0PEBIAEAVPxAllocatorCallback@2@AEAIAEAPEAV32@4AEAPEAI4AEAPEAUPxHullPolygon@2@@Z 000000018001d0d0 f   ConvexMeshBuilder.obj
 0001:0001c2f0       ?computeGaussMaps@ConvexMeshBuilder@physx@@QEAA_NXZ 000000018001d2f0 f   ConvexMeshBuilder.obj
 0001:0001c3e0       ?computeMassInfo@ConvexMeshBuilder@physx@@QEAAX_N@Z 000000018001d3e0 f   ConvexMeshBuilder.obj
 0001:0001c7b0       ?computeInternalObjects@ConvexMeshBuilder@physx@@QEAAXXZ 000000018001d7b0 f   ConvexMeshBuilder.obj
 0001:0001cc30       ?isFinite@PxVec3@physx@@QEBA_NXZ 000000018001dc30 f i ConvexMeshBuilder.obj
 0001:0001cc90       ??0ConvexPolygonsBuilder@physx@@QEAA@PEAUConvexHullData@Gu@1@_N@Z 000000018001dc90 f   ConvexPolygonsBuilder.obj
 0001:0001ccc0       ??1ConvexPolygonsBuilder@physx@@QEAA@XZ 000000018001dcc0 f   ConvexPolygonsBuilder.obj
 0001:0001cd10       ?computeHullPolygons@ConvexPolygonsBuilder@physx@@QEAA_NAEBIPEBVPxVec3@2@0PEBI@Z 000000018001dd10 f   ConvexPolygonsBuilder.obj
 0001:0001d000       ?createPolygonData@ConvexPolygonsBuilder@physx@@AEAA_NXZ 000000018001e000 f   ConvexPolygonsBuilder.obj
 0001:0001dbe0       ?createTrianglesFromPolygons@ConvexPolygonsBuilder@physx@@AEAA_NXZ 000000018001ebe0 f   ConvexPolygonsBuilder.obj
 0001:0001e500       ??$copy@V?$ReflectionAllocator@VPair@@@shdfnd@physx@@@?$Array@VPair@@V?$ReflectionAllocator@VPair@@@shdfnd@physx@@@shdfnd@physx@@IEAAXAEBV012@@Z 000000018001f500 f i ConvexPolygonsBuilder.obj
 0001:0001f300       ?allocate@?$Array@IV?$ReflectionAllocator@I@shdfnd@physx@@@shdfnd@physx@@IEAAPEAII@Z 0000000180020300 f i ConvexPolygonsBuilder.obj
 0001:0001f3a0       ?allocate@?$Array@VPair@@V?$ReflectionAllocator@VPair@@@shdfnd@physx@@@shdfnd@physx@@IEAAPEAVPair@@I@Z 00000001800203a0 f i ConvexPolygonsBuilder.obj
 0001:00020930       ?growAndPushBack@?$Array@VPair@@V?$ReflectionAllocator@VPair@@@shdfnd@physx@@@shdfnd@physx@@IEAAAEAVPair@@AEBV4@@Z 0000000180021930 f i ConvexPolygonsBuilder.obj
 0001:00020a10       ??0QuickHullConvexHullLib@physx@@QEAA@AEBVPxConvexMeshDesc@1@AEBUPxCookingParams@1@@Z 0000000180021a10 f   QuickHullConvexHullLib.obj
 0001:00020b00       ??1QuickHullConvexHullLib@physx@@UEAA@XZ 0000000180021b00 f   QuickHullConvexHullLib.obj
 0001:00020bd0       ?createConvexHull@QuickHullConvexHullLib@physx@@UEAA?AW4Enum@PxConvexMeshCookingResult@2@XZ 0000000180021bd0 f   QuickHullConvexHullLib.obj
 0001:00021170       ?fillConvexMeshDesc@QuickHullConvexHullLib@physx@@UEAAXAEAVPxConvexMeshDesc@2@@Z 0000000180022170 f   QuickHullConvexHullLib.obj
 0001:000211c0       ?createEdgeList@QuickHullConvexHullLib@physx@@UEAA_NIPEBEPEAPEAEPEAPEAG2@Z 00000001800221c0 f   QuickHullConvexHullLib.obj
 0001:00021400       ?expandHullOBB@QuickHullConvexHullLib@physx@@IEAA?AW4Enum@PxConvexMeshCookingResult@2@XZ 0000000180022400 f   QuickHullConvexHullLib.obj
 0001:00021820       ?expandHull@QuickHullConvexHullLib@physx@@IEAA?AW4Enum@PxConvexMeshCookingResult@2@XZ 0000000180022820 f   QuickHullConvexHullLib.obj
 0001:00022160       ?cleanupForSimplex@QuickHullConvexHullLib@physx@@IEAA_NPEAVPxVec3@2@IPEAUQuickHullVertex@local@@1AEAM2@Z 0000000180023160 f   QuickHullConvexHullLib.obj
 0001:00022ce0       ?fillConvexMeshDescFromQuickHull@QuickHullConvexHullLib@physx@@IEAAXAEAVPxConvexMeshDesc@2@@Z 0000000180023ce0 f   QuickHullConvexHullLib.obj
 0001:00023070       ?fillConvexMeshDescFromCroppedHull@QuickHullConvexHullLib@physx@@IEAAXAEAVPxConvexMeshDesc@2@@Z 0000000180024070 f   QuickHullConvexHullLib.obj
 0001:00023270       ?getOppositeFaceDistance@QuickHullHalfEdge@local@@QEBAMXZ 0000000180024270 f   QuickHullConvexHullLib.obj
 0001:000232b0       ?mergeAdjacentFace@QuickHullFace@local@@QEAA_NPEAUQuickHullHalfEdge@2@AEAV?$Array@PEAUQuickHullFace@local@@V?$ReflectionAllocator@PEAUQuickHullFace@local@@@shdfnd@physx@@@shdfnd@physx@@@Z 00000001800242b0 f   QuickHullConvexHullLib.obj
 0001:00023700       ?checkFaceConsistency@QuickHullFace@local@@QEAA_NXZ 0000000180024700 f   QuickHullConvexHullLib.obj
 0001:00023710       ?connectHalfEdges@QuickHullFace@local@@AEAAPEAU12@PEAUQuickHullHalfEdge@2@0@Z 0000000180024710 f   QuickHullConvexHullLib.obj
 0001:00023a80       ??0QuickHull@local@@QEAA@AEBUPxCookingParams@physx@@AEBVPxConvexMeshDesc@3@@Z 0000000180024a80 f   QuickHullConvexHullLib.obj
 0001:00023b30       ??1QuickHull@local@@QEAA@XZ 0000000180024b30 f   QuickHullConvexHullLib.obj
 0001:00023c80       ?preallocate@QuickHull@local@@QEAAXI@Z 0000000180024c80 f   QuickHullConvexHullLib.obj
 0001:00023dd0       ?parseInputVertices@QuickHull@local@@QEAAXPEBVPxVec3@physx@@I@Z 0000000180024dd0 f   QuickHullConvexHullLib.obj
 0001:00023f40       ?releaseHull@QuickHull@local@@QEAAXXZ 0000000180024f40 f   QuickHullConvexHullLib.obj
 0001:00023fa0       ?setPrecomputedMinMax@QuickHull@local@@QEAAXPEBUQuickHullVertex@2@0MM@Z 0000000180024fa0 f   QuickHullConvexHullLib.obj
 0001:00024130       ?buildHull@QuickHull@local@@QEAA?AW4Enum@QuickHullResult@2@XZ 0000000180025130 f   QuickHullConvexHullLib.obj
 0001:00024390       ?maxNumVertsPerFace@QuickHull@local@@QEBAIXZ 0000000180025390 f   QuickHullConvexHullLib.obj
 0001:000243d0       ?computeMinMaxVerts@QuickHull@local@@IEAAXXZ 00000001800253d0 f   QuickHullConvexHullLib.obj
 0001:000247b0       ?findSimplex@QuickHull@local@@IEAA_NXZ 00000001800257b0 f   QuickHullConvexHullLib.obj
 0001:00025430       ?addSimplex@QuickHull@local@@IEAAXPEAUQuickHullVertex@2@_N@Z 0000000180026430 f   QuickHullConvexHullLib.obj
 0001:00025900       ?nextPointToAdd@QuickHull@local@@IEAAPEAUQuickHullVertex@2@AEAPEAUQuickHullFace@2@@Z 0000000180026900 f   QuickHullConvexHullLib.obj
 0001:00025a60       ?addPointToHull@QuickHull@local@@IEAA_NPEBUQuickHullVertex@2@AEAUQuickHullFace@2@AEA_N@Z 0000000180026a60 f   QuickHullConvexHullLib.obj
 0001:00025e50       ?createTriangle@QuickHull@local@@IEAAPEAUQuickHullFace@2@AEBUQuickHullVertex@2@00@Z 0000000180026e50 f   QuickHullConvexHullLib.obj
 0001:00026200       ?addPointToFace@QuickHull@local@@IEAAXAEAUQuickHullFace@2@PEAUQuickHullVertex@2@M@Z 0000000180027200 f   QuickHullConvexHullLib.obj
 0001:00026250       ?removeEyePointFromFace@QuickHull@local@@IEAAXAEAUQuickHullFace@2@PEBUQuickHullVertex@2@@Z 0000000180027250 f   QuickHullConvexHullLib.obj
 0001:00026270       ?calculateHorizon@QuickHull@local@@IEAAXAEBVPxVec3@physx@@PEAUQuickHullHalfEdge@2@AEAUQuickHullFace@2@AEAV?$Array@PEAUQuickHullHalfEdge@local@@V?$ReflectionAllocator@PEAUQuickHullHalfEdge@local@@@shdfnd@physx@@@shdfnd@4@AEAV?$Array@PEAUQuickHullFace@local@@V?$ReflectionAllocator@PEAUQuickHullFace@local@@@shdfnd@physx@@@84@@Z 0000000180027270 f   QuickHullConvexHullLib.obj
 0001:00026420       ?addNewFacesFromHorizon@QuickHull@local@@IEAAXPEBUQuickHullVertex@2@AEBV?$Array@PEAUQuickHullHalfEdge@local@@V?$ReflectionAllocator@PEAUQuickHullHalfEdge@local@@@shdfnd@physx@@@shdfnd@physx@@AEAV?$Array@PEAUQuickHullFace@local@@V?$ReflectionAllocator@PEAUQuickHullFace@local@@@shdfnd@physx@@@56@@Z 0000000180027420 f   QuickHullConvexHullLib.obj
 0001:00026570       ?doAdjacentMerge@QuickHull@local@@IEAA_NAEAUQuickHullFace@2@_NAEA_N@Z 0000000180027570 f   QuickHullConvexHullLib.obj
 0001:000267e0       ?doPostAdjacentMerge@QuickHull@local@@IEAA_NAEAUQuickHullFace@2@M@Z 00000001800277e0 f   QuickHullConvexHullLib.obj
 0001:00026910       ?deleteFacePoints@QuickHull@local@@IEAAXAEAUQuickHullFace@2@PEAU32@@Z 0000000180027910 f   QuickHullConvexHullLib.obj
 0001:00026a20       ?resolveUnclaimedPoints@QuickHull@local@@IEAAXAEBV?$Array@PEAUQuickHullFace@local@@V?$ReflectionAllocator@PEAUQuickHullFace@local@@@shdfnd@physx@@@shdfnd@physx@@@Z 0000000180027a20 f   QuickHullConvexHullLib.obj
 0001:00026c70       ?postMergeHull@QuickHull@local@@IEAAXXZ 0000000180027c70 f   QuickHullConvexHullLib.obj
 0001:00026df0       ?canMergeFaces@QuickHull@local@@IEAA_NAEBUQuickHullHalfEdge@2@@Z 0000000180027df0 f   QuickHullConvexHullLib.obj
 0001:00027630       ?getExpandPoint@local@@YAXAEBUQuickHullHalfEdge@1@AEAUExpandPoint@1@PEBV?$Array@IV?$ReflectionAllocator@I@shdfnd@physx@@@shdfnd@physx@@@Z 0000000180028630 f   QuickHullConvexHullLib.obj
 0001:000276c0       ?addExpandPoint@local@@YAXAEBUExpandPoint@1@AEAV?$Array@UExpandPoint@local@@V?$ReflectionAllocator@UExpandPoint@local@@@shdfnd@physx@@@shdfnd@physx@@@Z 00000001800286c0 f   QuickHullConvexHullLib.obj
 0001:000277a0       ??0PxPlane@physx@@QEAA@AEBV01@@Z 00000001800287a0 f i QuickHullConvexHullLib.obj
 0001:000277c0       ??0QuickHullVertex@local@@QEAA@XZ 00000001800287c0 f i QuickHullConvexHullLib.obj
 0001:000277d0       ??1?$MemBlock@UQuickHullFace@local@@$00@local@@QEAA@XZ 00000001800287d0 f i QuickHullConvexHullLib.obj
 0001:00027860       ??1?$MemBlock@UQuickHullHalfEdge@local@@$0A@@local@@QEAA@XZ 0000000180028860 f i QuickHullConvexHullLib.obj
 0001:000278f0       ??_GConvexHull@physx@@QEAAPEAXI@Z 00000001800288f0 f i QuickHullConvexHullLib.obj
 0001:000279d0       ??_EQuickHullConvexHullLib@physx@@UEAAPEAXI@Z 00000001800289d0 f i QuickHullConvexHullLib.obj
 0001:000279d0       ??_GQuickHullConvexHullLib@physx@@UEAAPEAXI@Z 00000001800289d0 f i QuickHullConvexHullLib.obj
 0001:00027ad0       ??__G@YAXPEAX0_K1P6APEAX00@Z@Z 0000000180028ad0 f i QuickHullConvexHullLib.obj
 0001:00027b30       ?allocate@?$Array@PEAUQuickHullFace@local@@V?$ReflectionAllocator@PEAUQuickHullFace@local@@@shdfnd@physx@@@shdfnd@physx@@IEAAPEAPEAUQuickHullFace@local@@I@Z 0000000180028b30 f i QuickHullConvexHullLib.obj
 0001:00027bd0       ?allocate@?$Array@PEAUQuickHullHalfEdge@local@@V?$ReflectionAllocator@PEAUQuickHullHalfEdge@local@@@shdfnd@physx@@@shdfnd@physx@@IEAAPEAPEAUQuickHullHalfEdge@local@@I@Z 0000000180028bd0 f i QuickHullConvexHullLib.obj
 0001:00027c70       ?allocate@?$Array@PEAUQuickHullVertex@local@@V?$ReflectionAllocator@PEAUQuickHullVertex@local@@@shdfnd@physx@@@shdfnd@physx@@IEAAPEAPEAUQuickHullVertex@local@@I@Z 0000000180028c70 f i QuickHullConvexHullLib.obj
 0001:00027d10       ?allocate@?$Array@UExpandPoint@local@@V?$ReflectionAllocator@UExpandPoint@local@@@shdfnd@physx@@@shdfnd@physx@@IEAAPEAUExpandPoint@local@@I@Z 0000000180028d10 f i QuickHullConvexHullLib.obj
 0001:00027db0       ?copy@?$Array@UExpandPoint@local@@V?$ReflectionAllocator@UExpandPoint@local@@@shdfnd@physx@@@shdfnd@physx@@KAXPEAUExpandPoint@local@@0PEBU45@@Z 0000000180028db0 f i QuickHullConvexHullLib.obj
 0001:00027e60       ?getFreeItem@?$MemBlock@UQuickHullFace@local@@$00@local@@QEAAPEAUQuickHullFace@2@XZ 0000000180028e60 f i QuickHullConvexHullLib.obj
 0001:00027f90       ?getFreeItem@?$MemBlock@UQuickHullHalfEdge@local@@$0A@@local@@QEAAPEAUQuickHullHalfEdge@2@XZ 0000000180028f90 f i QuickHullConvexHullLib.obj
 0001:00028060       ?growAndPushBack@?$Array@PEAUQuickHullFace@local@@V?$ReflectionAllocator@PEAUQuickHullFace@local@@@shdfnd@physx@@@shdfnd@physx@@IEAAAEAPEAUQuickHullFace@local@@AEBQEAU45@@Z 0000000180029060 f i QuickHullConvexHullLib.obj
 0001:00028130       ?growAndPushBack@?$Array@PEAUQuickHullHalfEdge@local@@V?$ReflectionAllocator@PEAUQuickHullHalfEdge@local@@@shdfnd@physx@@@shdfnd@physx@@IEAAAEAPEAUQuickHullHalfEdge@local@@AEBQEAU45@@Z 0000000180029130 f i QuickHullConvexHullLib.obj
 0001:00028200       ?growAndPushBack@?$Array@PEAUQuickHullVertex@local@@V?$ReflectionAllocator@PEAUQuickHullVertex@local@@@shdfnd@physx@@@shdfnd@physx@@IEAAAEAPEAUQuickHullVertex@local@@AEBQEAU45@@Z 0000000180029200 f i QuickHullConvexHullLib.obj
 0001:000282d0       ?growAndPushBack@?$Array@UExpandPoint@local@@V?$ReflectionAllocator@UExpandPoint@local@@@shdfnd@physx@@@shdfnd@physx@@IEAAAEAUExpandPoint@local@@AEBU45@@Z 00000001800292d0 f i QuickHullConvexHullLib.obj
 0001:000283d0       ?init@?$MemBlock@UQuickHullFace@local@@$00@local@@QEAAXI@Z 00000001800293d0 f i QuickHullConvexHullLib.obj
 0001:000284d0       ?init@?$MemBlock@UQuickHullHalfEdge@local@@$0A@@local@@QEAAXI@Z 00000001800294d0 f i QuickHullConvexHullLib.obj
 0001:00028570       ?recreate@?$Array@PEAUQuickHullFace@local@@V?$ReflectionAllocator@PEAUQuickHullFace@local@@@shdfnd@physx@@@shdfnd@physx@@IEAAXI@Z 0000000180029570 f i QuickHullConvexHullLib.obj
 0001:00028630       ?recreate@?$Array@PEAUQuickHullHalfEdge@local@@V?$ReflectionAllocator@PEAUQuickHullHalfEdge@local@@@shdfnd@physx@@@shdfnd@physx@@IEAAXI@Z 0000000180029630 f i QuickHullConvexHullLib.obj
 0001:000286f0       ?recreate@?$Array@PEAUQuickHullVertex@local@@V?$ReflectionAllocator@PEAUQuickHullVertex@local@@@shdfnd@physx@@@shdfnd@physx@@IEAAXI@Z 00000001800296f0 f i QuickHullConvexHullLib.obj
 0001:000287b0       ?recreate@?$Array@UExpandPoint@local@@V?$ReflectionAllocator@UExpandPoint@local@@@shdfnd@physx@@@shdfnd@physx@@IEAAXI@Z 00000001800297b0 f i QuickHullConvexHullLib.obj
 0001:00028830       ?computeVolumeIntegrals@physx@@YA_NAEBVPxSimpleTriangleMesh@1@MAEAUPxIntegrals@1@@Z 0000000180029830 f   VolumeIntegration.obj
 0001:000288a0       ?computeVolumeIntegralsEberly@physx@@YA_NAEBVPxConvexMeshDesc@1@MAEAUPxIntegrals@1@AEBVPxVec3@1@@Z 00000001800298a0 f   VolumeIntegration.obj
 0001:000288f0       ?computeVolumeIntegralsEberlySIMD@physx@@YA_NAEBVPxConvexMeshDesc@1@MAEAUPxIntegrals@1@AEBVPxVec3@1@@Z 00000001800298f0 f   VolumeIntegration.obj
 0001:0002ad70       PxSetPhysXCookingDelayLoadHook 000000018002bd70 f   WindowsCookingDelayLoadHook.obj
 0001:0002ad80       ?cookingDelayHook@@YAP6A_JXZIPEAUDelayLoadInfo@@@Z 000000018002bd80 f   WindowsCookingDelayLoadHook.obj
 0001:0002ae58       __imp_load_??0RadixSortBuffered@Cm@physx@@QEAA@XZ 000000018002be58 f   PhysXCommon_64:PhysXCommon_64.dll
 0001:0002ae64       ??0RadixSortBuffered@Cm@physx@@QEAA@XZ 000000018002be64 f   PhysXCommon_64:PhysXCommon_64.dll
 0001:0002ae6a       __tailMerge_physxcommon_64_dll 000000018002be6a     PhysXCommon_64:PhysXCommon_64.dll
 0001:0002aee3       __imp_load_??1RadixSortBuffered@Cm@physx@@UEAA@XZ 000000018002bee3 f   PhysXCommon_64:PhysXCommon_64.dll
 0001:0002aeef       ??1RadixSortBuffered@Cm@physx@@UEAA@XZ 000000018002beef f   PhysXCommon_64:PhysXCommon_64.dll
 0001:0002aef5       __imp_load_?Sort@RadixSortBuffered@Cm@physx@@QEAAAEAV123@PEBIIW4RadixHint@23@@Z 000000018002bef5 f   PhysXCommon_64:PhysXCommon_64.dll
 0001:0002af01       ?Sort@RadixSortBuffered@Cm@physx@@QEAAAEAV123@PEBIIW4RadixHint@23@@Z 000000018002bf01 f   PhysXCommon_64:PhysXCommon_64.dll
 0001:0002af07       __imp_load_?readDword@physx@@YAI_NAEAVPxInputStream@1@@Z 000000018002bf07 f   PhysXCommon_64:PhysXCommon_64.dll
 0001:0002af13       ?readDword@physx@@YAI_NAEAVPxInputStream@1@@Z 000000018002bf13 f   PhysXCommon_64:PhysXCommon_64.dll
 0001:0002af19       __imp_load_?ReadHeader@Gu@physx@@YA_NEEEEAEAIAEA_NAEAVPxInputStream@2@@Z 000000018002bf19 f   PhysXCommon_64:PhysXCommon_64.dll
 0001:0002af25       ?ReadHeader@Gu@physx@@YA_NEEEEAEAIAEA_NAEAVPxInputStream@2@@Z 000000018002bf25 f   PhysXCommon_64:PhysXCommon_64.dll
 0001:0002af2b       __imp_load_??0HeightField@Gu@physx@@QEAA@PEAVGuMeshFactory@2@@Z 000000018002bf2b f   PhysXCommon_64:PhysXCommon_64.dll
 0001:0002af37       ??0HeightField@Gu@physx@@QEAA@PEAVGuMeshFactory@2@@Z 000000018002bf37 f   PhysXCommon_64:PhysXCommon_64.dll
 0001:0002af3d       __imp_load_?loadFromDesc@HeightField@Gu@physx@@QEAA_NAEBVPxHeightFieldDesc@3@@Z 000000018002bf3d f   PhysXCommon_64:PhysXCommon_64.dll
 0001:0002af49       ?loadFromDesc@HeightField@Gu@physx@@QEAA_NAEBVPxHeightFieldDesc@3@@Z 000000018002bf49 f   PhysXCommon_64:PhysXCommon_64.dll
 0001:0002af4f       __imp_load_?computeCellCoordinates@HeightField@Gu@physx@@QEBAIMMAEAM0@Z 000000018002bf4f f   PhysXCommon_64:PhysXCommon_64.dll
 0001:0002af5b       ?computeCellCoordinates@HeightField@Gu@physx@@QEBAIMMAEAM0@Z 000000018002bf5b f   PhysXCommon_64:PhysXCommon_64.dll
 0001:0002af61       __imp_load_?releaseMemory@HeightField@Gu@physx@@QEAAXXZ 000000018002bf61 f   PhysXCommon_64:PhysXCommon_64.dll
 0001:0002af6d       ?releaseMemory@HeightField@Gu@physx@@QEAAXXZ 000000018002bf6d f   PhysXCommon_64:PhysXCommon_64.dll
 0001:0002af73       __imp_load_??1HeightField@Gu@physx@@UEAA@XZ 000000018002bf73 f   PhysXCommon_64:PhysXCommon_64.dll
 0001:0002af7f       ??1HeightField@Gu@physx@@UEAA@XZ 000000018002bf7f f   PhysXCommon_64:PhysXCommon_64.dll
 0001:0002af85       __imp_load_??0NodeAllocator@Gu@physx@@QEAA@XZ 000000018002bf85 f   PhysXCommon_64:PhysXCommon_64.dll
 0001:0002af91       ??0NodeAllocator@Gu@physx@@QEAA@XZ 000000018002bf91 f   PhysXCommon_64:PhysXCommon_64.dll
 0001:0002af97       __imp_load_??1NodeAllocator@Gu@physx@@QEAA@XZ 000000018002bf97 f   PhysXCommon_64:PhysXCommon_64.dll
 0001:0002afa3       ??1NodeAllocator@Gu@physx@@QEAA@XZ 000000018002bfa3 f   PhysXCommon_64:PhysXCommon_64.dll
 0001:0002afa9       __imp_load_?release@NodeAllocator@Gu@physx@@QEAAXXZ 000000018002bfa9 f   PhysXCommon_64:PhysXCommon_64.dll
 0001:0002afb5       ?release@NodeAllocator@Gu@physx@@QEAAXXZ 000000018002bfb5 f   PhysXCommon_64:PhysXCommon_64.dll
 0001:0002afbb       __imp_load_?buildAABBTree@Gu@physx@@YA_NAEAVAABBTreeBuildParams@12@AEAVNodeAllocator@12@AEAUBuildStats@12@AEAPEAI@Z 000000018002bfbb f   PhysXCommon_64:PhysXCommon_64.dll
 0001:0002afc7       ?buildAABBTree@Gu@physx@@YA_NAEAVAABBTreeBuildParams@12@AEAVNodeAllocator@12@AEAUBuildStats@12@AEAPEAI@Z 000000018002bfc7 f   PhysXCommon_64:PhysXCommon_64.dll
 0001:0002afcd       __imp_load_?writeDword@physx@@YAXI_NAEAVPxOutputStream@1@@Z 000000018002bfcd f   PhysXCommon_64:PhysXCommon_64.dll
 0001:0002afd9       ?writeDword@physx@@YAXI_NAEAVPxOutputStream@1@@Z 000000018002bfd9 f   PhysXCommon_64:PhysXCommon_64.dll
 0001:0002afdf       __imp_load_?writeFloatBuffer@physx@@YAXPEBMI_NAEAVPxOutputStream@1@@Z 000000018002bfdf f   PhysXCommon_64:PhysXCommon_64.dll
 0001:0002afeb       ?writeFloatBuffer@physx@@YAXPEBMI_NAEAVPxOutputStream@1@@Z 000000018002bfeb f   PhysXCommon_64:PhysXCommon_64.dll
 0001:0002aff1       __imp_load_?writeHeader@physx@@YA_NCCCCI_NAEAVPxOutputStream@1@@Z 000000018002bff1 f   PhysXCommon_64:PhysXCommon_64.dll
 0001:0002affd       ?writeHeader@physx@@YA_NCCCCI_NAEAVPxOutputStream@1@@Z 000000018002bffd f   PhysXCommon_64:PhysXCommon_64.dll
 0001:0002b003       __imp_load_?writeWord@physx@@YAXG_NAEAVPxOutputStream@1@@Z 000000018002c003 f   PhysXCommon_64:PhysXCommon_64.dll
 0001:0002b00f       ?writeWord@physx@@YAXG_NAEAVPxOutputStream@1@@Z 000000018002c00f f   PhysXCommon_64:PhysXCommon_64.dll
 0001:0002b015       __imp_load_?writeFloat@physx@@YAXM_NAEAVPxOutputStream@1@@Z 000000018002c015 f   PhysXCommon_64:PhysXCommon_64.dll
 0001:0002b021       ?writeFloat@physx@@YAXM_NAEAVPxOutputStream@1@@Z 000000018002c021 f   PhysXCommon_64:PhysXCommon_64.dll
 0001:0002b027       __imp_load_?computeBoundsAroundVertices@Gu@physx@@YAXAEAVPxBounds3@2@IPEIBVPxVec3@2@@Z 000000018002c027 f   PhysXCommon_64:PhysXCommon_64.dll
 0001:0002b033       ?computeBoundsAroundVertices@Gu@physx@@YAXAEAVPxBounds3@2@IPEIBVPxVec3@2@@Z 000000018002c033 f   PhysXCommon_64:PhysXCommon_64.dll
 0001:0002b039       __imp_load_??0SourceMesh@Gu@physx@@QEAA@XZ 000000018002c039 f   PhysXCommon_64:PhysXCommon_64.dll
 0001:0002b045       ??0SourceMesh@Gu@physx@@QEAA@XZ 000000018002c045 f   PhysXCommon_64:PhysXCommon_64.dll
 0001:0002b04b       __imp_load_??1SourceMesh@Gu@physx@@QEAA@XZ 000000018002c04b f   PhysXCommon_64:PhysXCommon_64.dll
 0001:0002b057       ??1SourceMesh@Gu@physx@@QEAA@XZ 000000018002c057 f   PhysXCommon_64:PhysXCommon_64.dll
 0001:0002b05d       __imp_load_??0BV4Tree@Gu@physx@@QEAA@XZ 000000018002c05d f   PhysXCommon_64:PhysXCommon_64.dll
 0001:0002b069       ??0BV4Tree@Gu@physx@@QEAA@XZ 000000018002c069 f   PhysXCommon_64:PhysXCommon_64.dll
 0001:0002b06f       __imp_load_??1BV4Tree@Gu@physx@@QEAA@XZ 000000018002c06f f   PhysXCommon_64:PhysXCommon_64.dll
 0001:0002b07b       ??1BV4Tree@Gu@physx@@QEAA@XZ 000000018002c07b f   PhysXCommon_64:PhysXCommon_64.dll
 0001:0002b081       __imp_load_??0BV32Tree@Gu@physx@@QEAA@XZ 000000018002c081 f   PhysXCommon_64:PhysXCommon_64.dll
 0001:0002b08d       ??0BV32Tree@Gu@physx@@QEAA@XZ 000000018002c08d f   PhysXCommon_64:PhysXCommon_64.dll
 0001:0002b093       __imp_load_??1BV32Tree@Gu@physx@@QEAA@XZ 000000018002c093 f   PhysXCommon_64:PhysXCommon_64.dll
 0001:0002b09f       ??1BV32Tree@Gu@physx@@QEAA@XZ 000000018002c09f f   PhysXCommon_64:PhysXCommon_64.dll
 0001:0002b0a5       __imp_load_?writeWordBuffer@physx@@YAXPEBGI_NAEAVPxOutputStream@1@@Z 000000018002c0a5 f   PhysXCommon_64:PhysXCommon_64.dll
 0001:0002b0b1       ?writeWordBuffer@physx@@YAXPEBGI_NAEAVPxOutputStream@1@@Z 000000018002c0b1 f   PhysXCommon_64:PhysXCommon_64.dll
 0001:0002b0b7       __imp_load_?computeMaxIndex@physx@@YAIPEBII@Z 000000018002c0b7 f   PhysXCommon_64:PhysXCommon_64.dll
 0001:0002b0c3       ?computeMaxIndex@physx@@YAIPEBII@Z 000000018002c0c3 f   PhysXCommon_64:PhysXCommon_64.dll
 0001:0002b0c9       __imp_load_?storeIndices@physx@@YAXIIPEBIAEAVPxOutputStream@1@_N@Z 000000018002c0c9 f   PhysXCommon_64:PhysXCommon_64.dll
 0001:0002b0d5       ?storeIndices@physx@@YAXIIPEBIAEAVPxOutputStream@1@_N@Z 000000018002c0d5 f   PhysXCommon_64:PhysXCommon_64.dll
 0001:0002b0db       __imp_load_?BuildBV4Ex@Gu@physx@@YA_NAEAVBV4Tree@12@AEAVSourceMesh@12@MI@Z 000000018002c0db f   PhysXCommon_64:PhysXCommon_64.dll
 0001:0002b0e7       ?BuildBV4Ex@Gu@physx@@YA_NAEAVBV4Tree@12@AEAVSourceMesh@12@MI@Z 000000018002c0e7 f   PhysXCommon_64:PhysXCommon_64.dll
 0001:0002b0ed       __imp_load_?BuildBV32Ex@Gu@physx@@YA_NAEAVBV32Tree@12@AEAVSourceMesh@12@MI@Z 000000018002c0ed f   PhysXCommon_64:PhysXCommon_64.dll
 0001:0002b0f9       ?BuildBV32Ex@Gu@physx@@YA_NAEAVBV32Tree@12@AEAVSourceMesh@12@MI@Z 000000018002c0f9 f   PhysXCommon_64:PhysXCommon_64.dll
 0001:0002b0ff       __imp_load_?computeMaxIndex@physx@@YAGPEBGI@Z 000000018002c0ff f   PhysXCommon_64:PhysXCommon_64.dll
 0001:0002b10b       ?computeMaxIndex@physx@@YAGPEBGI@Z 000000018002c10b f   PhysXCommon_64:PhysXCommon_64.dll
 0001:0002b111       __imp_load_?WriteHeader@Gu@physx@@YA_NEEEEI_NAEAVPxOutputStream@2@@Z 000000018002c111 f   PhysXCommon_64:PhysXCommon_64.dll
 0001:0002b11d       ?WriteHeader@Gu@physx@@YA_NEEEEI_NAEAVPxOutputStream@2@@Z 000000018002c11d f   PhysXCommon_64:PhysXCommon_64.dll
 0001:0002b123       __imp_load_?StoreIndices@Gu@physx@@YAXGIPEBGAEAVPxOutputStream@2@_N@Z 000000018002c123 f   PhysXCommon_64:PhysXCommon_64.dll
 0001:0002b12f       ?StoreIndices@Gu@physx@@YAXGIPEBGAEAVPxOutputStream@2@_N@Z 000000018002c12f f   PhysXCommon_64:PhysXCommon_64.dll
 0001:0002b135       __imp_load_?CreateOffsets@BigConvexData@physx@@IEAAXXZ 000000018002c135 f   PhysXCommon_64:PhysXCommon_64.dll
 0001:0002b141       ?CreateOffsets@BigConvexData@physx@@IEAAXXZ 000000018002c141 f   PhysXCommon_64:PhysXCommon_64.dll
 0001:0002b147       __imp_load_?computeOBBPoints@Gu@physx@@YAXPEIAVPxVec3@2@AEBV32@1111@Z 000000018002c147 f   PhysXCommon_64:PhysXCommon_64.dll
 0001:0002b153       ?computeOBBPoints@Gu@physx@@YAXPEIAVPxVec3@2@AEBV32@1111@Z 000000018002c153 f   PhysXCommon_64:PhysXCommon_64.dll
 0001:0002b159       __imp_load_??0BigConvexData@physx@@QEAA@XZ 000000018002c159 f   PhysXCommon_64:PhysXCommon_64.dll
 0001:0002b165       ??0BigConvexData@physx@@QEAA@XZ 000000018002c165 f   PhysXCommon_64:PhysXCommon_64.dll
 0001:0002b16b       __imp_load_??1BigConvexData@physx@@QEAA@XZ 000000018002c16b f   PhysXCommon_64:PhysXCommon_64.dll
 0001:0002b177       ??1BigConvexData@physx@@QEAA@XZ 000000018002c177 f   PhysXCommon_64:PhysXCommon_64.dll
 0001:0002b17d       __imp_load_PxGetFoundation 000000018002c17d f   PhysXFoundation_64:PhysXFoundation_64.dll
 0001:0002b189       PxGetFoundation            000000018002c189 f   PhysXFoundation_64:PhysXFoundation_64.dll
 0001:0002b18f       __tailMerge_physxfoundation_64_dll 000000018002c18f     PhysXFoundation_64:PhysXFoundation_64.dll
 0001:0002b208       __imp_load_?getAllocator@shdfnd@physx@@YAAEAVPxAllocatorCallback@2@XZ 000000018002c208 f   PhysXFoundation_64:PhysXFoundation_64.dll
 0001:0002b214       ?getAllocator@shdfnd@physx@@YAAEAVPxAllocatorCallback@2@XZ 000000018002c214 f   PhysXFoundation_64:PhysXFoundation_64.dll
 0001:0002b21a       __imp_load_?getInstance@Foundation@shdfnd@physx@@SAAEAV123@XZ 000000018002c21a f   PhysXFoundation_64:PhysXFoundation_64.dll
 0001:0002b226       ?getInstance@Foundation@shdfnd@physx@@SAAEAV123@XZ 000000018002c226 f   PhysXFoundation_64:PhysXFoundation_64.dll
 0001:0002b22c       __imp_load_?error@Foundation@shdfnd@physx@@QEAAXW4Enum@PxErrorCode@3@PEBDH1ZZ 000000018002c22c f   PhysXFoundation_64:PhysXFoundation_64.dll
 0001:0002b238       ?error@Foundation@shdfnd@physx@@QEAAXW4Enum@PxErrorCode@3@PEBDH1ZZ 000000018002c238 f   PhysXFoundation_64:PhysXFoundation_64.dll
 0001:0002b23e       __imp_load_?incRefCount@Foundation@shdfnd@physx@@SAXXZ 000000018002c23e f   PhysXFoundation_64:PhysXFoundation_64.dll
 0001:0002b24a       ?incRefCount@Foundation@shdfnd@physx@@SAXXZ 000000018002c24a f   PhysXFoundation_64:PhysXFoundation_64.dll
 0001:0002b250       __imp_load_?decRefCount@Foundation@shdfnd@physx@@SAXXZ 000000018002c250 f   PhysXFoundation_64:PhysXFoundation_64.dll
 0001:0002b25c       ?decRefCount@Foundation@shdfnd@physx@@SAXXZ 000000018002c25c f   PhysXFoundation_64:PhysXFoundation_64.dll
 0001:0002b262       __imp_load_??0FPUGuard@shdfnd@physx@@QEAA@XZ 000000018002c262 f   PhysXFoundation_64:PhysXFoundation_64.dll
 0001:0002b26e       ??0FPUGuard@shdfnd@physx@@QEAA@XZ 000000018002c26e f   PhysXFoundation_64:PhysXFoundation_64.dll
 0001:0002b274       __imp_load_??1FPUGuard@shdfnd@physx@@QEAA@XZ 000000018002c274 f   PhysXFoundation_64:PhysXFoundation_64.dll
 0001:0002b280       ??1FPUGuard@shdfnd@physx@@QEAA@XZ 000000018002c280 f   PhysXFoundation_64:PhysXFoundation_64.dll
 0001:0002b286       __imp_load_?allocate@TempAllocator@shdfnd@physx@@QEAAPEAX_KPEBDH@Z 000000018002c286 f   PhysXFoundation_64:PhysXFoundation_64.dll
 0001:0002b292       ?allocate@TempAllocator@shdfnd@physx@@QEAAPEAX_KPEBDH@Z 000000018002c292 f   PhysXFoundation_64:PhysXFoundation_64.dll
 0001:0002b298       __imp_load_?deallocate@TempAllocator@shdfnd@physx@@QEAAXPEAX@Z 000000018002c298 f   PhysXFoundation_64:PhysXFoundation_64.dll
 0001:0002b2a4       ?deallocate@TempAllocator@shdfnd@physx@@QEAAXPEAX@Z 000000018002c2a4 f   PhysXFoundation_64:PhysXFoundation_64.dll
[...]
 0004:00001bfc       $pdata$1$?deleteFacePoints@QuickHull@local@@IEAAXAEAUQuickHullFace@2@PEAU32@@Z 000000018003abfc     QuickHullConvexHullLib.obj
 0004:00001c08       $pdata$?resolveUnclaimedPoints@QuickHull@local@@IEAAXAEBV?$Array@PEAUQuickHullFace@local@@V?$ReflectionAllocator@PEAUQuickHullFace@local@@@shdfnd@physx@@@shdfnd@physx@@@Z 000000018003ac08     QuickHullConvexHullLib.obj
 0004:00001c14       $pdata$?postMergeHull@QuickHull@local@@IEAAXXZ 000000018003ac14     QuickHullConvexHullLib.obj
 0004:00001c20       $pdata$4$?postMergeHull@QuickHull@local@@IEAAXXZ 000000018003ac20     QuickHullConvexHullLib.obj
 0004:00001c2c       $pdata$5$?postMergeHull@QuickHull@local@@IEAAXXZ 000000018003ac2c     QuickHullConvexHullLib.obj
 0004:00001c38       $pdata$6$?postMergeHull@QuickHull@local@@IEAAXXZ 000000018003ac38     QuickHullConvexHullLib.obj
 0004:00001c44       $pdata$?canMergeFaces@QuickHull@local@@IEAA_NAEBUQuickHullHalfEdge@2@@Z 000000018003ac44     QuickHullConvexHullLib.obj
 0004:00001c50       $pdata$??_GQuickHullConvexHullLib@physx@@UEAAPEAXI@Z 000000018003ac50     QuickHullConvexHullLib.obj
 0004:00001c5c       $pdata$??_GConvexHull@physx@@QEAAPEAXI@Z 000000018003ac5c     QuickHullConvexHullLib.obj
 0004:00001c68       $pdata$?init@?$MemBlock@UQuickHullHalfEdge@local@@$0A@@local@@QEAAXI@Z 000000018003ac68     QuickHullConvexHullLib.obj
 0004:00001c74       $pdata$??1?$MemBlock@UQuickHullHalfEdge@local@@$0A@@local@@QEAA@XZ 000000018003ac74     QuickHullConvexHullLib.obj
 0004:00001c80       $pdata$0$??1?$MemBlock@UQuickHullHalfEdge@local@@$0A@@local@@QEAA@XZ 000000018003ac80     QuickHullConvexHullLib.obj
 0004:00001c8c       $pdata$1$??1?$MemBlock@UQuickHullHalfEdge@local@@$0A@@local@@QEAA@XZ 000000018003ac8c     QuickHullConvexHullLib.obj
 0004:00001c98       $pdata$2$??1?$MemBlock@UQuickHullHalfEdge@local@@$0A@@local@@QEAA@XZ 000000018003ac98     QuickHullConvexHullLib.obj
 0004:00001ca4       $pdata$3$??1?$MemBlock@UQuickHullHalfEdge@local@@$0A@@local@@QEAA@XZ 000000018003aca4     QuickHullConvexHullLib.obj
 0004:00001cb0       $pdata$?getFreeItem@?$MemBlock@UQuickHullHalfEdge@local@@$0A@@local@@QEAAPEAUQuickHullHalfEdge@2@XZ 000000018003acb0     QuickHullConvexHullLib.obj
 0004:00001cbc       $pdata$?allocate@?$Array@PEAUQuickHullHalfEdge@local@@V?$ReflectionAllocator@PEAUQuickHullHalfEdge@local@@@shdfnd@physx@@@shdfnd@physx@@IEAAPEAPEAUQuickHullHalfEdge@local@@I@Z 000000018003acbc     QuickHullConvexHullLib.obj
 0004:00001cc8       $pdata$1$?allocate@?$Array@PEAUQuickHullHalfEdge@local@@V?$ReflectionAllocator@PEAUQuickHullHalfEdge@local@@@shdfnd@physx@@@shdfnd@physx@@IEAAPEAPEAUQuickHullHalfEdge@local@@I@Z 000000018003acc8     QuickHullConvexHullLib.obj
 0004:00001cd4       $pdata$3$?allocate@?$Array@PEAUQuickHullHalfEdge@local@@V?$ReflectionAllocator@PEAUQuickHullHalfEdge@local@@@shdfnd@physx@@@shdfnd@physx@@IEAAPEAPEAUQuickHullHalfEdge@local@@I@Z 000000018003acd4     QuickHullConvexHullLib.obj
 0004:00001ce0       $pdata$4$?allocate@?$Array@PEAUQuickHullHalfEdge@local@@V?$ReflectionAllocator@PEAUQuickHullHalfEdge@local@@@shdfnd@physx@@@shdfnd@physx@@IEAAPEAPEAUQuickHullHalfEdge@local@@I@Z 000000018003ace0     QuickHullConvexHullLib.obj
 0004:00001cec       $pdata$?growAndPushBack@?$Array@PEAUQuickHullHalfEdge@local@@V?$ReflectionAllocator@PEAUQuickHullHalfEdge@local@@@shdfnd@physx@@@shdfnd@physx@@IEAAAEAPEAUQuickHullHalfEdge@local@@AEBQEAU45@@Z 000000018003acec     QuickHullConvexHullLib.obj
 0004:00001cf8       $pdata$?recreate@?$Array@PEAUQuickHullHalfEdge@local@@V?$ReflectionAllocator@PEAUQuickHullHalfEdge@local@@@shdfnd@physx@@@shdfnd@physx@@IEAAXI@Z 000000018003acf8     QuickHullConvexHullLib.obj
 0004:00001d04       $pdata$?init@?$MemBlock@UQuickHullFace@local@@$00@local@@QEAAXI@Z 000000018003ad04     QuickHullConvexHullLib.obj
 0004:00001d10       $pdata$??1?$MemBlock@UQuickHullFace@local@@$00@local@@QEAA@XZ 000000018003ad10     QuickHullConvexHullLib.obj
 0004:00001d1c       $pdata$0$??1?$MemBlock@UQuickHullFace@local@@$00@local@@QEAA@XZ 000000018003ad1c     QuickHullConvexHullLib.obj
 0004:00001d28       $pdata$1$??1?$MemBlock@UQuickHullFace@local@@$00@local@@QEAA@XZ 000000018003ad28     QuickHullConvexHullLib.obj
 0004:00001d34       $pdata$2$??1?$MemBlock@UQuickHullFace@local@@$00@local@@QEAA@XZ 000000018003ad34     QuickHullConvexHullLib.obj
 0004:00001d40       $pdata$3$??1?$MemBlock@UQuickHullFace@local@@$00@local@@QEAA@XZ 000000018003ad40     QuickHullConvexHullLib.obj
 0004:00001d4c       $pdata$?getFreeItem@?$MemBlock@UQuickHullFace@local@@$00@local@@QEAAPEAUQuickHullFace@2@XZ 000000018003ad4c     QuickHullConvexHullLib.obj
 0004:00001d58       $pdata$?allocate@?$Array@PEAUQuickHullFace@local@@V?$ReflectionAllocator@PEAUQuickHullFace@local@@@shdfnd@physx@@@shdfnd@physx@@IEAAPEAPEAUQuickHullFace@local@@I@Z 000000018003ad58     QuickHullConvexHullLib.obj
 0004:00001d64       $pdata$1$?allocate@?$Array@PEAUQuickHullFace@local@@V?$ReflectionAllocator@PEAUQuickHullFace@local@@@shdfnd@physx@@@shdfnd@physx@@IEAAPEAPEAUQuickHullFace@local@@I@Z 000000018003ad64     QuickHullConvexHullLib.obj
 0004:00001d70       $pdata$3$?allocate@?$Array@PEAUQuickHullFace@local@@V?$ReflectionAllocator@PEAUQuickHullFace@local@@@shdfnd@physx@@@shdfnd@physx@@IEAAPEAPEAUQuickHullFace@local@@I@Z 000000018003ad70     QuickHullConvexHullLib.obj
 0004:00001d7c       $pdata$4$?allocate@?$Array@PEAUQuickHullFace@local@@V?$ReflectionAllocator@PEAUQuickHullFace@local@@@shdfnd@physx@@@shdfnd@physx@@IEAAPEAPEAUQuickHullFace@local@@I@Z 000000018003ad7c     QuickHullConvexHullLib.obj
 0004:00001d88       $pdata$?growAndPushBack@?$Array@PEAUQuickHullFace@local@@V?$ReflectionAllocator@PEAUQuickHullFace@local@@@shdfnd@physx@@@shdfnd@physx@@IEAAAEAPEAUQuickHullFace@local@@AEBQEAU45@@Z 000000018003ad88     QuickHullConvexHullLib.obj
 0004:00001d94       $pdata$?recreate@?$Array@PEAUQuickHullFace@local@@V?$ReflectionAllocator@PEAUQuickHullFace@local@@@shdfnd@physx@@@shdfnd@physx@@IEAAXI@Z 000000018003ad94     QuickHullConvexHullLib.obj
 0004:00001da0       $pdata$?allocate@?$Array@PEAUQuickHullVertex@local@@V?$ReflectionAllocator@PEAUQuickHullVertex@local@@@shdfnd@physx@@@shdfnd@physx@@IEAAPEAPEAUQuickHullVertex@local@@I@Z 000000018003ada0     QuickHullConvexHullLib.obj
 0004:00001dac       $pdata$1$?allocate@?$Array@PEAUQuickHullVertex@local@@V?$ReflectionAllocator@PEAUQuickHullVertex@local@@@shdfnd@physx@@@shdfnd@physx@@IEAAPEAPEAUQuickHullVertex@local@@I@Z 000000018003adac     QuickHullConvexHullLib.obj
 0004:00001db8       $pdata$3$?allocate@?$Array@PEAUQuickHullVertex@local@@V?$ReflectionAllocator@PEAUQuickHullVertex@local@@@shdfnd@physx@@@shdfnd@physx@@IEAAPEAPEAUQuickHullVertex@local@@I@Z 000000018003adb8     QuickHullConvexHullLib.obj
 0004:00001dc4       $pdata$4$?allocate@?$Array@PEAUQuickHullVertex@local@@V?$ReflectionAllocator@PEAUQuickHullVertex@local@@@shdfnd@physx@@@shdfnd@physx@@IEAAPEAPEAUQuickHullVertex@local@@I@Z 000000018003adc4     QuickHullConvexHullLib.obj
 0004:00001dd0       $pdata$?growAndPushBack@?$Array@PEAUQuickHullVertex@local@@V?$ReflectionAllocator@PEAUQuickHullVertex@local@@@shdfnd@physx@@@shdfnd@physx@@IEAAAEAPEAUQuickHullVertex@local@@AEBQEAU45@@Z 000000018003add0     QuickHullConvexHullLib.obj
 0004:00001ddc       $pdata$?recreate@?$Array@PEAUQuickHullVertex@local@@V?$ReflectionAllocator@PEAUQuickHullVertex@local@@@shdfnd@physx@@@shdfnd@physx@@IEAAXI@Z 000000018003addc     QuickHullConvexHullLib.obj
 0004:00001de8       $pdata$?allocate@?$Array@UExpandPoint@local@@V?$ReflectionAllocator@UExpandPoint@local@@@shdfnd@physx@@@shdfnd@physx@@IEAAPEAUExpandPoint@local@@I@Z 000000018003ade8     QuickHullConvexHullLib.obj
 0004:00001df4       $pdata$1$?allocate@?$Array@UExpandPoint@local@@V?$ReflectionAllocator@UExpandPoint@local@@@shdfnd@physx@@@shdfnd@physx@@IEAAPEAUExpandPoint@local@@I@Z 000000018003adf4     QuickHullConvexHullLib.obj
 0004:00001e00       $pdata$3$?allocate@?$Array@UExpandPoint@local@@V?$ReflectionAllocator@UExpandPoint@local@@@shdfnd@physx@@@shdfnd@physx@@IEAAPEAUExpandPoint@local@@I@Z 000000018003ae00     QuickHullConvexHullLib.obj
 0004:00001e0c       $pdata$4$?allocate@?$Array@UExpandPoint@local@@V?$ReflectionAllocator@UExpandPoint@local@@@shdfnd@physx@@@shdfnd@physx@@IEAAPEAUExpandPoint@local@@I@Z 000000018003ae0c     QuickHullConvexHullLib.obj
 0004:00001e18       $pdata$?growAndPushBack@?$Array@UExpandPoint@local@@V?$ReflectionAllocator@UExpandPoint@local@@@shdfnd@physx@@@shdfnd@physx@@IEAAAEAUExpandPoint@local@@AEBU45@@Z 000000018003ae18     QuickHullConvexHullLib.obj
 0004:00001e24       $pdata$?recreate@?$Array@UExpandPoint@local@@V?$ReflectionAllocator@UExpandPoint@local@@@shdfnd@physx@@@shdfnd@physx@@IEAAXI@Z 000000018003ae24     QuickHullConvexHullLib.obj
 0004:00001e30       $pdata$?computeVolumeIntegrals@physx@@YA_NAEBVPxSimpleTriangleMesh@1@MAEAUPxIntegrals@1@@Z 000000018003ae30     VolumeIntegration.obj
 0004:00001e3c       $pdata$?computeVolumeIntegralsEberly@physx@@YA_NAEBVPxConvexMeshDesc@1@MAEAUPxIntegrals@1@AEBVPxVec3@1@@Z 000000018003ae3c     VolumeIntegration.obj
 0004:00001e48       $pdata$?computeVolumeIntegralsEberlySIMD@physx@@YA_NAEBVPxConvexMeshDesc@1@MAEAUPxIntegrals@1@AEBVPxVec3@1@@Z 000000018003ae48     VolumeIntegration.obj
 0004:00001e54       $pdata$?computeVolumeIntegrals@VolumeIntegrator@?A0x6ba36096@physx@@QEAA_NAEAUPxIntegrals@3@@Z 000000018003ae54     VolumeIntegration.obj
 0004:00001e60       $pdata$?computeProjectionIntegrals@VolumeIntegrator@?A0x6ba36096@physx@@AEAAXAEBUFace@123@@Z 000000018003ae60     VolumeIntegration.obj
 0004:00001e6c       $pdata$?computeFaceIntegrals@VolumeIntegrator@?A0x6ba36096@physx@@AEAAXAEBUFace@123@@Z 000000018003ae6c     VolumeIntegration.obj
 0004:00001e78       $pdata$?computeVolumeIntegralsSIMD@VolumeIntegratorEberly@?A0x6ba36096@physx@@QEAA_NAEAUPxIntegrals@3@AEBVPxVec3@3@@Z 000000018003ae78     VolumeIntegration.obj
 0004:00001e84       $pdata$0$?computeVolumeIntegralsSIMD@VolumeIntegratorEberly@?A0x6ba36096@physx@@QEAA_NAEAUPxIntegrals@3@AEBVPxVec3@3@@Z 000000018003ae84     VolumeIntegration.obj
 0004:00001e90       $pdata$2$?computeVolumeIntegralsSIMD@VolumeIntegratorEberly@?A0x6ba36096@physx@@QEAA_NAEAUPxIntegrals@3@AEBVPxVec3@3@@Z 000000018003ae90     VolumeIntegration.obj
 0004:00001e9c       $pdata$3$?computeVolumeIntegralsSIMD@VolumeIntegratorEberly@?A0x6ba36096@physx@@QEAA_NAEAUPxIntegrals@3@AEBVPxVec3@3@@Z 000000018003ae9c     VolumeIntegration.obj
 0004:00001ea8       $pdata$4$?computeVolumeIntegralsSIMD@VolumeIntegratorEberly@?A0x6ba36096@physx@@QEAA_NAEAUPxIntegrals@3@AEBVPxVec3@3@@Z 000000018003aea8     VolumeIntegration.obj
 0004:00001eb4       $pdata$?computeVolumeIntegrals@VolumeIntegratorEberly@?A0x6ba36096@physx@@QEAA_NAEAUPxIntegrals@3@AEBVPxVec3@3@@Z 000000018003aeb4     VolumeIntegration.obj
 0004:00001ec0       $pdata$0$?computeVolumeIntegrals@VolumeIntegratorEberly@?A0x6ba36096@physx@@QEAA_NAEAUPxIntegrals@3@AEBVPxVec3@3@@Z 000000018003aec0     VolumeIntegration.obj
 0004:00001ecc       $pdata$6$?computeVolumeIntegrals@VolumeIntegratorEberly@?A0x6ba36096@physx@@QEAA_NAEAUPxIntegrals@3@AEBVPxVec3@3@@Z 000000018003aecc     VolumeIntegration.obj
 0004:00001ed8       $pdata$7$?computeVolumeIntegrals@VolumeIntegratorEberly@?A0x6ba36096@physx@@QEAA_NAEAUPxIntegrals@3@AEBVPxVec3@3@@Z 000000018003aed8     VolumeIntegration.obj
 0004:00001ee4       $pdata$8$?computeVolumeIntegrals@VolumeIntegratorEberly@?A0x6ba36096@physx@@QEAA_NAEAUPxIntegrals@3@AEBVPxVec3@3@@Z 000000018003aee4     VolumeIntegration.obj
 0004:00001ef0       $pdata$?cookingDelayHook@@YAP6A_JXZIPEAUDelayLoadInfo@@@Z 000000018003aef0     WindowsCookingDelayLoadHook.obj
 0004:00001efc       $pdata$1$?cookingDelayHook@@YAP6A_JXZIPEAUDelayLoadInfo@@@Z 000000018003aefc     WindowsCookingDelayLoadHook.obj
 0004:00001f08       $pdata$3$?cookingDelayHook@@YAP6A_JXZIPEAUDelayLoadInfo@@@Z 000000018003af08     WindowsCookingDelayLoadHook.obj
 0004:00001f14       $pdata$5$?cookingDelayHook@@YAP6A_JXZIPEAUDelayLoadInfo@@@Z 000000018003af14     WindowsCookingDelayLoadHook.obj
 0004:00001f20       $pdata$6$?cookingDelayHook@@YAP6A_JXZIPEAUDelayLoadInfo@@@Z 000000018003af20     WindowsCookingDelayLoadHook.obj
 0004:00001f44       $pdata$__FUnloadDelayLoadedDLL2 000000018003af44     Delayimp:delayhlp.obj
 0004:00001f50       $pdata$__HrLoadAllImportsForDll 000000018003af50     Delayimp:delayhlp.obj
 0004:00001f5c       $pdata$?DloadGetSRWLockFunctionPointers@@YAEXZ 000000018003af5c     Delayimp:delayhlp.obj
 0004:00001f68       $pdata$?DloadLock@@YAXXZ   000000018003af68     Delayimp:delayhlp.obj
 0004:00001f74       $pdata$?DloadUnlock@@YAXXZ 000000018003af74     Delayimp:delayhlp.obj
 0004:00001f80       $pdata$?DloadObtainSection@@YAPEAXPEAK0@Z 000000018003af80     Delayimp:delayhlp.obj
 0004:00001f8c       $pdata$?DloadMakePermanentImageCommit@@YAXPEAX_K@Z 000000018003af8c     Delayimp:delayhlp.obj
 0004:00001f98       $pdata$?DloadProtectSection@@YAXKPEAK@Z 000000018003af98     Delayimp:delayhlp.obj
 0004:00001fa4       $pdata$?DloadAcquireSectionWriteAccess@@YAXXZ 000000018003afa4     Delayimp:delayhlp.obj
 0004:00001fb0       $pdata$?DloadReleaseSectionWriteAccess@@YAXXZ 000000018003afb0     Delayimp:delayhlp.obj
 0004:00001fbc       $pdata$?PiddFromDllName@@YAPEBUImgDelayDescr@@PEBD@Z 000000018003afbc     Delayimp:delayhlp.obj
 0004:00001fc8       $pdata$__delayLoadHelper2  000000018003afc8     Delayimp:delayhlp.obj
 0004:00001fd4       $pdata$??_Gtype_info@@UEAAPEAXI@Z 000000018003afd4     MSVCRT:std_type_info_static.obj
 0004:00001fec       $pdata$?dllmain_crt_process_attach@@YAHQEAUHINSTANCE__@@QEAX@Z 000000018003afec     MSVCRT:dll_dllmain.obj
 0004:00001ff8       $pdata$?fin$0@?0??dllmain_crt_process_attach@@YAHQEAUHINSTANCE__@@QEAX@Z@4HA 000000018003aff8     MSVCRT:dll_dllmain.obj
 0004:00002004       $pdata$?dllmain_crt_process_detach@@YAH_N@Z 000000018003b004     MSVCRT:dll_dllmain.obj
 0004:00002010       $pdata$?fin$0@?0??dllmain_crt_process_detach@@YAH_N@Z@4HA 000000018003b010     MSVCRT:dll_dllmain.obj
 0004:0000201c       $pdata$?dllmain_crt_dispatch@@YAHQEAUHINSTANCE__@@KQEAX@Z 000000018003b01c     MSVCRT:dll_dllmain.obj
 0004:00002028       $pdata$?dllmain_dispatch@@YAHQEAUHINSTANCE__@@KQEAX@Z 000000018003b028     MSVCRT:dll_dllmain.obj
 0004:00002034       $pdata$?filt$0@?0??dllmain_dispatch@@YAHQEAUHINSTANCE__@@KQEAX@Z@4HA 000000018003b034     MSVCRT:dll_dllmain.obj
 0004:00002040       $pdata$_DllMainCRTStartup  000000018003b040     MSVCRT:dll_dllmain.obj
 0004:00002058       $pdata$__security_init_cookie 000000018003b058     MSVCRT:gs_support.obj
 0004:00002064       $pdata$__get_entropy       000000018003b064     MSVCRT:gs_support.obj
 0004:00002070       $pdata$DllMain             000000018003b070     MSVCRT:dll_dllmain_stub.obj
 0004:0000207c       $pdata$__scrt_initialize_default_local_stdio_options 000000018003b07c     MSVCRT:default_local_stdio_options.obj
 0004:00002088       $pdata$atexit              000000018003b088     MSVCRT:utility.obj
 0004:00002094       $pdata$_onexit             000000018003b094     MSVCRT:utility.obj
 0004:000020a0       $pdata$__scrt_is_nonwritable_in_current_image 000000018003b0a0     MSVCRT:utility.obj
 0004:000020ac       $pdata$__scrt_is_nonwritable_in_current_image$filt$0 000000018003b0ac     MSVCRT:utility.obj
 0004:000020b8       $pdata$__scrt_acquire_startup_lock 000000018003b0b8     MSVCRT:utility.obj
 0004:000020c4       $pdata$__scrt_release_startup_lock 000000018003b0c4     MSVCRT:utility.obj
 0004:000020d0       $pdata$__scrt_initialize_crt 000000018003b0d0     MSVCRT:utility.obj
 0004:000020dc       $pdata$__scrt_uninitialize_crt 000000018003b0dc     MSVCRT:utility.obj
 0004:000020e8       $pdata$__scrt_initialize_onexit_tables 000000018003b0e8     MSVCRT:utility.obj
 0004:000020f4       $pdata$__scrt_dllmain_exception_filter 000000018003b0f4     MSVCRT:utility.obj
 0004:00002100       $pdata$__scrt_dllmain_before_initialize_c 000000018003b100     MSVCRT:utility.obj
 0004:0000210c       $pdata$__scrt_dllmain_after_initialize_c 000000018003b10c     MSVCRT:utility.obj
 0004:00002118       $pdata$__scrt_dllmain_uninitialize_c 000000018003b118     MSVCRT:utility.obj
 0004:00002124       $pdata$__scrt_dllmain_uninitialize_critical 000000018003b124     MSVCRT:utility.obj
 0004:00002130       $pdata$__scrt_dllmain_crt_thread_attach 000000018003b130     MSVCRT:utility.obj
 0004:0000213c       $pdata$__scrt_dllmain_crt_thread_detach 000000018003b13c     MSVCRT:utility.obj
 0004:00002148       $pdata$?configure_argv@__scrt_narrow_argv_policy@@SAHXZ 000000018003b148     MSVCRT:utility.obj
 0004:00002154       $pdata$__scrt_get_show_window_mode 000000018003b154     MSVCRT:utility_desktop.obj
 0004:00002160       $pdata$__scrt_is_managed_app 000000018003b160     MSVCRT:utility_desktop.obj
 0004:0000216c       $pdata$__scrt_fastfail     000000018003b16c     MSVCRT:utility_desktop.obj
 0004:00002178       $pdata$__scrt_unhandled_exception_filter 000000018003b178     MSVCRT:utility_desktop.obj
 0004:00002184       $pdata$_RTC_Initialize     000000018003b184     MSVCRT:initsect.obj
 0004:00002190       $pdata$_RTC_Terminate      000000018003b190     MSVCRT:initsect.obj
 0004:000021a8       $pdata$__isa_available_init 000000018003b1a8     MSVCRT:cpu_disp.obj
 0005:00000000       __spec_table               000000018003c000     MSVCRT:svml_ssinf4_sse2.obj
 0005:00000560       MMSA7                      000000018003c560     MSVCRT:svml_ssinf4_sse2.obj
 0005:00000570       MMSA3                      000000018003c570     MSVCRT:svml_ssinf4_sse2.obj
 0005:00000580       MMSA5                      000000018003c580     MSVCRT:svml_ssinf4_sse2.obj
 0005:00000590       MMSA9                      000000018003c590     MSVCRT:svml_ssinf4_sse2.obj
 0005:000005a0       MMSPI3                     000000018003c5a0     MSVCRT:svml_ssinf4_sse2.obj
 0005:000005b0       MMSPI4                     000000018003c5b0     MSVCRT:svml_ssinf4_sse2.obj
 0005:000005c0       MMSPI2                     000000018003c5c0     MSVCRT:svml_ssinf4_sse2.obj
 0005:000005d0       MMSPI1                     000000018003c5d0     MSVCRT:svml_ssinf4_sse2.obj
 0005:000005e0       MMIHUGE                    000000018003c5e0     MSVCRT:svml_ssinf4_sse2.obj
 0005:000005f0       MMSINVPI                   000000018003c5f0     MSVCRT:svml_ssinf4_sse2.obj
 0005:00000600       MMIABSMASK                 000000018003c600     MSVCRT:svml_ssinf4_sse2.obj
 0005:00000610       dbSignMask                 000000018003c610     MSVCRT:svml_ssinf4_sse2.obj
 0005:00000620       PI02C_4                    000000018003c620     MSVCRT:svml_ssinf4_sse2.obj
 0005:00000630       PI02C_3                    000000018003c630     MSVCRT:svml_ssinf4_sse2.obj
 0005:00000640       PI02C_2                    000000018003c640     MSVCRT:svml_ssinf4_sse2.obj
 0005:00000650       PI02C_1                    000000018003c650     MSVCRT:svml_ssinf4_sse2.obj
 0005:00000660       PI02C_0                    000000018003c660     MSVCRT:svml_ssinf4_sse2.obj
 0005:00000670       dbRS                       000000018003c670     MSVCRT:svml_ssinf4_sse2.obj
 0005:00000680       MSK_LOW_BIT                000000018003c680     MSVCRT:svml_ssinf4_sse2.obj
 0005:00000690       dbiOne                     000000018003c690     MSVCRT:svml_ssinf4_sse2.obj
 0005:000006a0       dbInvPio2                  000000018003c6a0     MSVCRT:svml_ssinf4_sse2.obj
 0005:000006b0       flAllOnes                  000000018003c6b0     MSVCRT:svml_ssinf4_sse2.obj
 0005:000006c0       flTwoPow30                 000000018003c6c0     MSVCRT:svml_ssinf4_sse2.obj
 0005:000006d0       MMISIGNMASK                000000018003c6d0     MSVCRT:svml_ssinf4_sse2.obj
 0006:000000a0       $R000000                   000000018003d0a0     PhysXCooking.res
 0006:000003d0       $R000330                   000000018003d3d0     PhysXCooking.res
