 PhysX3Cooking_x64

 Timestamp is 5c127c2a (Thu Dec 13 10:35:06 2018)

 Preferred load address is 0000000180000000

 Start         Length     Name                   Class
 0001:00000000 00000500H .text$di                CODE
 0001:00000500 00030730H .text$mn                CODE
 0001:00030c30 00000012H .text$mn$00             CODE
 0001:00030c42 00000081H .text$x                 CODE
 0002:00000000 000001a8H .idata$5                DATA
 0002:000001a8 00000010H .00cfg                  DATA
 0002:000001b8 00000008H .CRT$XCA                DATA
 0002:000001c0 00000180H .CRT$XCU                DATA
 0002:00000340 00000008H .CRT$XCZ                DATA
 0002:00000348 00000008H .CRT$XIA                DATA
 0002:00000350 00000008H .CRT$XIZ                DATA
 0002:00000358 00000008H .CRT$XPA                DATA
 0002:00000360 00000008H .CRT$XPZ                DATA
 0002:00000368 00000008H .CRT$XTA                DATA
 0002:00000370 00000010H .CRT$XTZ                DATA
 0002:00000378 00000000H .gfids$y                DATA
 0002:00000380 00002018H .rdata                  DATA
 0002:00002398 00000074H .rdata$r                DATA
 0002:0000240c 0000039cH .rdata$zzzdbg           DATA
 0002:000027a8 00000008H .rtc$IAA                DATA
 0002:000027b0 00000008H .rtc$IZZ                DATA
 0002:000027b8 00000008H .rtc$TAA                DATA
 0002:000027c0 00000008H .rtc$TZZ                DATA
 0002:000027c8 00003bf0H .xdata                  DATA
 0002:000063b8 00000040H .didat$2                DATA
 0002:000063f8 00000020H .didat$3                DATA
 0002:00006418 00000170H .didat$4                DATA
 0002:00006588 000008a0H .didat$6                DATA
 0002:00006e28 00000178H .didat$7                DATA
 0002:00006fa0 00000084H .edata                  DATA
 0002:00007024 00000064H .idata$2                DATA
 0002:00007088 00000018H .idata$3                DATA
 0002:000070a0 000001a8H .idata$4                DATA
 0002:00007248 00000416H .idata$6                DATA
 0003:00000000 00000060H .data                   DATA
 0003:00000060 000006e0H .data$r                 DATA
 0003:00000740 00000170H .didat$5                DATA
 0003:000008b0 000003d0H .bss                    DATA
 0004:00000000 000022d4H .pdata                  DATA
 0005:00000000 000006e0H _RDATA                  DATA
 0006:00000000 000000a0H .rsrc$01                DATA
 0006:000000a0 000004b8H .rsrc$02                DATA

  Address         Publics by Value              Rva+Base               Lib:Object

 0000:00000000       __guard_fids_table         0000000000000000     <absolute>
 0000:00000000       ___safe_se_handler_table   0000000000000000     <absolute>
 0000:00000000       __guard_longjmp_count      0000000000000000     <absolute>
 0000:00000000       __enclave_config           0000000000000000     <absolute>
 0000:00000000       __volatile_metadata        0000000000000000     <absolute>
 0000:00000000       ___safe_se_handler_count   0000000000000000     <absolute>
 0000:00000000       __dynamic_value_reloc_table 0000000000000000     <absolute>
 0000:00000000       __hybrid_code_map_count    0000000000000000     <absolute>
 0000:00000000       __guard_longjmp_table      0000000000000000     <absolute>
 0000:00000000       __guard_iat_count          0000000000000000     <absolute>
 0000:00000000       __hybrid_code_map          0000000000000000     <absolute>
 0000:00000000       __guard_iat_table          0000000000000000     <absolute>
 0000:00000000       __guard_fids_count         0000000000000000     <absolute>
 0000:00000000       __hybrid_auxiliary_iat     0000000000000000     <absolute>
 0000:00000100       __guard_flags              0000000000000100     <absolute>
 0000:00000000       __ImageBase                0000000180000000     <linker-defined>
 0001:00000500       PxSetPhysXCookingDelayLoadHook 0000000180001500 f   WindowsCookingDelayLoadHook.obj
 0001:00000510       ?delayHook@@YAP6A_JXZIPEAUDelayLoadInfo@@@Z 0000000180001510 f   WindowsCookingDelayLoadHook.obj
 0001:00000560       ?physXCommonDliNotePreLoadLibrary@Cm@physx@@YAP6A_JXZPEBDPEBVPxDelayLoadHook@2@@Z 0000000180001560 f i WindowsCookingDelayLoadHook.obj
 0001:000007e0       ?saveHeightField@physx@@YA_NAEBVHeightField@Gu@1@AEAVPxOutputStream@1@_N@Z 00000001800017e0 f   HeightFieldCooking.obj
 0001:00000a30       ?__empty_global_delete@@YAXPEAX@Z 0000000180001a30 f i HeightFieldCooking.obj
 0001:00000a40       ?__global_array_delete@@YAXPEAX_K@Z 0000000180001a40 f i HeightFieldCooking.obj
 0001:00000a40       ?__global_delete@@YAXPEAX_K@Z 0000000180001a40 f i HeightFieldCooking.obj
 0001:00000a40       ?__empty_global_delete@@YAXPEAX_K@Z 0000000180001a40 f i HeightFieldCooking.obj
 0001:00000a50       ?buildFromTriangles@RTreeCooker@physx@@SAXAEAURTree@Gu@2@PEBVPxVec3@2@IPEBGPEBIIAEAV?$Array@IV?$ReflectionAllocator@I@shdfnd@physx@@@shdfnd@2@PEAURemapCallback@12@MW4Enum@PxMeshCookingHint@2@@Z 0000000180001a50 f   RTreeCooking.obj
 0001:00000d10       ??$partition@UBoundsLTE@physx@@@quickSelect@physx@@YAIPEIAIIIIAEBUBoundsLTE@1@@Z 0000000180001d10 f i RTreeCooking.obj
 0001:00000eb0       ??$quickSelectFirstK@UBoundsLTE@physx@@@quickSelect@physx@@YAXPEIAIIIIAEBUBoundsLTE@1@@Z 0000000180001eb0 f i RTreeCooking.obj
 0001:000010a0       ??$smallSort@I$$CBUSortBoundsPredicate@physx@@@internal@shdfnd@physx@@YAXPEAIHHAEBUSortBoundsPredicate@2@@Z 00000001800020a0 f i RTreeCooking.obj
 0001:00001370       ??$sort@I@shdfnd@physx@@YAXPEAII@Z 0000000180002370 f i RTreeCooking.obj
 0001:00001390       ??$sort@IU?$Less@I@shdfnd@physx@@V?$ReflectionAllocator@I@23@@shdfnd@physx@@YAXPEAIIAEBU?$Less@I@01@AEBV?$ReflectionAllocator@I@01@I@Z 0000000180002390 f i RTreeCooking.obj
 0001:00001720       ??$sort@IUSortBoundsPredicate@physx@@@shdfnd@physx@@YAXPEAIIAEBUSortBoundsPredicate@1@@Z 0000000180002720 f i RTreeCooking.obj
 0001:00001740       ??$sort@IUSortBoundsPredicate@physx@@V?$ReflectionAllocator@I@shdfnd@2@@shdfnd@physx@@YAXPEAIIAEBUSortBoundsPredicate@1@AEBV?$ReflectionAllocator@I@01@I@Z 0000000180002740 f i RTreeCooking.obj
 0001:00001b90       ??_H@YAXPEAX_K1P6APEAX0@Z@Z 0000000180002b90 f i RTreeCooking.obj
 0001:00001be0       ?allocate@?$Array@UInterval@physx@@V?$InlineAllocator@$0CAAA@V?$ReflectionAllocator@UInterval@physx@@@shdfnd@physx@@@shdfnd@2@@shdfnd@physx@@IEAAPEAUInterval@3@I@Z 0000000180002be0 f i RTreeCooking.obj
 0001:00001ca0       ?allocate@?$Array@UPxBounds3V@physx@@V?$ReflectionAllocator@UPxBounds3V@physx@@@shdfnd@2@@shdfnd@physx@@IEAAPEAUPxBounds3V@3@I@Z 0000000180002ca0 f i RTreeCooking.obj
 0001:00001d40       ?allocate@?$Array@URTreeNodeNQ@physx@@V?$ReflectionAllocator@URTreeNodeNQ@physx@@@shdfnd@2@@shdfnd@physx@@IEAAPEAURTreeNodeNQ@3@I@Z 0000000180002d40 f i RTreeCooking.obj
 0001:00001de0       ?allocate@?$Array@URTreeNodeQ@Gu@physx@@V?$ReflectionAllocator@URTreeNodeQ@Gu@physx@@@shdfnd@3@@shdfnd@physx@@IEAAPEAURTreeNodeQ@Gu@3@I@Z 0000000180002de0 f i RTreeCooking.obj
 0001:00001e80       ?allocate@?$Array@VPxVec3@physx@@V?$ReflectionAllocator@VPxVec3@physx@@@shdfnd@2@@shdfnd@physx@@IEAAPEAVPxVec3@3@I@Z 0000000180002e80 f i RTreeCooking.obj
 0001:00001f20       ?allocate@?$ReflectionAllocator@I@shdfnd@physx@@QEAAPEAX_KPEBDH@Z 0000000180002f20 f i RTreeCooking.obj
 0001:00002be0       ?copy@?$Array@URTreeNodeNQ@physx@@V?$ReflectionAllocator@URTreeNodeNQ@physx@@@shdfnd@2@@shdfnd@physx@@KAXPEAURTreeNodeNQ@3@0PEBU43@@Z 0000000180003be0 f i RTreeCooking.obj
 0001:00002da0       ?copy@?$Array@VPxVec3@physx@@V?$ReflectionAllocator@VPxVec3@physx@@@shdfnd@2@@shdfnd@physx@@KAXPEAVPxVec3@3@0PEBV43@@Z 0000000180003da0 f i RTreeCooking.obj
 0001:00002e70       ?growAndPushBack@?$Array@IV?$ReflectionAllocator@I@shdfnd@physx@@@shdfnd@physx@@IEAAAEAIAEBI@Z 0000000180003e70 f i RTreeCooking.obj
 0001:00002f60       ?growAndPushBack@?$Array@UInterval@physx@@V?$InlineAllocator@$0CAAA@V?$ReflectionAllocator@UInterval@physx@@@shdfnd@physx@@@shdfnd@2@@shdfnd@physx@@IEAAAEAUInterval@3@AEBU43@@Z 0000000180003f60 f i RTreeCooking.obj
 0001:00003060       ?growAndPushBack@?$Array@UPxBounds3V@physx@@V?$ReflectionAllocator@UPxBounds3V@physx@@@shdfnd@2@@shdfnd@physx@@IEAAAEAUPxBounds3V@3@AEBU43@@Z 0000000180004060 f i RTreeCooking.obj
 0001:00003140       ?growAndPushBack@?$Array@URTreeNodeNQ@physx@@V?$ReflectionAllocator@URTreeNodeNQ@physx@@@shdfnd@2@@shdfnd@physx@@IEAAAEAURTreeNodeNQ@3@AEBU43@@Z 0000000180004140 f i RTreeCooking.obj
 0001:00003230       ?growAndPushBack@?$Array@URTreeNodeQ@Gu@physx@@V?$ReflectionAllocator@URTreeNodeQ@Gu@physx@@@shdfnd@3@@shdfnd@physx@@IEAAAEAURTreeNodeQ@Gu@3@AEBU453@@Z 0000000180004230 f i RTreeCooking.obj
 0001:00003310       ?growAndPushBack@?$Array@VPxVec3@physx@@V?$ReflectionAllocator@VPxVec3@physx@@@shdfnd@2@@shdfnd@physx@@IEAAAEAVPxVec3@3@AEBV43@@Z 0000000180004310 f i RTreeCooking.obj
 0001:000033e0       ?recreate@?$Array@IV?$ReflectionAllocator@I@shdfnd@physx@@@shdfnd@physx@@IEAAXI@Z 00000001800043e0 f i RTreeCooking.obj
 0001:000034c0       ?recreate@?$Array@UPxBounds3V@physx@@V?$ReflectionAllocator@UPxBounds3V@physx@@@shdfnd@2@@shdfnd@physx@@IEAAXI@Z 00000001800044c0 f i RTreeCooking.obj
 0001:00003570       ?recreate@?$Array@URTreeNodeNQ@physx@@V?$ReflectionAllocator@URTreeNodeNQ@physx@@@shdfnd@2@@shdfnd@physx@@IEAAXI@Z 0000000180004570 f i RTreeCooking.obj
 0001:000035f0       ?recreate@?$Array@URTreeNodeQ@Gu@physx@@V?$ReflectionAllocator@URTreeNodeQ@Gu@physx@@@shdfnd@3@@shdfnd@physx@@IEAAXI@Z 00000001800045f0 f i RTreeCooking.obj
 0001:000036b0       ?recreate@?$Array@VPxVec3@physx@@V?$ReflectionAllocator@VPxVec3@physx@@@shdfnd@2@@shdfnd@physx@@IEAAXI@Z 00000001800046b0 f i RTreeCooking.obj
 0001:00003730       ?resize@?$Array@IV?$ReflectionAllocator@I@shdfnd@physx@@@shdfnd@physx@@QEAAXIAEBI@Z 0000000180004730 f i RTreeCooking.obj
 0001:00003810       ?resizeUninitialized@?$Array@URTreeNodeNQ@physx@@V?$ReflectionAllocator@URTreeNodeNQ@physx@@@shdfnd@2@@shdfnd@physx@@QEAAXI@Z 0000000180004810 f i RTreeCooking.obj
 0001:00003850       ?sort4@SubSortQuick@physx@@QEAAXPEIAIIAEAV?$Array@URTreeNodeNQ@physx@@V?$ReflectionAllocator@URTreeNodeNQ@physx@@@shdfnd@2@@shdfnd@2@AEAIAEAUPxBounds3V@2@I@Z 0000000180004850 f i RTreeCooking.obj
 0001:00003be0       ?sort4@SubSortSAH@physx@@QEAAXPEAIIAEAV?$Array@URTreeNodeNQ@physx@@V?$ReflectionAllocator@URTreeNodeNQ@physx@@@shdfnd@2@@shdfnd@2@AEAIIPEAURTreeNodeNQ@2@@Z 0000000180004be0 f i RTreeCooking.obj
 0001:000042c0       ?split@SubSortSAH@physx@@QEAAIPEAII@Z 00000001800052c0 f i RTreeCooking.obj
 0001:00004a20       ??0TriangleMeshBuilder@physx@@QEAA@AEAVTriangleMeshData@Gu@1@AEBUPxCookingParams@1@@Z 0000000180005a20 f   TriangleMeshBuilder.obj
 0001:00004a50       ??1TriangleMeshBuilder@physx@@UEAA@XZ 0000000180005a50 f   TriangleMeshBuilder.obj
 0001:00004ac0       ?cleanMesh@TriangleMeshBuilder@physx@@QEAA_N_NPEAW4Enum@PxTriangleMeshCookingResult@2@@Z 0000000180005ac0 f   TriangleMeshBuilder.obj
 0001:00004f70       ?remapTopology@TriangleMeshBuilder@physx@@QEAAXPEBI@Z 0000000180005f70 f   TriangleMeshBuilder.obj
 0001:000051c0       ?createSharedEdgeData@TriangleMeshBuilder@physx@@QEAAX_N0@Z 00000001800061c0 f   TriangleMeshBuilder.obj
 0001:00005630       ?recordTriangleIndices@TriangleMeshBuilder@physx@@QEAAXXZ 0000000180006630 f   TriangleMeshBuilder.obj
 0001:000056d0       ?createGRBMidPhaseAndData@TriangleMeshBuilder@physx@@QEAAXI@Z 00000001800066d0 f   TriangleMeshBuilder.obj
 0001:00005a70       ?createGRBData@TriangleMeshBuilder@physx@@QEAAXXZ 0000000180006a70 f   TriangleMeshBuilder.obj
 0001:00005b70       ?loadFromDesc@TriangleMeshBuilder@physx@@QEAA_NAEBVPxTriangleMeshDesc@2@PEAW4Enum@PxTriangleMeshCookingResult@2@_N@Z 0000000180006b70 f   TriangleMeshBuilder.obj
 0001:00005fe0       ?save@TriangleMeshBuilder@physx@@QEBA_NAEAVPxOutputStream@2@_NAEBUPxCookingParams@2@@Z 0000000180006fe0 f   TriangleMeshBuilder.obj
 0001:000065e0       ?checkMeshIndicesSize@TriangleMeshBuilder@physx@@QEAAXXZ 00000001800075e0 f   TriangleMeshBuilder.obj
 0001:000066f0       ?computeLocalBounds@TriangleMeshBuilder@physx@@IEAAXXZ 00000001800076f0 f   TriangleMeshBuilder.obj
 0001:00006790       ?importMesh@TriangleMeshBuilder@physx@@IEAA_NAEBVPxTriangleMeshDesc@2@AEBUPxCookingParams@2@PEAW4Enum@PxTriangleMeshCookingResult@2@_N@Z 0000000180007790 f   TriangleMeshBuilder.obj
 0001:00006a10       ?releaseEdgeList@TriangleMeshBuilder@physx@@IEAAXXZ 0000000180007a10 f   TriangleMeshBuilder.obj
 0001:00006a70       ?createEdgeList@TriangleMeshBuilder@physx@@IEAAXXZ 0000000180007a70 f   TriangleMeshBuilder.obj
 0001:00006b90       ??0RTreeTriangleMeshBuilder@physx@@QEAA@AEBUPxCookingParams@1@@Z 0000000180007b90 f   TriangleMeshBuilder.obj
 0001:00006c50       ??1RTreeTriangleMeshBuilder@physx@@UEAA@XZ 0000000180007c50 f   TriangleMeshBuilder.obj
 0001:00006c80       ?createMidPhaseStructure@RTreeTriangleMeshBuilder@physx@@UEAAXXZ 0000000180007c80 f   TriangleMeshBuilder.obj
 0001:00006d70       ?saveMidPhaseStructure@RTreeTriangleMeshBuilder@physx@@UEBAXAEAVPxOutputStream@2@_N@Z 0000000180007d70 f   TriangleMeshBuilder.obj
 0001:00006fc0       ??0BV4TriangleMeshBuilder@physx@@QEAA@AEBUPxCookingParams@1@@Z 0000000180007fc0 f   TriangleMeshBuilder.obj
 0001:00007090       ??1BV4TriangleMeshBuilder@physx@@UEAA@XZ 0000000180008090 f   TriangleMeshBuilder.obj
 0001:000070f0       ?createMidPhaseStructure@BV4TriangleMeshBuilder@physx@@UEAAXXZ 00000001800080f0 f   TriangleMeshBuilder.obj
 0001:00007380       ?saveMidPhaseStructure@BV4TriangleMeshBuilder@physx@@UEBAXAEAVPxOutputStream@2@_N@Z 0000000180008380 f   TriangleMeshBuilder.obj
 0001:00007580       ?onMeshIndexFormatChange@BV4TriangleMeshBuilder@physx@@UEAAXXZ 0000000180008580 f   TriangleMeshBuilder.obj
 0001:000075c0       ?createMidPhaseStructure@BV32TriangleMeshBuilder@physx@@SAXAEBUPxCookingParams@2@AEAVTriangleMeshData@Gu@2@AEAVBV32Tree@52@@Z 00000001800085c0 f   TriangleMeshBuilder.obj
 0001:00007740       ?saveMidPhaseStructure@BV32TriangleMeshBuilder@physx@@SAXPEAVBV32Tree@Gu@2@AEAVPxOutputStream@2@_N@Z 0000000180008740 f   TriangleMeshBuilder.obj
 0001:000078e0       ?findSharpVertices@GrbTrimeshCookerHelper@physx@@YAXAEAV?$Array@USortedNeighbor@GrbTrimeshCookerHelper@physx@@V?$ReflectionAllocator@USortedNeighbor@GrbTrimeshCookerHelper@physx@@@shdfnd@3@@shdfnd@2@AEAV?$Array@USharpEdgeRange@GrbTrimeshCookerHelper@physx@@V?$ReflectionAllocator@USharpEdgeRange@GrbTrimeshCookerHelper@physx@@@shdfnd@3@@42@PEBUuint3@2@PEBUuint4@2@II@Z 00000001800088e0 f   TriangleMeshBuilder.obj
 0001:00007c80       ?buildVertexConnectionNew_p1@GrbTrimeshCookerHelper@physx@@YAIAEAV?$Array@USortedNeighbor@GrbTrimeshCookerHelper@physx@@V?$ReflectionAllocator@USortedNeighbor@GrbTrimeshCookerHelper@physx@@@shdfnd@3@@shdfnd@2@AEAV?$Array@USharpEdgeRange@GrbTrimeshCookerHelper@physx@@V?$ReflectionAllocator@USharpEdgeRange@GrbTrimeshCookerHelper@physx@@@shdfnd@3@@42@PEBUuint3@2@PEBUuint4@2@II@Z 0000000180008c80 f   TriangleMeshBuilder.obj
 0001:00007e30       ?buildVertexConnectionNew_p2@GrbTrimeshCookerHelper@physx@@YAXPEAI00AEAV?$Array@USortedNeighbor@GrbTrimeshCookerHelper@physx@@V?$ReflectionAllocator@USortedNeighbor@GrbTrimeshCookerHelper@physx@@@shdfnd@3@@shdfnd@2@AEAV?$Array@USharpEdgeRange@GrbTrimeshCookerHelper@physx@@V?$ReflectionAllocator@USharpEdgeRange@GrbTrimeshCookerHelper@physx@@@shdfnd@3@@42@I@Z 0000000180008e30 f   TriangleMeshBuilder.obj
 0001:00007ee0       ??$?_UG@@YAPEAX_KV?$ReflectionAllocator@G@shdfnd@physx@@PEBDH@Z 0000000180008ee0 f i TriangleMeshBuilder.obj
 0001:00007f80       ??$median3@USortedNeighbor@GrbTrimeshCookerHelper@physx@@$$CBU?$Less@USortedNeighbor@GrbTrimeshCookerHelper@physx@@@shdfnd@3@@internal@shdfnd@physx@@YAXPEAUSortedNeighbor@GrbTrimeshCookerHelper@2@HHAEBU?$Less@USortedNeighbor@GrbTrimeshCookerHelper@physx@@@12@@Z 0000000180008f80 f i TriangleMeshBuilder.obj
 0001:000080b0       ??$sort@UEdgeTriLookup@physx@@@shdfnd@physx@@YAXPEAUEdgeTriLookup@1@I@Z 00000001800090b0 f i TriangleMeshBuilder.obj
 0001:000080d0       ??$sort@UEdgeTriLookup@physx@@U?$Less@UEdgeTriLookup@physx@@@shdfnd@2@V?$ReflectionAllocator@UEdgeTriLookup@physx@@@42@@shdfnd@physx@@YAXPEAUEdgeTriLookup@1@IAEBU?$Less@UEdgeTriLookup@physx@@@01@AEBV?$ReflectionAllocator@UEdgeTriLookup@physx@@@01@I@Z 00000001800090d0 f i TriangleMeshBuilder.obj
 0001:00008620       ??$sort@USortedNeighbor@GrbTrimeshCookerHelper@physx@@@shdfnd@physx@@YAXPEAUSortedNeighbor@GrbTrimeshCookerHelper@1@I@Z 0000000180009620 f i TriangleMeshBuilder.obj
 0001:00008640       ??$sort@USortedNeighbor@GrbTrimeshCookerHelper@physx@@U?$Less@USortedNeighbor@GrbTrimeshCookerHelper@physx@@@shdfnd@3@V?$ReflectionAllocator@USortedNeighbor@GrbTrimeshCookerHelper@physx@@@53@@shdfnd@physx@@YAXPEAUSortedNeighbor@GrbTrimeshCookerHelper@1@IAEBU?$Less@USortedNeighbor@GrbTrimeshCookerHelper@physx@@@01@AEBV?$ReflectionAllocator@USortedNeighbor@GrbTrimeshCookerHelper@physx@@@01@I@Z 0000000180009640 f i TriangleMeshBuilder.obj
 0001:00008aa0       ??0PxVec4@physx@@QEAA@XZ   0000000180009aa0 f i TriangleMeshBuilder.obj
 0001:00008ab0       ??1BV4TriangleData@Gu@physx@@UEAA@XZ 0000000180009ab0 f i TriangleMeshBuilder.obj
 0001:00008af0       ??1RTreeTriangleData@Gu@physx@@UEAA@XZ 0000000180009af0 f i TriangleMeshBuilder.obj
 0001:00008b60       ??1RemapCallback@RTreeCooker@physx@@UEAA@XZ 0000000180009b60 f i TriangleMeshBuilder.obj
 0001:00008b70       ??1TriangleMeshData@Gu@physx@@UEAA@XZ 0000000180009b70 f i TriangleMeshBuilder.obj
 0001:00008cf0       ??_EBV4TriangleData@Gu@physx@@UEAAPEAXI@Z 0000000180009cf0 f i TriangleMeshBuilder.obj
 0001:00008cf0       ??_GBV4TriangleData@Gu@physx@@UEAAPEAXI@Z 0000000180009cf0 f i TriangleMeshBuilder.obj
 0001:00008d80       ??_GBV4TriangleMeshBuilder@physx@@UEAAPEAXI@Z 0000000180009d80 f i TriangleMeshBuilder.obj
 0001:00008d80       ??_EBV4TriangleMeshBuilder@physx@@UEAAPEAXI@Z 0000000180009d80 f i TriangleMeshBuilder.obj
 0001:00008e00       ??_GRTreeCookerRemap@physx@@UEAAPEAXI@Z 0000000180009e00 f i TriangleMeshBuilder.obj
 0001:00008e00       ??_ERTreeCookerRemap@physx@@UEAAPEAXI@Z 0000000180009e00 f i TriangleMeshBuilder.obj
 0001:00008e30       ??_ERTreeTriangleData@Gu@physx@@UEAAPEAXI@Z 0000000180009e30 f i TriangleMeshBuilder.obj
 0001:00008e30       ??_GRTreeTriangleData@Gu@physx@@UEAAPEAXI@Z 0000000180009e30 f i TriangleMeshBuilder.obj
 0001:00008ea0       ??_GRTreeTriangleMeshBuilder@physx@@UEAAPEAXI@Z 0000000180009ea0 f i TriangleMeshBuilder.obj
 0001:00008ea0       ??_ERTreeTriangleMeshBuilder@physx@@UEAAPEAXI@Z 0000000180009ea0 f i TriangleMeshBuilder.obj
 0001:00008ef0       ??_ERemapCallback@RTreeCooker@physx@@UEAAPEAXI@Z 0000000180009ef0 f i TriangleMeshBuilder.obj
 0001:00008ef0       ??_GRemapCallback@RTreeCooker@physx@@UEAAPEAXI@Z 0000000180009ef0 f i TriangleMeshBuilder.obj
 0001:00008f20       ??_ETriangleMeshBuilder@physx@@UEAAPEAXI@Z 0000000180009f20 f i TriangleMeshBuilder.obj
 0001:00008f20       ??_GTriangleMeshBuilder@physx@@UEAAPEAXI@Z 0000000180009f20 f i TriangleMeshBuilder.obj
 0001:00008f60       ??_ETriangleMeshData@Gu@physx@@UEAAPEAXI@Z 0000000180009f60 f i TriangleMeshBuilder.obj
 0001:00008f60       ??_GTriangleMeshData@Gu@physx@@UEAAPEAXI@Z 0000000180009f60 f i TriangleMeshBuilder.obj
 0001:00008fd0       ?allocate@?$ReflectionAllocator@USortedNeighbor@GrbTrimeshCookerHelper@physx@@@shdfnd@physx@@QEAAPEAX_KPEBDH@Z 0000000180009fd0 f i TriangleMeshBuilder.obj
 0001:00009070       ?allocateTriangles@TriangleMeshData@Gu@physx@@QEAAPEAXI_NI@Z 000000018000a070 f i TriangleMeshBuilder.obj
 0001:00009150       ?allocateVertices@TriangleMeshData@Gu@physx@@QEAAPEAVPxVec3@3@I@Z 000000018000a150 f i TriangleMeshBuilder.obj
 0001:00009830       ?getMidphaseID@BV4TriangleMeshBuilder@physx@@UEBA?AW4Enum@PxMeshMidPhase@2@XZ 000000018000a830 f i TriangleMeshBuilder.obj
 0001:00009840       ?getMidphaseID@RTreeTriangleMeshBuilder@physx@@UEBA?AW4Enum@PxMeshMidPhase@2@XZ 000000018000a840 f i TriangleMeshBuilder.obj
 0001:00009850       ?growAndPushBack@?$Array@USortedNeighbor@GrbTrimeshCookerHelper@physx@@V?$ReflectionAllocator@USortedNeighbor@GrbTrimeshCookerHelper@physx@@@shdfnd@3@@shdfnd@physx@@IEAAAEAUSortedNeighbor@GrbTrimeshCookerHelper@3@AEBU453@@Z 000000018000a850 f i TriangleMeshBuilder.obj
 0001:00009950       ?onMeshIndexFormatChange@TriangleMeshBuilder@physx@@UEAAXXZ 000000018000a950 f i TriangleMeshBuilder.obj
 0001:00009960       ?recreate@?$Array@USharpEdgeRange@GrbTrimeshCookerHelper@physx@@V?$ReflectionAllocator@USharpEdgeRange@GrbTrimeshCookerHelper@physx@@@shdfnd@3@@shdfnd@physx@@IEAAXI@Z 000000018000a960 f i TriangleMeshBuilder.obj
 0001:00009a80       ?recreate@?$Array@USortedNeighbor@GrbTrimeshCookerHelper@physx@@V?$ReflectionAllocator@USortedNeighbor@GrbTrimeshCookerHelper@physx@@@shdfnd@3@@shdfnd@physx@@IEAAXI@Z 000000018000aa80 f i TriangleMeshBuilder.obj
 0001:00009b50       ?remap@RTreeCookerRemap@physx@@UEAAXPEAIII@Z 000000018000ab50 f i TriangleMeshBuilder.obj
 0001:00009b70       ?resize@?$Array@USharpEdgeRange@GrbTrimeshCookerHelper@physx@@V?$ReflectionAllocator@USharpEdgeRange@GrbTrimeshCookerHelper@physx@@@shdfnd@3@@shdfnd@physx@@QEAAXIAEBUSharpEdgeRange@GrbTrimeshCookerHelper@3@@Z 000000018000ab70 f i TriangleMeshBuilder.obj
 0001:00009c50       ?resizeUninitialized@?$Array@USortedNeighbor@GrbTrimeshCookerHelper@physx@@V?$ReflectionAllocator@USortedNeighbor@GrbTrimeshCookerHelper@physx@@@shdfnd@3@@shdfnd@physx@@QEAAXI@Z 000000018000ac50 f i TriangleMeshBuilder.obj
 0001:00009c90       ??0BigConvexDataBuilder@physx@@QEAA@PEBUConvexHullData@Gu@1@PEAVBigConvexData@1@PEBVPxVec3@1@@Z 000000018000ac90 f   BigConvexDataBuilder.obj
 0001:00009cb0       ??1BigConvexDataBuilder@physx@@QEAA@XZ 000000018000acb0 f   BigConvexDataBuilder.obj
 0001:00009cc0       ?precompute@BigConvexDataBuilder@physx@@QEAA_NI@Z 000000018000acc0 f   BigConvexDataBuilder.obj
 0001:0000a910       ?initialize@BigConvexDataBuilder@physx@@QEAA_NXZ 000000018000b910 f   BigConvexDataBuilder.obj
 0001:0000a9c0       ?save@BigConvexDataBuilder@physx@@QEBA_NAEAVPxOutputStream@2@_N@Z 000000018000b9c0 f   BigConvexDataBuilder.obj
 0001:0000ac10       ?computeValencies@BigConvexDataBuilder@physx@@QEAA_NAEBVConvexHullBuilder@2@@Z 000000018000bc10 f   BigConvexDataBuilder.obj
 0001:0000b000       ?saveValencies@BigConvexDataBuilder@physx@@QEBA_NAEAVPxOutputStream@2@_N@Z 000000018000c000 f   BigConvexDataBuilder.obj
 0001:0000b1b0       ??0ConvexHullBuilder@physx@@QEAA@PEAUConvexHullData@Gu@1@_N@Z 000000018000c1b0 f   ConvexHullBuilder.obj
 0001:0000b1e0       ??1ConvexHullBuilder@physx@@QEAA@XZ 000000018000c1e0 f   ConvexHullBuilder.obj
 0001:0000b2f0       ?init@ConvexHullBuilder@physx@@QEAA_NIPEBVPxVec3@2@PEBIIIPEBUPxHullPolygon@2@_NPEAVConvexHullLib@2@@Z 000000018000c2f0 f   ConvexHullBuilder.obj
 0001:0000b6c0       ?save@ConvexHullBuilder@physx@@QEBA_NAEAVPxOutputStream@2@_N@Z 000000018000c6c0 f   ConvexHullBuilder.obj
 0001:0000ba00       ?copy@ConvexHullBuilder@physx@@QEAA_NAEAUConvexHullData@Gu@2@AEAI@Z 000000018000ca00 f   ConvexHullBuilder.obj
 0001:0000bc70       ?createEdgeList@ConvexHullBuilder@physx@@QEAA_N_NI@Z 000000018000cc70 f   ConvexHullBuilder.obj
 0001:0000c480       ?checkHullPolygons@ConvexHullBuilder@physx@@QEBA_NXZ 000000018000d480 f   ConvexHullBuilder.obj
 0001:0000ca60       ?calculateVertexMapTable@ConvexHullBuilder@physx@@QEAA_NI_N@Z 000000018000da60 f   ConvexHullBuilder.obj
 0001:0000cc20       ?computeGeomCenter@ConvexHullBuilder@physx@@IEBA_NAEAVPxVec3@2@IPEAUHullTriangleData@2@@Z 000000018000dc20 f   ConvexHullBuilder.obj
 0001:0000cee0       ??$?_UE@@YAPEAX_KV?$ReflectionAllocator@E@shdfnd@physx@@PEBDH@Z 000000018000dee0 f i ConvexHullBuilder.obj
 0001:0000cf80       ??0PxVec3@physx@@QEAA@XZ   000000018000df80 f i ConvexHullBuilder.obj
 0001:0000cf90       ??1ConvexHullLib@physx@@UEAA@XZ 000000018000df90 f   ConvexHullLib.obj
 0001:0000cff0       ?cleanupVertices@ConvexHullLib@physx@@IEAA_NIPEBVPxVec3@2@IAEAIPEAV32@AEAV32@3@Z 000000018000dff0 f   ConvexHullLib.obj
 0001:0000d440       ?shiftAndcleanupVertices@ConvexHullLib@physx@@IEAA_NIPEBVPxVec3@2@IAEAIPEAV32@AEAV32@3@Z 000000018000e440 f   ConvexHullLib.obj
 0001:0000d960       ?swapLargestFace@ConvexHullLib@physx@@IEAAXAEAVPxConvexMeshDesc@2@@Z 000000018000e960 f   ConvexHullLib.obj
 0001:0000db50       ?shiftConvexMeshDesc@ConvexHullLib@physx@@IEAAXAEAVPxConvexMeshDesc@2@@Z 000000018000eb50 f   ConvexHullLib.obj
 0001:0000dc10       ??_EConvexHullLib@physx@@UEAAPEAXI@Z 000000018000ec10 f i ConvexHullLib.obj
 0001:0000dc10       ??_GConvexHullLib@physx@@UEAAPEAXI@Z 000000018000ec10 f i ConvexHullLib.obj
 0001:0000e180       ??0ConvexHull@physx@@QEAA@AEBVPxVec3@1@0AEBV?$Array@VPxPlane@physx@@V?$ReflectionAllocator@VPxPlane@physx@@@shdfnd@2@@shdfnd@1@@Z 000000018000f180 f   ConvexHullUtils.obj
 0001:0000eb70       ??0ConvexHull@physx@@QEAA@AEBVPxVec3@1@AEBVPxTransform@1@AEBV?$Array@VPxPlane@physx@@V?$ReflectionAllocator@VPxPlane@physx@@@shdfnd@2@@shdfnd@1@@Z 000000018000fb70 f   ConvexHullUtils.obj
 0001:0000fcd0       ?findCandidatePlane@ConvexHull@physx@@QEBAHMM@Z 0000000180010cd0 f   ConvexHullUtils.obj
 0001:00010130       ?assertIntact@ConvexHull@physx@@QEBA_NM@Z 0000000180011130 f   ConvexHullUtils.obj
 0001:00010450       ?maxNumVertsPerFace@ConvexHull@physx@@QEBAIXZ 0000000180011450 f   ConvexHullUtils.obj
 0001:000104d0       ?convexHullCrop@physx@@YAPEAVConvexHull@1@AEBV21@AEBVPxPlane@1@M@Z 00000001800114d0 f   ConvexHullUtils.obj
 0001:00011290       ?computeOBBFromConvex@physx@@YA_NAEBVPxConvexMeshDesc@1@AEAVPxVec3@1@AEAVPxTransform@1@@Z 0000000180012290 f   ConvexHullUtils.obj
 0001:000119a0       ?computeOBBSIMD@local@@YAXIPEBT__m128@@AEAT2@AEBT2@1@Z 00000001800129a0 f   ConvexHullUtils.obj
 0001:00011c00       ??0HalfEdge@ConvexHull@physx@@QEAA@XZ 0000000180012c00 f i ConvexHullUtils.obj
 0001:00011c10       ??0PxPlane@physx@@QEAA@XZ  0000000180012c10 f i ConvexHullUtils.obj
 0001:00011c20       ?allocate@?$Array@VHalfEdge@ConvexHull@physx@@V?$ReflectionAllocator@VHalfEdge@ConvexHull@physx@@@shdfnd@3@@shdfnd@physx@@IEAAPEAVHalfEdge@ConvexHull@3@I@Z 0000000180012c20 f i ConvexHullUtils.obj
 0001:00011cc0       ?allocate@?$Array@VPxPlane@physx@@V?$ReflectionAllocator@VPxPlane@physx@@@shdfnd@2@@shdfnd@physx@@IEAAPEAVPxPlane@3@I@Z 0000000180012cc0 f i ConvexHullUtils.obj
 0001:00011d60       ?copy@?$Array@VPxPlane@physx@@V?$ReflectionAllocator@VPxPlane@physx@@@shdfnd@2@@shdfnd@physx@@KAXPEAVPxPlane@3@0PEBV43@@Z 0000000180012d60 f i ConvexHullUtils.obj
 0001:00011e60       ?getInverse@PxMat33@physx@@QEBA?BV12@XZ 0000000180012e60 f i ConvexHullUtils.obj
 0001:000120b0       ?growAndPushBack@?$Array@VHalfEdge@ConvexHull@physx@@V?$ReflectionAllocator@VHalfEdge@ConvexHull@physx@@@shdfnd@3@@shdfnd@physx@@IEAAAEAVHalfEdge@ConvexHull@3@AEBV453@@Z 00000001800130b0 f i ConvexHullUtils.obj
 0001:00012180       ?growAndPushBack@?$Array@VPxPlane@physx@@V?$ReflectionAllocator@VPxPlane@physx@@@shdfnd@2@@shdfnd@physx@@IEAAAEAVPxPlane@3@AEBV43@@Z 0000000180013180 f i ConvexHullUtils.obj
 0001:00012250       ?recreate@?$Array@VHalfEdge@ConvexHull@physx@@V?$ReflectionAllocator@VHalfEdge@ConvexHull@physx@@@shdfnd@3@@shdfnd@physx@@IEAAXI@Z 0000000180013250 f i ConvexHullUtils.obj
 0001:00012310       ?recreate@?$Array@VPxPlane@physx@@V?$ReflectionAllocator@VPxPlane@physx@@@shdfnd@2@@shdfnd@physx@@IEAAXI@Z 0000000180013310 f i ConvexHullUtils.obj
 0001:00012390       ?resize@?$Array@VHalfEdge@ConvexHull@physx@@V?$ReflectionAllocator@VHalfEdge@ConvexHull@physx@@@shdfnd@3@@shdfnd@physx@@QEAAXIAEBVHalfEdge@ConvexHull@3@@Z 0000000180013390 f i ConvexHullUtils.obj
 0001:00012470       ?resize@?$Array@VPxPlane@physx@@V?$ReflectionAllocator@VPxPlane@physx@@@shdfnd@2@@shdfnd@physx@@QEAAXIAEBVPxPlane@3@@Z 0000000180013470 f i ConvexHullUtils.obj
 0001:00012590       ?resize@?$Array@VPxVec3@physx@@V?$ReflectionAllocator@VPxVec3@physx@@@shdfnd@2@@shdfnd@physx@@QEAAXIAEBVPxVec3@3@@Z 0000000180013590 f i ConvexHullUtils.obj
 0001:00012680       ??0ConvexMeshBuilder@physx@@QEAA@_N@Z 0000000180013680 f   ConvexMeshBuilder.obj
 0001:000126f0       ??1ConvexMeshBuilder@physx@@QEAA@XZ 00000001800136f0 f   ConvexMeshBuilder.obj
 0001:00012750       ?build@ConvexMeshBuilder@physx@@QEAA_NAEBVPxConvexMeshDesc@2@I_NPEAVConvexHullLib@2@@Z 0000000180013750 f   ConvexMeshBuilder.obj
 0001:00012a80       ?save@ConvexMeshBuilder@physx@@QEBA_NAEAVPxOutputStream@2@_N@Z 0000000180013a80 f   ConvexMeshBuilder.obj
 0001:00012cb0       ?copy@ConvexMeshBuilder@physx@@QEAA_NAEAUConvexHullData@Gu@2@AEAI@Z 0000000180013cb0 f   ConvexMeshBuilder.obj
 0001:00012d40       ?loadConvexHull@ConvexMeshBuilder@physx@@QEAA_NAEBVPxConvexMeshDesc@2@PEAVConvexHullLib@2@@Z 0000000180013d40 f   ConvexMeshBuilder.obj
 0001:00012ff0       ?computeHullPolygons@ConvexMeshBuilder@physx@@QEAA_NAEBIPEBVPxVec3@2@0PEBIAEAVPxAllocatorCallback@2@AEAIAEAPEAV32@4AEAPEAI4AEAPEAUPxHullPolygon@2@@Z 0000000180013ff0 f   ConvexMeshBuilder.obj
 0001:00013210       ?computeGaussMaps@ConvexMeshBuilder@physx@@QEAA_NXZ 0000000180014210 f   ConvexMeshBuilder.obj
 0001:00013300       ?computeMassInfo@ConvexMeshBuilder@physx@@QEAAX_N@Z 0000000180014300 f   ConvexMeshBuilder.obj
 0001:000136e0       ?computeInternalObjects@ConvexMeshBuilder@physx@@QEAAXXZ 00000001800146e0 f   ConvexMeshBuilder.obj
 0001:00013b60       ?isFinite@PxVec3@physx@@QEBA_NXZ 0000000180014b60 f i ConvexMeshBuilder.obj
 0001:00013bc0       ??0ConvexPolygonsBuilder@physx@@QEAA@PEAUConvexHullData@Gu@1@_N@Z 0000000180014bc0 f   ConvexPolygonsBuilder.obj
 0001:00013bf0       ??1ConvexPolygonsBuilder@physx@@QEAA@XZ 0000000180014bf0 f   ConvexPolygonsBuilder.obj
 0001:00013c40       ?computeHullPolygons@ConvexPolygonsBuilder@physx@@QEAA_NAEBIPEBVPxVec3@2@0PEBI@Z 0000000180014c40 f   ConvexPolygonsBuilder.obj
 0001:00013ef0       ?createPolygonData@ConvexPolygonsBuilder@physx@@AEAA_NXZ 0000000180014ef0 f   ConvexPolygonsBuilder.obj
 0001:00014a90       ?createTrianglesFromPolygons@ConvexPolygonsBuilder@physx@@AEAA_NXZ 0000000180015a90 f   ConvexPolygonsBuilder.obj
 0001:00015330       ??$?_UUHullTriangleData@physx@@@@YAPEAX_KV?$ReflectionAllocator@UHullTriangleData@physx@@@shdfnd@physx@@PEBDH@Z 0000000180016330 f i ConvexPolygonsBuilder.obj
 0001:000153d0       ??$copy@V?$ReflectionAllocator@VPair@@@shdfnd@physx@@@?$Array@VPair@@V?$ReflectionAllocator@VPair@@@shdfnd@physx@@@shdfnd@physx@@IEAAXAEBV012@@Z 00000001800163d0 f i ConvexPolygonsBuilder.obj
 0001:000161d0       ?allocate@?$Array@IV?$ReflectionAllocator@I@shdfnd@physx@@@shdfnd@physx@@IEAAPEAII@Z 00000001800171d0 f i ConvexPolygonsBuilder.obj
 0001:00016270       ?allocate@?$Array@VPair@@V?$ReflectionAllocator@VPair@@@shdfnd@physx@@@shdfnd@physx@@IEAAPEAVPair@@I@Z 0000000180017270 f i ConvexPolygonsBuilder.obj
 0001:00017810       ?growAndPushBack@?$Array@VPair@@V?$ReflectionAllocator@VPair@@@shdfnd@physx@@@shdfnd@physx@@IEAAAEAVPair@@AEBV4@@Z 0000000180018810 f i ConvexPolygonsBuilder.obj
 0001:000178f0       ??0InflationConvexHullLib@physx@@QEAA@AEBVPxConvexMeshDesc@1@AEBUPxCookingParams@1@@Z 00000001800188f0 f   InflationConvexHullLib.obj
 0001:00017930       ??1InflationConvexHullLib@physx@@UEAA@XZ 0000000180018930 f   InflationConvexHullLib.obj
 0001:000179c0       ?createConvexHull@InflationConvexHullLib@physx@@UEAA?AW4Enum@PxConvexMeshCookingResult@2@XZ 00000001800189c0 f   InflationConvexHullLib.obj
 0001:00017ad0       ?fillConvexMeshDesc@InflationConvexHullLib@physx@@UEAAXAEAVPxConvexMeshDesc@2@@Z 0000000180018ad0 f   InflationConvexHullLib.obj
 0001:00017b50       ?computeHull@InflationConvexHullLib@physx@@IEAA?AW4ErrorCode@ConvexHullLibResult@2@IPEBVPxVec3@2@@Z 0000000180018b50 f   InflationConvexHullLib.obj
 0001:00017d70       ?calchull@InflationConvexHullLib@physx@@IEAA?AW4ErrorCode@ConvexHullLibResult@2@PEBVPxVec3@2@IAEAPEAVConvexHull@2@@Z 0000000180018d70 f   InflationConvexHullLib.obj
 0001:00017fb0       ?calchullgen@InflationConvexHullLib@physx@@IEAA?AW4ErrorCode@ConvexHullLibResult@2@PEBVPxVec3@2@IAEAVHullTriangles@local@@@Z 0000000180018fb0 f   InflationConvexHullLib.obj
 0001:00019070       ?calchullplanes@InflationConvexHullLib@physx@@IEAA_NPEBVPxVec3@2@AEAVHullTriangles@local@@AEAV?$Array@VPxPlane@physx@@V?$ReflectionAllocator@VPxPlane@physx@@@shdfnd@2@@shdfnd@2@@Z 000000018001a070 f   InflationConvexHullLib.obj
 0001:00019790       ?overhull@InflationConvexHullLib@physx@@IEAA_NPEBVPxVec3@2@IAEBV?$Array@VPxPlane@physx@@V?$ReflectionAllocator@VPxPlane@physx@@@shdfnd@2@@shdfnd@2@AEAPEAVConvexHull@2@@Z 000000018001a790 f   InflationConvexHullLib.obj
 0001:00019e20       ?expandHull@InflationConvexHullLib@physx@@IEAA?AW4ErrorCode@ConvexHullLibResult@2@PEBVPxVec3@2@IAEBVHullTriangles@local@@AEAPEAVConvexHull@2@@Z 000000018001ae20 f   InflationConvexHullLib.obj
 0001:0001ad70       ?expandHullOBB@InflationConvexHullLib@physx@@IEAA?AW4ErrorCode@ConvexHullLibResult@2@PEBVPxVec3@2@IAEBVHullTriangles@local@@AEAPEAVConvexHull@2@@Z 000000018001bd70 f   InflationConvexHullLib.obj
 0001:0001b480       ?maxIndexInDirFiltered@local@@YAHPEBVPxVec3@physx@@IAEBV23@PEA_N@Z 000000018001c480 f   InflationConvexHullLib.obj
 0001:0001b730       ?maxIndexInDirSterid@local@@YAHPEBVPxVec3@physx@@IAEBV23@AEAV?$Array@EV?$ReflectionAllocator@E@shdfnd@physx@@@shdfnd@3@@Z 000000018001c730 f   InflationConvexHullLib.obj
 0001:0001bbe0       ??_GConvexHull@physx@@QEAAPEAXI@Z 000000018001cbe0 f i InflationConvexHullLib.obj
 0001:0001bcd0       ??_EInflationConvexHullLib@physx@@UEAAPEAXI@Z 000000018001ccd0 f i InflationConvexHullLib.obj
 0001:0001bcd0       ??_GInflationConvexHullLib@physx@@UEAAPEAXI@Z 000000018001ccd0 f i InflationConvexHullLib.obj
 0001:0001bda0       ?allocate@?$Array@EV?$ReflectionAllocator@E@shdfnd@physx@@@shdfnd@physx@@IEAAPEAEI@Z 000000018001cda0 f i InflationConvexHullLib.obj
 0001:0001be30       ?allocate@?$Array@HV?$ReflectionAllocator@H@shdfnd@physx@@@shdfnd@physx@@IEAAPEAHI@Z 000000018001ce30 f i InflationConvexHullLib.obj
 0001:0001bed0       ?allocate@?$Array@PEAVTri@local@@V?$ReflectionAllocator@PEAVTri@local@@@shdfnd@physx@@@shdfnd@physx@@IEAAPEAPEAVTri@local@@I@Z 000000018001ced0 f i InflationConvexHullLib.obj
 0001:0001bf70       ?b2bfix@HullTriangles@local@@IEAAXPEAVTri@2@0@Z 000000018001cf70 f i InflationConvexHullLib.obj
 0001:0001c350       ?createEdgeList@InflationConvexHullLib@physx@@UEAA_NIPEBEPEAPEAEPEAPEAG2@Z 000000018001d350 f i InflationConvexHullLib.obj
 0001:0001c360       ?createTri@HullTriangles@local@@QEAAPEAVTri@2@HHH@Z 000000018001d360 f i InflationConvexHullLib.obj
 0001:0001c460       ?findExtrudable@HullTriangles@local@@QEBAPEAVTri@2@M@Z 000000018001d460 f i InflationConvexHullLib.obj
 0001:0001cd40       ?getNormal@Tri@local@@QEBA?AVPxVec3@physx@@PEBV34@@Z 000000018001dd40 f i InflationConvexHullLib.obj
 0001:0001ce50       ?growAndPushBack@?$Array@EV?$ReflectionAllocator@E@shdfnd@physx@@@shdfnd@physx@@IEAAAEAEAEBE@Z 000000018001de50 f i InflationConvexHullLib.obj
 0001:0001cf30       ?growAndPushBack@?$Array@HV?$ReflectionAllocator@H@shdfnd@physx@@@shdfnd@physx@@IEAAAEAHAEBH@Z 000000018001df30 f i InflationConvexHullLib.obj
 0001:0001d000       ?growAndPushBack@?$Array@PEAVTri@local@@V?$ReflectionAllocator@PEAVTri@local@@@shdfnd@physx@@@shdfnd@physx@@IEAAAEAPEAVTri@local@@AEBQEAV45@@Z 000000018001e000 f i InflationConvexHullLib.obj
 0001:0001d0e0       ?growAndPushBack@?$Array@UExpandPlane@local@@V?$ReflectionAllocator@UExpandPlane@local@@@shdfnd@physx@@@shdfnd@physx@@IEAAAEAUExpandPlane@local@@AEBU45@@Z 000000018001e0e0 f i InflationConvexHullLib.obj
 0001:0001d430       ?neib@Tri@local@@QEAAAEAHHH@Z 000000018001e430 f i InflationConvexHullLib.obj
 0001:0001d4e0       ?recreate@?$Array@EV?$ReflectionAllocator@E@shdfnd@physx@@@shdfnd@physx@@IEAAXI@Z 000000018001e4e0 f i InflationConvexHullLib.obj
 0001:0001d5a0       ?recreate@?$Array@HV?$ReflectionAllocator@H@shdfnd@physx@@@shdfnd@physx@@IEAAXI@Z 000000018001e5a0 f i InflationConvexHullLib.obj
 0001:0001d660       ?recreate@?$Array@PEAVTri@local@@V?$ReflectionAllocator@PEAVTri@local@@@shdfnd@physx@@@shdfnd@physx@@IEAAXI@Z 000000018001e660 f i InflationConvexHullLib.obj
 0001:0001d720       ?removeb2b@HullTriangles@local@@IEAAXPEAVTri@2@0@Z 000000018001e720 f i InflationConvexHullLib.obj
 0001:0001d790       ?resize@?$Array@HV?$ReflectionAllocator@H@shdfnd@physx@@@shdfnd@physx@@QEAAXIAEBH@Z 000000018001e790 f i InflationConvexHullLib.obj
 0001:0001d870       ??0QuickHullConvexHullLib@physx@@QEAA@AEBVPxConvexMeshDesc@1@AEBUPxCookingParams@1@@Z 000000018001e870 f   QuickHullConvexHullLib.obj
 0001:0001d970       ??1QuickHullConvexHullLib@physx@@UEAA@XZ 000000018001e970 f   QuickHullConvexHullLib.obj
 0001:0001da40       ?createConvexHull@QuickHullConvexHullLib@physx@@UEAA?AW4Enum@PxConvexMeshCookingResult@2@XZ 000000018001ea40 f   QuickHullConvexHullLib.obj
 0001:0001dfe0       ?fillConvexMeshDesc@QuickHullConvexHullLib@physx@@UEAAXAEAVPxConvexMeshDesc@2@@Z 000000018001efe0 f   QuickHullConvexHullLib.obj
 0001:0001e030       ?createEdgeList@QuickHullConvexHullLib@physx@@UEAA_NIPEBEPEAPEAEPEAPEAG2@Z 000000018001f030 f   QuickHullConvexHullLib.obj
 0001:0001e270       ?expandHullOBB@QuickHullConvexHullLib@physx@@IEAA?AW4Enum@PxConvexMeshCookingResult@2@XZ 000000018001f270 f   QuickHullConvexHullLib.obj
 0001:0001e6b0       ?expandHull@QuickHullConvexHullLib@physx@@IEAA?AW4Enum@PxConvexMeshCookingResult@2@XZ 000000018001f6b0 f   QuickHullConvexHullLib.obj
 0001:0001f000       ?cleanupForSimplex@QuickHullConvexHullLib@physx@@IEAA_NPEAVPxVec3@2@IPEAUQuickHullVertex@local@@1AEAM2@Z 0000000180020000 f   QuickHullConvexHullLib.obj
 0001:0001fbe0       ?fillConvexMeshDescFromQuickHull@QuickHullConvexHullLib@physx@@IEAAXAEAVPxConvexMeshDesc@2@@Z 0000000180020be0 f   QuickHullConvexHullLib.obj
 0001:0001ff70       ?fillConvexMeshDescFromCroppedHull@QuickHullConvexHullLib@physx@@IEAAXAEAVPxConvexMeshDesc@2@@Z 0000000180020f70 f   QuickHullConvexHullLib.obj
 0001:00020170       ?getOppositeFaceDistance@QuickHullHalfEdge@local@@QEBAMXZ 0000000180021170 f   QuickHullConvexHullLib.obj
 0001:000201b0       ?mergeAdjacentFace@QuickHullFace@local@@QEAA_NPEAUQuickHullHalfEdge@2@AEAV?$Array@PEAUQuickHullFace@local@@V?$ReflectionAllocator@PEAUQuickHullFace@local@@@shdfnd@physx@@@shdfnd@physx@@@Z 00000001800211b0 f   QuickHullConvexHullLib.obj
 0001:00020600       ?checkFaceConsistency@QuickHullFace@local@@QEAA_NXZ 0000000180021600 f   QuickHullConvexHullLib.obj
 0001:00020610       ?connectHalfEdges@QuickHullFace@local@@AEAAPEAU12@PEAUQuickHullHalfEdge@2@0@Z 0000000180021610 f   QuickHullConvexHullLib.obj
 0001:00020980       ??0QuickHull@local@@QEAA@AEBUPxCookingParams@physx@@AEBVPxConvexMeshDesc@3@@Z 0000000180021980 f   QuickHullConvexHullLib.obj
 0001:00020a30       ??1QuickHull@local@@QEAA@XZ 0000000180021a30 f   QuickHullConvexHullLib.obj
 0001:00020b80       ?preallocate@QuickHull@local@@QEAAXI@Z 0000000180021b80 f   QuickHullConvexHullLib.obj
 0001:00020cd0       ?parseInputVertices@QuickHull@local@@QEAAXPEBVPxVec3@physx@@I@Z 0000000180021cd0 f   QuickHullConvexHullLib.obj
 0001:00020e40       ?releaseHull@QuickHull@local@@QEAAXXZ 0000000180021e40 f   QuickHullConvexHullLib.obj
 0001:00020ea0       ?setPrecomputedMinMax@QuickHull@local@@QEAAXPEBUQuickHullVertex@2@0MM@Z 0000000180021ea0 f   QuickHullConvexHullLib.obj
 0001:00021030       ?buildHull@QuickHull@local@@QEAA?AW4Enum@QuickHullResult@2@XZ 0000000180022030 f   QuickHullConvexHullLib.obj
 0001:00021290       ?maxNumVertsPerFace@QuickHull@local@@QEBAIXZ 0000000180022290 f   QuickHullConvexHullLib.obj
 0001:000212d0       ?computeMinMaxVerts@QuickHull@local@@IEAAXXZ 00000001800222d0 f   QuickHullConvexHullLib.obj
 0001:000216c0       ?findSimplex@QuickHull@local@@IEAA_NXZ 00000001800226c0 f   QuickHullConvexHullLib.obj
 0001:00022360       ?addSimplex@QuickHull@local@@IEAAXPEAUQuickHullVertex@2@_N@Z 0000000180023360 f   QuickHullConvexHullLib.obj
 0001:00022830       ?nextPointToAdd@QuickHull@local@@IEAAPEAUQuickHullVertex@2@AEAPEAUQuickHullFace@2@@Z 0000000180023830 f   QuickHullConvexHullLib.obj
 0001:00022990       ?addPointToHull@QuickHull@local@@IEAA_NPEBUQuickHullVertex@2@AEAUQuickHullFace@2@AEA_N@Z 0000000180023990 f   QuickHullConvexHullLib.obj
 0001:00022d80       ?createTriangle@QuickHull@local@@IEAAPEAUQuickHullFace@2@AEBUQuickHullVertex@2@00@Z 0000000180023d80 f   QuickHullConvexHullLib.obj
 0001:00023130       ?addPointToFace@QuickHull@local@@IEAAXAEAUQuickHullFace@2@PEAUQuickHullVertex@2@M@Z 0000000180024130 f   QuickHullConvexHullLib.obj
 0001:00023180       ?removeEyePointFromFace@QuickHull@local@@IEAAXAEAUQuickHullFace@2@PEBUQuickHullVertex@2@@Z 0000000180024180 f   QuickHullConvexHullLib.obj
 0001:000231a0       ?calculateHorizon@QuickHull@local@@IEAAXAEBVPxVec3@physx@@PEAUQuickHullHalfEdge@2@AEAUQuickHullFace@2@AEAV?$Array@PEAUQuickHullHalfEdge@local@@V?$ReflectionAllocator@PEAUQuickHullHalfEdge@local@@@shdfnd@physx@@@shdfnd@4@AEAV?$Array@PEAUQuickHullFace@local@@V?$ReflectionAllocator@PEAUQuickHullFace@local@@@shdfnd@physx@@@84@@Z 00000001800241a0 f   QuickHullConvexHullLib.obj
 0001:00023350       ?addNewFacesFromHorizon@QuickHull@local@@IEAAXPEBUQuickHullVertex@2@AEBV?$Array@PEAUQuickHullHalfEdge@local@@V?$ReflectionAllocator@PEAUQuickHullHalfEdge@local@@@shdfnd@physx@@@shdfnd@physx@@AEAV?$Array@PEAUQuickHullFace@local@@V?$ReflectionAllocator@PEAUQuickHullFace@local@@@shdfnd@physx@@@56@@Z 0000000180024350 f   QuickHullConvexHullLib.obj
 0001:000234a0       ?doAdjacentMerge@QuickHull@local@@IEAA_NAEAUQuickHullFace@2@_NAEA_N@Z 00000001800244a0 f   QuickHullConvexHullLib.obj
 0001:00023710       ?doPostAdjacentMerge@QuickHull@local@@IEAA_NAEAUQuickHullFace@2@M@Z 0000000180024710 f   QuickHullConvexHullLib.obj
 0001:00023840       ?deleteFacePoints@QuickHull@local@@IEAAXAEAUQuickHullFace@2@PEAU32@@Z 0000000180024840 f   QuickHullConvexHullLib.obj
 0001:00023950       ?resolveUnclaimedPoints@QuickHull@local@@IEAAXAEBV?$Array@PEAUQuickHullFace@local@@V?$ReflectionAllocator@PEAUQuickHullFace@local@@@shdfnd@physx@@@shdfnd@physx@@@Z 0000000180024950 f   QuickHullConvexHullLib.obj
 0001:00023ba0       ?postMergeHull@QuickHull@local@@IEAAXXZ 0000000180024ba0 f   QuickHullConvexHullLib.obj
 0001:00023d20       ?canMergeFaces@QuickHull@local@@IEAA_NAEBUQuickHullHalfEdge@2@@Z 0000000180024d20 f   QuickHullConvexHullLib.obj
 0001:00024560       ?getExpandPoint@local@@YAXAEBUQuickHullHalfEdge@1@AEAUExpandPoint@1@PEBV?$Array@IV?$ReflectionAllocator@I@shdfnd@physx@@@shdfnd@physx@@@Z 0000000180025560 f   QuickHullConvexHullLib.obj
 0001:000245f0       ?addExpandPoint@local@@YAXAEBUExpandPoint@1@AEAV?$Array@UExpandPoint@local@@V?$ReflectionAllocator@UExpandPoint@local@@@shdfnd@physx@@@shdfnd@physx@@@Z 00000001800255f0 f   QuickHullConvexHullLib.obj
 0001:000246d0       ??0PxPlane@physx@@QEAA@AEBV01@@Z 00000001800256d0 f i QuickHullConvexHullLib.obj
 0001:000246f0       ??0QuickHullVertex@local@@QEAA@XZ 00000001800256f0 f i QuickHullConvexHullLib.obj
 0001:00024700       ??1?$MemBlock@UQuickHullFace@local@@$00@local@@QEAA@XZ 0000000180025700 f i QuickHullConvexHullLib.obj
 0001:00024790       ??1?$MemBlock@UQuickHullHalfEdge@local@@$0A@@local@@QEAA@XZ 0000000180025790 f i QuickHullConvexHullLib.obj
 0001:00024820       ??_EQuickHullConvexHullLib@physx@@UEAAPEAXI@Z 0000000180025820 f i QuickHullConvexHullLib.obj
 0001:00024820       ??_GQuickHullConvexHullLib@physx@@UEAAPEAXI@Z 0000000180025820 f i QuickHullConvexHullLib.obj
 0001:00024920       ??__G@YAXPEAX0_K1P6APEAX00@Z@Z 0000000180025920 f i QuickHullConvexHullLib.obj
 0001:00024980       ?allocate@?$Array@PEAUQuickHullFace@local@@V?$ReflectionAllocator@PEAUQuickHullFace@local@@@shdfnd@physx@@@shdfnd@physx@@IEAAPEAPEAUQuickHullFace@local@@I@Z 0000000180025980 f i QuickHullConvexHullLib.obj
 0001:00024a20       ?allocate@?$Array@PEAUQuickHullHalfEdge@local@@V?$ReflectionAllocator@PEAUQuickHullHalfEdge@local@@@shdfnd@physx@@@shdfnd@physx@@IEAAPEAPEAUQuickHullHalfEdge@local@@I@Z 0000000180025a20 f i QuickHullConvexHullLib.obj
 0001:00024ac0       ?allocate@?$Array@PEAUQuickHullVertex@local@@V?$ReflectionAllocator@PEAUQuickHullVertex@local@@@shdfnd@physx@@@shdfnd@physx@@IEAAPEAPEAUQuickHullVertex@local@@I@Z 0000000180025ac0 f i QuickHullConvexHullLib.obj
 0001:00024b60       ?allocate@?$Array@UExpandPoint@local@@V?$ReflectionAllocator@UExpandPoint@local@@@shdfnd@physx@@@shdfnd@physx@@IEAAPEAUExpandPoint@local@@I@Z 0000000180025b60 f i QuickHullConvexHullLib.obj
 0001:00024c00       ?copy@?$Array@UExpandPoint@local@@V?$ReflectionAllocator@UExpandPoint@local@@@shdfnd@physx@@@shdfnd@physx@@KAXPEAUExpandPoint@local@@0PEBU45@@Z 0000000180025c00 f i QuickHullConvexHullLib.obj
 0001:00024cb0       ?getFreeItem@?$MemBlock@UQuickHullFace@local@@$00@local@@QEAAPEAUQuickHullFace@2@XZ 0000000180025cb0 f i QuickHullConvexHullLib.obj
 0001:00024de0       ?getFreeItem@?$MemBlock@UQuickHullHalfEdge@local@@$0A@@local@@QEAAPEAUQuickHullHalfEdge@2@XZ 0000000180025de0 f i QuickHullConvexHullLib.obj
 0001:00024eb0       ?growAndPushBack@?$Array@PEAUQuickHullFace@local@@V?$ReflectionAllocator@PEAUQuickHullFace@local@@@shdfnd@physx@@@shdfnd@physx@@IEAAAEAPEAUQuickHullFace@local@@AEBQEAU45@@Z 0000000180025eb0 f i QuickHullConvexHullLib.obj
 0001:00024f90       ?growAndPushBack@?$Array@PEAUQuickHullHalfEdge@local@@V?$ReflectionAllocator@PEAUQuickHullHalfEdge@local@@@shdfnd@physx@@@shdfnd@physx@@IEAAAEAPEAUQuickHullHalfEdge@local@@AEBQEAU45@@Z 0000000180025f90 f i QuickHullConvexHullLib.obj
 0001:00025070       ?growAndPushBack@?$Array@PEAUQuickHullVertex@local@@V?$ReflectionAllocator@PEAUQuickHullVertex@local@@@shdfnd@physx@@@shdfnd@physx@@IEAAAEAPEAUQuickHullVertex@local@@AEBQEAU45@@Z 0000000180026070 f i QuickHullConvexHullLib.obj
 0001:00025150       ?growAndPushBack@?$Array@UExpandPoint@local@@V?$ReflectionAllocator@UExpandPoint@local@@@shdfnd@physx@@@shdfnd@physx@@IEAAAEAUExpandPoint@local@@AEBU45@@Z 0000000180026150 f i QuickHullConvexHullLib.obj
 0001:00025250       ?init@?$MemBlock@UQuickHullFace@local@@$00@local@@QEAAXI@Z 0000000180026250 f i QuickHullConvexHullLib.obj
 0001:00025350       ?init@?$MemBlock@UQuickHullHalfEdge@local@@$0A@@local@@QEAAXI@Z 0000000180026350 f i QuickHullConvexHullLib.obj
 0001:000253f0       ?recreate@?$Array@PEAUQuickHullFace@local@@V?$ReflectionAllocator@PEAUQuickHullFace@local@@@shdfnd@physx@@@shdfnd@physx@@IEAAXI@Z 00000001800263f0 f i QuickHullConvexHullLib.obj
 0001:000254b0       ?recreate@?$Array@PEAUQuickHullHalfEdge@local@@V?$ReflectionAllocator@PEAUQuickHullHalfEdge@local@@@shdfnd@physx@@@shdfnd@physx@@IEAAXI@Z 00000001800264b0 f i QuickHullConvexHullLib.obj
 0001:00025570       ?recreate@?$Array@PEAUQuickHullVertex@local@@V?$ReflectionAllocator@PEAUQuickHullVertex@local@@@shdfnd@physx@@@shdfnd@physx@@IEAAXI@Z 0000000180026570 f i QuickHullConvexHullLib.obj
 0001:00025630       ?recreate@?$Array@UExpandPoint@local@@V?$ReflectionAllocator@UExpandPoint@local@@@shdfnd@physx@@@shdfnd@physx@@IEAAXI@Z 0000000180026630 f i QuickHullConvexHullLib.obj
 0001:000256b0       ?computeVolumeIntegrals@physx@@YA_NAEBVPxSimpleTriangleMesh@1@MAEAUPxIntegrals@1@@Z 00000001800266b0 f   VolumeIntegration.obj
 0001:00025720       ?computeVolumeIntegralsEberly@physx@@YA_NAEBVPxConvexMeshDesc@1@MAEAUPxIntegrals@1@AEBVPxVec3@1@@Z 0000000180026720 f   VolumeIntegration.obj
 0001:00025770       ?computeVolumeIntegralsEberlySIMD@physx@@YA_NAEBVPxConvexMeshDesc@1@MAEAUPxIntegrals@1@AEBVPxVec3@1@@Z 0000000180026770 f   VolumeIntegration.obj
 0001:00027bf0       ?ComputeNbBoundaryEdges@AdjTriangle@physx@@QEBAIXZ 0000000180028bf0 f   Adjacencies.obj
 0001:00027c40       ?ComputeNbNeighbors@AdjTriangle@physx@@QEBAIXZ 0000000180028c40 f   Adjacencies.obj
 0001:00027c90       ?HasNeighbor@AdjTriangle@physx@@QEBA_NIPEAI@Z 0000000180028c90 f   Adjacencies.obj
 0001:00027d00       ?Flip@AdjTriangle@physx@@QEAAXXZ 0000000180028d00 f   Adjacencies.obj
 0001:00027d20       ??0Adjacencies@physx@@QEAA@XZ 0000000180028d20 f   Adjacencies.obj
 0001:00027d40       ??1Adjacencies@physx@@QEAA@XZ 0000000180028d40 f   Adjacencies.obj
 0001:00027db0       ?Load@Adjacencies@physx@@QEAA_NAEAVPxInputStream@2@@Z 0000000180028db0 f   Adjacencies.obj
 0001:00027e90       ?ComputeNbBoundaryEdges@Adjacencies@physx@@QEBAIXZ 0000000180028e90 f   Adjacencies.obj
 0001:00027f10       ?GetBoundaryVertices@Adjacencies@physx@@QEBA_NIPEA_NPEBU?$TriangleT@I@Gu@2@@Z 0000000180028f10 f   Adjacencies.obj
 0001:00028070       ?MakeLastRef@Adjacencies@physx@@QEAA_NAEAVAdjTriangle@2@IPEAU?$TriangleT@I@Gu@2@@Z 0000000180029070 f   Adjacencies.obj
 0001:000282c0       ?AssignNewEdgeCode@Adjacencies@physx@@AEAAXIE@Z 00000001800292c0 f   Adjacencies.obj
 0001:00028310       ??0AdjacenciesBuilder@physx@@QEAA@XZ 0000000180029310 f   Adjacencies.obj
 0001:00028330       ??1AdjacenciesBuilder@physx@@QEAA@XZ 0000000180029330 f   Adjacencies.obj
 0001:00028340       ?Init@AdjacenciesBuilder@physx@@QEAA_NAEBUADJACENCIESCREATE@2@@Z 0000000180029340 f   Adjacencies.obj
 0001:000286c0       ??$?_UV?$ReflectionAllocator@VAdjTriangle@physx@@@shdfnd@physx@@@UserAllocated@shdfnd@physx@@SAPEAX_KV?$ReflectionAllocator@VAdjTriangle@physx@@@12@PEBDH@Z 00000001800296c0 f i Adjacencies.obj
 0001:00028760       ??0AdjEdge@@QEAA@XZ        0000000180029760 f i Adjacencies.obj
 0001:00028770       ??0AdjTriangle@physx@@QEAA@XZ 0000000180029770 f i Adjacencies.obj
 0001:00028780       ??1AdjEdge@@QEAA@XZ        0000000180029780 f i Adjacencies.obj
 0001:00028790       ??1AdjTriangle@physx@@QEAA@XZ 0000000180029790 f i Adjacencies.obj
 0001:000287a0       ??_EAdjEdge@@QEAAPEAXI@Z   00000001800297a0 f i Adjacencies.obj
 0001:00028820       ??_EAdjTriangle@physx@@QEAAPEAXI@Z 0000000180029820 f i Adjacencies.obj
 0001:000288a0       ??_I@YAXPEAX_K1P6AX0@Z@Z   00000001800298a0 f i Adjacencies.obj
 0001:00028db0       PxCreateCooking            0000000180029db0 f   Cooking.obj
 0001:00028ed0       ?release@Cooking@physx@@UEAAXXZ 0000000180029ed0 f   Cooking.obj
 0001:00028f00       ?setParams@Cooking@physx@@UEAAXAEBUPxCookingParams@2@@Z 0000000180029f00 f   Cooking.obj
 0001:00028f80       ?getParams@Cooking@physx@@UEBAAEBUPxCookingParams@2@XZ 0000000180029f80 f   Cooking.obj
 0001:00028f90       ?platformMismatch@Cooking@physx@@UEBA_NXZ 0000000180029f90 f   Cooking.obj
 0001:00028fb0       ?cookTriangleMesh@Cooking@physx@@UEBA_NAEBVPxTriangleMeshDesc@2@AEAVPxOutputStream@2@PEAW4Enum@PxTriangleMeshCookingResult@2@@Z 0000000180029fb0 f   Cooking.obj
 0001:00029120       ?createTriangleMesh@Cooking@physx@@UEBAPEAVPxTriangleMesh@2@AEBVPxTriangleMeshDesc@2@AEAVPxPhysicsInsertionCallback@2@PEAW4Enum@PxTriangleMeshCookingResult@2@@Z 000000018002a120 f   Cooking.obj
 0001:00029290       ?validateTriangleMesh@Cooking@physx@@UEBA_NAEBVPxTriangleMeshDesc@2@@Z 000000018002a290 f   Cooking.obj
 0001:000293a0       ?cookConvexMesh@Cooking@physx@@UEBA_NAEBVPxConvexMeshDesc@2@AEAVPxOutputStream@2@PEAW4Enum@PxConvexMeshCookingResult@2@@Z 000000018002a3a0 f   Cooking.obj
 0001:00029610       ?createConvexMesh@Cooking@physx@@UEBAPEAVPxConvexMesh@2@AEBVPxConvexMeshDesc@2@AEAVPxPhysicsInsertionCallback@2@PEAW4Enum@PxConvexMeshCookingResult@2@@Z 000000018002a610 f   Cooking.obj
 0001:00029930       ?validateConvexMesh@Cooking@physx@@UEBA_NAEBVPxConvexMeshDesc@2@@Z 000000018002a930 f   Cooking.obj
 0001:000299a0       ?computeHullPolygons@Cooking@physx@@UEBA_NAEBVPxSimpleTriangleMesh@2@AEAVPxAllocatorCallback@2@AEAIAEAPEAVPxVec3@2@2AEAPEAI2AEAPEAUPxHullPolygon@2@@Z 000000018002a9a0 f   Cooking.obj
 0001:00029b80       ?cookHeightField@Cooking@physx@@UEBA_NAEBVPxHeightFieldDesc@2@AEAVPxOutputStream@2@@Z 000000018002ab80 f   Cooking.obj
 0001:00029ca0       ?createHeightField@Cooking@physx@@UEBAPEAVPxHeightField@2@AEBVPxHeightFieldDesc@2@AEAVPxPhysicsInsertionCallback@2@@Z 000000018002aca0 f   Cooking.obj
 0001:00029e30       ?cookConvexMeshInternal@Cooking@physx@@AEBA_NAEBVPxConvexMeshDesc@2@AEAVConvexMeshBuilder@2@PEAVConvexHullLib@2@PEAW4Enum@PxConvexMeshCookingResult@2@@Z 000000018002ae30 f   Cooking.obj
 0001:0002a110       ?cookTriangleMesh@Cooking@physx@@AEBA_NAEAVTriangleMeshBuilder@2@AEBVPxTriangleMeshDesc@2@AEAVPxOutputStream@2@PEAW4Enum@PxTriangleMeshCookingResult@2@@Z 000000018002b110 f   Cooking.obj
 0001:0002a1b0       ?createTriangleMesh@Cooking@physx@@AEBAPEAVPxTriangleMesh@2@AEAVTriangleMeshBuilder@2@AEBVPxTriangleMeshDesc@2@AEAVPxPhysicsInsertionCallback@2@PEAW4Enum@PxTriangleMeshCookingResult@2@@Z 000000018002b1b0 f   Cooking.obj
 0001:0002a260       ??1PxCooking@physx@@MEAA@XZ 000000018002b260 f i Cooking.obj
 0001:0002a270       ??_ECooking@physx@@UEAAPEAXI@Z 000000018002b270 f i Cooking.obj
 0001:0002a270       ??_GCooking@physx@@UEAAPEAXI@Z 000000018002b270 f i Cooking.obj
 0001:0002a2c0       ??_EPxCooking@physx@@MEAAPEAXI@Z 000000018002b2c0 f i Cooking.obj
 0001:0002a2c0       ??_GPxCooking@physx@@MEAAPEAXI@Z 000000018002b2c0 f i Cooking.obj
 0001:0002a2f0       ??0ReducedVertexCloud@physx@@QEAA@PEBVPxVec3@1@I@Z 000000018002b2f0 f   CookingUtils.obj
 0001:0002a310       ??1ReducedVertexCloud@physx@@QEAA@XZ 000000018002b310 f   CookingUtils.obj
 0001:0002a320       ?Clean@ReducedVertexCloud@physx@@QEAAAEAV12@XZ 000000018002b320 f   CookingUtils.obj
 0001:0002a390       ?Reduce@ReducedVertexCloud@physx@@QEAA_NPEAUREDUCEDCLOUD@2@@Z 000000018002b390 f   CookingUtils.obj
 0001:0002a6c0       ??0EdgeList@Gu@physx@@QEAA@XZ 000000018002b6c0 f   EdgeList.obj
 0001:0002a6e0       ??1EdgeList@Gu@physx@@QEAA@XZ 000000018002b6e0 f   EdgeList.obj
 0001:0002a790       ?load@EdgeList@Gu@physx@@QEAA_NAEAVPxInputStream@3@@Z 000000018002b790 f   EdgeList.obj
 0001:0002a990       ??0EdgeListBuilder@Gu@physx@@QEAA@XZ 000000018002b990 f   EdgeList.obj
 0001:0002a9b0       ??1EdgeListBuilder@Gu@physx@@QEAA@XZ 000000018002b9b0 f   EdgeList.obj
 0001:0002a9c0       ?init@EdgeListBuilder@Gu@physx@@QEAA_NAEBUEDGELISTCREATE@23@@Z 000000018002b9c0 f   EdgeList.obj
 0001:0002ab00       ?createFacesToEdges@EdgeListBuilder@Gu@physx@@AEAA_NIPEBIPEBG@Z 000000018002bb00 f   EdgeList.obj
 0001:0002af60       ?createEdgesToFaces@EdgeListBuilder@Gu@physx@@AEAA_NIPEBIPEBG@Z 000000018002bf60 f   EdgeList.obj
 0001:0002b1c0       ?computeActiveEdges@EdgeListBuilder@Gu@physx@@AEAA_NIPEBIPEBGPEBVPxVec3@3@M@Z 000000018002c1c0 f   EdgeList.obj
 0001:0002c710       ??$?_UI@@YAPEAX_KV?$ReflectionAllocator@I@shdfnd@physx@@PEBDH@Z 000000018002d710 f i EdgeList.obj
 0001:0002c800       ??0MeshCleaner@physx@@QEAA@IPEBVPxVec3@1@IPEBIM@Z 000000018002d800 f   MeshCleaner.obj
 0001:0002d190       ??1MeshCleaner@physx@@QEAA@XZ 000000018002e190 f   MeshCleaner.obj
 0001:0002d220       ?createQuantizer@physx@@YAPEAVQuantizer@1@XZ 000000018002e220 f   Quantizer.obj
 0001:0002d2d0       ?kmeans_cluster3d@@YAIPEBVPxVec3@physx@@IIPEAV12@PEAIMM@Z 000000018002e2d0 f   Quantizer.obj
 0001:0002d2e0       ??$kmeans_cluster@VPxVec3@physx@@M@@YAIPEBVPxVec3@physx@@IIPEAV01@PEAIMM@Z 000000018002e2e0 f i Quantizer.obj
 0001:0002dbc0       ??1Quantizer@physx@@MEAA@XZ 000000018002ebc0 f i Quantizer.obj
 0001:0002dbd0       ??1QuantizerImpl@@EEAA@XZ  000000018002ebd0 f i Quantizer.obj
 0001:0002dc50       ??_EQuantizer@physx@@MEAAPEAXI@Z 000000018002ec50 f i Quantizer.obj
 0001:0002dc50       ??_GQuantizer@physx@@MEAAPEAXI@Z 000000018002ec50 f i Quantizer.obj
 0001:0002dc80       ??_EQuantizerImpl@@EEAAPEAXI@Z 000000018002ec80 f i Quantizer.obj
 0001:0002dc80       ??_GQuantizerImpl@@EEAAPEAXI@Z 000000018002ec80 f i Quantizer.obj
 0001:0002dd50       ?getDenormalizeCenter@QuantizerImpl@@UEBAAEBVPxVec3@physx@@XZ 000000018002ed50 f i Quantizer.obj
 0001:0002dd60       ?getDenormalizeScale@QuantizerImpl@@UEBAAEBVPxVec3@physx@@XZ 000000018002ed60 f i Quantizer.obj
 0001:0002dd70       ?kmeansQuantize3D@QuantizerImpl@@UEAAPEBVPxVec3@physx@@IPEBV23@I_NIAEAI@Z 000000018002ed70 f i Quantizer.obj
 0001:0002dfd0       ?normalizeInput@QuantizerImpl@@AEAAXIPEBVPxVec3@physx@@I@Z 000000018002efd0 f i Quantizer.obj
 0001:0002e410       ?release@QuantizerImpl@@UEAAXXZ 000000018002f410 f i Quantizer.obj
 0001:0002e422       LoadLibraryA               000000018002f422 f   kernel32:KERNEL32.dll
 0001:0002e428       __imp_load_PxGetFoundation 000000018002f428 f   PxFoundation_x64:PxFoundation_x64.dll
 0001:0002e434       PxGetFoundation            000000018002f434 f   PxFoundation_x64:PxFoundation_x64.dll
 0001:0002e43a       __tailMerge_pxfoundation_x64_dll 000000018002f43a     PxFoundation_x64:PxFoundation_x64.dll
 0001:0002e4b3       __imp_load_?getAllocator@shdfnd@physx@@YAAEAVPxAllocatorCallback@2@XZ 000000018002f4b3 f   PxFoundation_x64:PxFoundation_x64.dll
 0001:0002e4bf       ?getAllocator@shdfnd@physx@@YAAEAVPxAllocatorCallback@2@XZ 000000018002f4bf f   PxFoundation_x64:PxFoundation_x64.dll
 0001:0002e4c5       __imp_load_?allocate@TempAllocator@shdfnd@physx@@QEAAPEAX_KPEBDH@Z 000000018002f4c5 f   PxFoundation_x64:PxFoundation_x64.dll
 0001:0002e4d1       ?allocate@TempAllocator@shdfnd@physx@@QEAAPEAX_KPEBDH@Z 000000018002f4d1 f   PxFoundation_x64:PxFoundation_x64.dll
 0001:0002e4d7       __imp_load_?deallocate@TempAllocator@shdfnd@physx@@QEAAXPEAX@Z 000000018002f4d7 f   PxFoundation_x64:PxFoundation_x64.dll
 0001:0002e4e3       ?deallocate@TempAllocator@shdfnd@physx@@QEAAXPEAX@Z 000000018002f4e3 f   PxFoundation_x64:PxFoundation_x64.dll
 0001:0002e4e9       __imp_load_?getInstance@Foundation@shdfnd@physx@@SAAEAV123@XZ 000000018002f4e9 f   PxFoundation_x64:PxFoundation_x64.dll
 0001:0002e4f5       ?getInstance@Foundation@shdfnd@physx@@SAAEAV123@XZ 000000018002f4f5 f   PxFoundation_x64:PxFoundation_x64.dll
 0001:0002e4fb       __imp_load_?error@Foundation@shdfnd@physx@@QEAAXW4Enum@PxErrorCode@3@PEBDH1ZZ 000000018002f4fb f   PxFoundation_x64:PxFoundation_x64.dll
 0001:0002e507       ?error@Foundation@shdfnd@physx@@QEAAXW4Enum@PxErrorCode@3@PEBDH1ZZ 000000018002f507 f   PxFoundation_x64:PxFoundation_x64.dll
 0001:0002e50d       __imp_load_?PxDiagonalize@physx@@YA?AVPxVec3@1@AEBVPxMat33@1@AEAVPxQuat@1@@Z 000000018002f50d f   PxFoundation_x64:PxFoundation_x64.dll
 0001:0002e519       ?PxDiagonalize@physx@@YA?AVPxVec3@1@AEBVPxMat33@1@AEAVPxQuat@1@@Z 000000018002f519 f   PxFoundation_x64:PxFoundation_x64.dll
 0001:0002e51f       __imp_load_?incRefCount@Foundation@shdfnd@physx@@SAXXZ 000000018002f51f f   PxFoundation_x64:PxFoundation_x64.dll
 0001:0002e52b       ?incRefCount@Foundation@shdfnd@physx@@SAXXZ 000000018002f52b f   PxFoundation_x64:PxFoundation_x64.dll
 0001:0002e531       __imp_load_?decRefCount@Foundation@shdfnd@physx@@SAXXZ 000000018002f531 f   PxFoundation_x64:PxFoundation_x64.dll
 0001:0002e53d       ?decRefCount@Foundation@shdfnd@physx@@SAXXZ 000000018002f53d f   PxFoundation_x64:PxFoundation_x64.dll
 0001:0002e543       __imp_load_??0FPUGuard@shdfnd@physx@@QEAA@XZ 000000018002f543 f   PxFoundation_x64:PxFoundation_x64.dll
 0001:0002e54f       ??0FPUGuard@shdfnd@physx@@QEAA@XZ 000000018002f54f f   PxFoundation_x64:PxFoundation_x64.dll
 0001:0002e555       __imp_load_??1FPUGuard@shdfnd@physx@@QEAA@XZ 000000018002f555 f   PxFoundation_x64:PxFoundation_x64.dll
 0001:0002e561       ??1FPUGuard@shdfnd@physx@@QEAA@XZ 000000018002f561 f   PxFoundation_x64:PxFoundation_x64.dll
 0001:0002e567       __imp_load_?writeWord@physx@@YAXG_NAEAVPxOutputStream@1@@Z 000000018002f567 f   PhysX3Common_x64:PhysX3Common_x64.dll
 0001:0002e573       ?writeWord@physx@@YAXG_NAEAVPxOutputStream@1@@Z 000000018002f573 f   PhysX3Common_x64:PhysX3Common_x64.dll
 0001:0002e579       __tailMerge_physx3common_x64_dll 000000018002f579     PhysX3Common_x64:PhysX3Common_x64.dll
 0001:0002e5f2       __imp_load_?writeDword@physx@@YAXI_NAEAVPxOutputStream@1@@Z 000000018002f5f2 f   PhysX3Common_x64:PhysX3Common_x64.dll
 0001:0002e5fe       ?writeDword@physx@@YAXI_NAEAVPxOutputStream@1@@Z 000000018002f5fe f   PhysX3Common_x64:PhysX3Common_x64.dll
 0001:0002e604       __imp_load_?writeFloat@physx@@YAXM_NAEAVPxOutputStream@1@@Z 000000018002f604 f   PhysX3Common_x64:PhysX3Common_x64.dll
 0001:0002e610       ?writeFloat@physx@@YAXM_NAEAVPxOutputStream@1@@Z 000000018002f610 f   PhysX3Common_x64:PhysX3Common_x64.dll
 0001:0002e616       __imp_load_?writeHeader@physx@@YA_NCCCCI_NAEAVPxOutputStream@1@@Z 000000018002f616 f   PhysX3Common_x64:PhysX3Common_x64.dll
 0001:0002e622       ?writeHeader@physx@@YA_NCCCCI_NAEAVPxOutputStream@1@@Z 000000018002f622 f   PhysX3Common_x64:PhysX3Common_x64.dll
 0001:0002e628       __imp_load_??0SourceMesh@Gu@physx@@QEAA@XZ 000000018002f628 f   PhysX3Common_x64:PhysX3Common_x64.dll
 0001:0002e634       ??0SourceMesh@Gu@physx@@QEAA@XZ 000000018002f634 f   PhysX3Common_x64:PhysX3Common_x64.dll
 0001:0002e63a       __imp_load_??1SourceMesh@Gu@physx@@QEAA@XZ 000000018002f63a f   PhysX3Common_x64:PhysX3Common_x64.dll
 0001:0002e646       ??1SourceMesh@Gu@physx@@QEAA@XZ 000000018002f646 f   PhysX3Common_x64:PhysX3Common_x64.dll
 0001:0002e64c       __imp_load_??0BV4Tree@Gu@physx@@QEAA@XZ 000000018002f64c f   PhysX3Common_x64:PhysX3Common_x64.dll
 0001:0002e658       ??0BV4Tree@Gu@physx@@QEAA@XZ 000000018002f658 f   PhysX3Common_x64:PhysX3Common_x64.dll
 0001:0002e65e       __imp_load_??1BV4Tree@Gu@physx@@QEAA@XZ 000000018002f65e f   PhysX3Common_x64:PhysX3Common_x64.dll
 0001:0002e66a       ??1BV4Tree@Gu@physx@@QEAA@XZ 000000018002f66a f   PhysX3Common_x64:PhysX3Common_x64.dll
 0001:0002e670       __imp_load_??0BV32Tree@Gu@physx@@QEAA@XZ 000000018002f670 f   PhysX3Common_x64:PhysX3Common_x64.dll
 0001:0002e67c       ??0BV32Tree@Gu@physx@@QEAA@XZ 000000018002f67c f   PhysX3Common_x64:PhysX3Common_x64.dll
 0001:0002e682       __imp_load_??1BV32Tree@Gu@physx@@QEAA@XZ 000000018002f682 f   PhysX3Common_x64:PhysX3Common_x64.dll
 0001:0002e68e       ??1BV32Tree@Gu@physx@@QEAA@XZ 000000018002f68e f   PhysX3Common_x64:PhysX3Common_x64.dll
 0001:0002e694       __imp_load_?writeFloatBuffer@physx@@YAXPEBMI_NAEAVPxOutputStream@1@@Z 000000018002f694 f   PhysX3Common_x64:PhysX3Common_x64.dll
 0001:0002e6a0       ?writeFloatBuffer@physx@@YAXPEBMI_NAEAVPxOutputStream@1@@Z 000000018002f6a0 f   PhysX3Common_x64:PhysX3Common_x64.dll
 0001:0002e6a6       __imp_load_?writeWordBuffer@physx@@YAXPEBGI_NAEAVPxOutputStream@1@@Z 000000018002f6a6 f   PhysX3Common_x64:PhysX3Common_x64.dll
 0001:0002e6b2       ?writeWordBuffer@physx@@YAXPEBGI_NAEAVPxOutputStream@1@@Z 000000018002f6b2 f   PhysX3Common_x64:PhysX3Common_x64.dll
 0001:0002e6b8       __imp_load_?computeMaxIndex@physx@@YAIPEBII@Z 000000018002f6b8 f   PhysX3Common_x64:PhysX3Common_x64.dll
 0001:0002e6c4       ?computeMaxIndex@physx@@YAIPEBII@Z 000000018002f6c4 f   PhysX3Common_x64:PhysX3Common_x64.dll
 0001:0002e6ca       __imp_load_?storeIndices@physx@@YAXIIPEBIAEAVPxOutputStream@1@_N@Z 000000018002f6ca f   PhysX3Common_x64:PhysX3Common_x64.dll
 0001:0002e6d6       ?storeIndices@physx@@YAXIIPEBIAEAVPxOutputStream@1@_N@Z 000000018002f6d6 f   PhysX3Common_x64:PhysX3Common_x64.dll
 0001:0002e6dc       __imp_load_?computeBoundsAroundVertices@Gu@physx@@YAXAEAVPxBounds3@2@IPEIBVPxVec3@2@@Z 000000018002f6dc f   PhysX3Common_x64:PhysX3Common_x64.dll
 0001:0002e6e8       ?computeBoundsAroundVertices@Gu@physx@@YAXAEAVPxBounds3@2@IPEIBVPxVec3@2@@Z 000000018002f6e8 f   PhysX3Common_x64:PhysX3Common_x64.dll
 0001:0002e6ee       __imp_load_?BuildBV4Ex@Gu@physx@@YA_NAEAVBV4Tree@12@AEAVSourceMesh@12@MI@Z 000000018002f6ee f   PhysX3Common_x64:PhysX3Common_x64.dll
 0001:0002e6fa       ?BuildBV4Ex@Gu@physx@@YA_NAEAVBV4Tree@12@AEAVSourceMesh@12@MI@Z 000000018002f6fa f   PhysX3Common_x64:PhysX3Common_x64.dll
 0001:0002e700       __imp_load_?BuildBV32Ex@Gu@physx@@YA_NAEAVBV32Tree@12@AEAVSourceMesh@12@MI@Z 000000018002f700 f   PhysX3Common_x64:PhysX3Common_x64.dll
 0001:0002e70c       ?BuildBV32Ex@Gu@physx@@YA_NAEAVBV32Tree@12@AEAVSourceMesh@12@MI@Z 000000018002f70c f   PhysX3Common_x64:PhysX3Common_x64.dll
 0001:0002e712       __imp_load_?computeMaxIndex@physx@@YAGPEBGI@Z 000000018002f712 f   PhysX3Common_x64:PhysX3Common_x64.dll
 0001:0002e71e       ?computeMaxIndex@physx@@YAGPEBGI@Z 000000018002f71e f   PhysX3Common_x64:PhysX3Common_x64.dll
 0001:0002e724       __imp_load_?WriteHeader@Gu@physx@@YA_NEEEEI_NAEAVPxOutputStream@2@@Z 000000018002f724 f   PhysX3Common_x64:PhysX3Common_x64.dll
 0001:0002e730       ?WriteHeader@Gu@physx@@YA_NEEEEI_NAEAVPxOutputStream@2@@Z 000000018002f730 f   PhysX3Common_x64:PhysX3Common_x64.dll
 0001:0002e736       __imp_load_?StoreIndices@Gu@physx@@YAXGIPEBGAEAVPxOutputStream@2@_N@Z 000000018002f736 f   PhysX3Common_x64:PhysX3Common_x64.dll
 0001:0002e742       ?StoreIndices@Gu@physx@@YAXGIPEBGAEAVPxOutputStream@2@_N@Z 000000018002f742 f   PhysX3Common_x64:PhysX3Common_x64.dll
 0001:0002e748       __imp_load_?CreateOffsets@BigConvexData@physx@@IEAAXXZ 000000018002f748 f   PhysX3Common_x64:PhysX3Common_x64.dll
 0001:0002e754       ?CreateOffsets@BigConvexData@physx@@IEAAXXZ 000000018002f754 f   PhysX3Common_x64:PhysX3Common_x64.dll
 0001:0002e75a       __imp_load_??0RadixSortBuffered@Cm@physx@@QEAA@XZ 000000018002f75a f   PhysX3Common_x64:PhysX3Common_x64.dll
 0001:0002e766       ??0RadixSortBuffered@Cm@physx@@QEAA@XZ 000000018002f766 f   PhysX3Common_x64:PhysX3Common_x64.dll
 0001:0002e76c       __imp_load_??1RadixSortBuffered@Cm@physx@@UEAA@XZ 000000018002f76c f   PhysX3Common_x64:PhysX3Common_x64.dll
 0001:0002e778       ??1RadixSortBuffered@Cm@physx@@UEAA@XZ 000000018002f778 f   PhysX3Common_x64:PhysX3Common_x64.dll
 0001:0002e77e       __imp_load_?Sort@RadixSortBuffered@Cm@physx@@QEAAAEAV123@PEBIIW4RadixHint@23@@Z 000000018002f77e f   PhysX3Common_x64:PhysX3Common_x64.dll
 0001:0002e78a       ?Sort@RadixSortBuffered@Cm@physx@@QEAAAEAV123@PEBIIW4RadixHint@23@@Z 000000018002f78a f   PhysX3Common_x64:PhysX3Common_x64.dll
 0001:0002e790       __imp_load_?computeOBBPoints@Gu@physx@@YAXPEIAVPxVec3@2@AEBV32@1111@Z 000000018002f790 f   PhysX3Common_x64:PhysX3Common_x64.dll
 0001:0002e79c       ?computeOBBPoints@Gu@physx@@YAXPEIAVPxVec3@2@AEBV32@1111@Z 000000018002f79c f   PhysX3Common_x64:PhysX3Common_x64.dll
 0001:0002e7a2       __imp_load_??0BigConvexData@physx@@QEAA@XZ 000000018002f7a2 f   PhysX3Common_x64:PhysX3Common_x64.dll
 0001:0002e7ae       ??0BigConvexData@physx@@QEAA@XZ 000000018002f7ae f   PhysX3Common_x64:PhysX3Common_x64.dll
 0001:0002e7b4       __imp_load_??1BigConvexData@physx@@QEAA@XZ 000000018002f7b4 f   PhysX3Common_x64:PhysX3Common_x64.dll
 0001:0002e7c0       ??1BigConvexData@physx@@QEAA@XZ 000000018002f7c0 f   PhysX3Common_x64:PhysX3Common_x64.dll
 0001:0002e7c6       __imp_load_?readDword@physx@@YAI_NAEAVPxInputStream@1@@Z 000000018002f7c6 f   PhysX3Common_x64:PhysX3Common_x64.dll
 0001:0002e7d2       ?readDword@physx@@YAI_NAEAVPxInputStream@1@@Z 000000018002f7d2 f   PhysX3Common_x64:PhysX3Common_x64.dll
 0001:0002e7d8       __imp_load_?ReadHeader@Gu@physx@@YA_NEEEEAEAIAEA_NAEAVPxInputStream@2@@Z 000000018002f7d8 f   PhysX3Common_x64:PhysX3Common_x64.dll
 0001:0002e7e4       ?ReadHeader@Gu@physx@@YA_NEEEEAEAIAEA_NAEAVPxInputStream@2@@Z 000000018002f7e4 f   PhysX3Common_x64:PhysX3Common_x64.dll
 0001:0002e7ea       __imp_load_??0HeightField@Gu@physx@@QEAA@PEAVGuMeshFactory@2@@Z 000000018002f7ea f   PhysX3Common_x64:PhysX3Common_x64.dll
 0001:0002e7f6       ??0HeightField@Gu@physx@@QEAA@PEAVGuMeshFactory@2@@Z 000000018002f7f6 f   PhysX3Common_x64:PhysX3Common_x64.dll
 0001:0002e7fc       __imp_load_?loadFromDesc@HeightField@Gu@physx@@QEAA_NAEBVPxHeightFieldDesc@3@@Z 000000018002f7fc f   PhysX3Common_x64:PhysX3Common_x64.dll
 0001:0002e808       ?loadFromDesc@HeightField@Gu@physx@@QEAA_NAEBVPxHeightFieldDesc@3@@Z 000000018002f808 f   PhysX3Common_x64:PhysX3Common_x64.dll
 0001:0002e80e       __imp_load_?releaseMemory@HeightField@Gu@physx@@QEAAXXZ 000000018002f80e f   PhysX3Common_x64:PhysX3Common_x64.dll
 0001:0002e81a       ?releaseMemory@HeightField@Gu@physx@@QEAAXXZ 000000018002f81a f   PhysX3Common_x64:PhysX3Common_x64.dll
 0001:0002e820       __imp_load_??1HeightField@Gu@physx@@UEAA@XZ 000000018002f820 f   PhysX3Common_x64:PhysX3Common_x64.dll
 0001:0002e82c       ??1HeightField@Gu@physx@@UEAA@XZ 000000018002f82c f   PhysX3Common_x64:PhysX3Common_x64.dll
 0001:0002e834       ??$PFromRva@PEAP6A_JXZ@@YAPEAP6A_JXZK@Z 000000018002f834 f i delayimp:delayhlp.obj
 0001:0002e844       ??$PFromRva@PEAPEAUHINSTANCE__@@@@YAPEAPEAUHINSTANCE__@@K@Z 000000018002f844 f i delayimp:delayhlp.obj
 0001:0002e854       ??$PFromRva@PEAU_IMAGE_IMPORT_BY_NAME@@@@YAPEAU_IMAGE_IMPORT_BY_NAME@@K@Z 000000018002f854 f i delayimp:delayhlp.obj
 0001:0002e864       ??$PFromRva@PEAU_IMAGE_THUNK_DATA64@@@@YAPEAU_IMAGE_THUNK_DATA64@@K@Z 000000018002f864 f i delayimp:delayhlp.obj
 0001:0002e874       ??$PFromRva@PEBD@@YAPEBDK@Z 000000018002f874 f i delayimp:delayhlp.obj
 0001:0002e884       ??$PFromRva@PEBUImgDelayDescr@@@@YAPEBUImgDelayDescr@@K@Z 000000018002f884 f i delayimp:delayhlp.obj
 0001:0002e894       ??$PFromRva@PEBU_IMAGE_THUNK_DATA64@@@@YAPEBU_IMAGE_THUNK_DATA64@@K@Z 000000018002f894 f i delayimp:delayhlp.obj
 0001:0002e8a4       ?CountOfImports@@YAIPEBU_IMAGE_THUNK_DATA64@@@Z 000000018002f8a4 f i delayimp:delayhlp.obj
 0001:0002e8b8       ?DloadAcquireSectionWriteAccess@@YAXXZ 000000018002f8b8 f i delayimp:delayhlp.obj
 0001:0002e964       ?DloadGetSRWLockFunctionPointers@@YAEXZ 000000018002f964 f i delayimp:delayhlp.obj
 0001:0002ea00       ?DloadLock@@YAXXZ          000000018002fa00 f i delayimp:delayhlp.obj
 0001:0002ea48       ?DloadMakePermanentImageCommit@@YAXPEAX_K@Z 000000018002fa48 f i delayimp:delayhlp.obj
 0001:0002eae0       ?DloadObtainSection@@YAPEAXPEAK0@Z 000000018002fae0 f i delayimp:delayhlp.obj
 0001:0002eb7c       ?DloadProtectSection@@YAXKPEAK@Z 000000018002fb7c f i delayimp:delayhlp.obj
 0001:0002ec0c       ?DloadReleaseSectionWriteAccess@@YAXXZ 000000018002fc0c f i delayimp:delayhlp.obj
 0001:0002eca0       ?DloadUnlock@@YAXXZ        000000018002fca0 f i delayimp:delayhlp.obj
 0001:0002ece0       ?IndexFromPImgThunkData@@YAIPEBU_IMAGE_THUNK_DATA64@@0@Z 000000018002fce0 f i delayimp:delayhlp.obj
 0001:0002ee28       HRESULT_FROM_WIN32         000000018002fe28 f i delayimp:delayhlp.obj
 0001:0002ee38       ReadAcquire64              000000018002fe38 f i delayimp:delayhlp.obj
 0001:0002ee3c       ReadPointerAcquire         000000018002fe3c f i delayimp:delayhlp.obj
 0001:0002ee40       WritePointerRelease        000000018002fe40 f i delayimp:delayhlp.obj
 0001:0002ee44       WriteRelease64             000000018002fe44 f i delayimp:delayhlp.obj
 0001:0002ee48       __FUnloadDelayLoadedDLL2   000000018002fe48 f   delayimp:delayhlp.obj
 0001:0002ef04       __HrLoadAllImportsForDll   000000018002ff04 f   delayimp:delayhlp.obj
 0001:0002ef78       __delayLoadHelper2         000000018002ff78 f   delayimp:delayhlp.obj
 0001:0002f250       _alloca_probe              0000000180030250 f   MSVCRT:_chkstk_.obj
 0001:0002f250       __chkstk                   0000000180030250 f   MSVCRT:_chkstk_.obj
 0001:0002f2a4       ?__scrt_initialize_type_info@@YAXXZ 00000001800302a4 f   MSVCRT:tncleanup.obj
 0001:0002f2b4       ?__scrt_uninitialize_type_info@@YAXXZ 00000001800302b4 f   MSVCRT:tncleanup.obj
 0001:0002f2c0       ??1type_info@@UEAA@XZ      00000001800302c0 f   MSVCRT:std_type_info_static.obj
 0001:0002f2cc       ??_Gtype_info@@UEAAPEAXI@Z 00000001800302cc f i MSVCRT:std_type_info_static.obj
 0001:0002f2cc       ??_Etype_info@@UEAAPEAXI@Z 00000001800302cc f i MSVCRT:std_type_info_static.obj
 0001:0002f2f8       ??3@YAXPEAX_K@Z            00000001800302f8 f   MSVCRT:delete_scalar_size.obj
 0001:0002f300       __vdecl_sinf4              0000000180030300 f   MSVCRT:_svml_ssinf4_dispatch_.obj
 0001:0002f310       __libm_sse2_sincosf_       0000000180030310 f   MSVCRT:_svml_ssinf4_dispatch_.obj
 0001:0002f356       __libm_sse2_sincosf4_      0000000180030356 f   MSVCRT:_svml_ssinf4_dispatch_.obj
 0001:0002f6b4       _CRT_INIT                  00000001800306b4 f   MSVCRT:dll_dllmain.obj
 0001:0002f6bc       _DllMainCRTStartup         00000001800306bc f   MSVCRT:dll_dllmain.obj
 0001:0002f6fc       _guard_check_icall_nop     00000001800306fc f i MSVCRT:guard_support.obj
 0001:0002f700       ReadNoFence64              0000000180030700 f i MSVCRT:guard_support.obj
 0001:0002f704       ReadPointerNoFence         0000000180030704 f i MSVCRT:guard_support.obj
 0001:0002f708       _guard_icall_checks_enforced 0000000180030708 f i MSVCRT:guard_support.obj
 0001:0002f720       _guard_rf_checks_enforced  0000000180030720 f i MSVCRT:guard_support.obj
 0001:0002f724       ??3@YAXPEAX@Z              0000000180030724 f   MSVCRT:delete_scalar.obj
 0001:0002f730       __sse2_sinf4               0000000180030730 f   MSVCRT:_svml_ssinf4_sse2_.obj
 0001:0003005c       __security_init_cookie     000000018003105c f   MSVCRT:gs_support.obj
 0001:00030108       DllMain                    0000000180031108 f   MSVCRT:dll_dllmain_stub.obj
 0001:0003012c       __local_stdio_printf_options 000000018003112c f i MSVCRT:default_local_stdio_options.obj
 0001:00030134       __local_stdio_scanf_options 0000000180031134 f i MSVCRT:default_local_stdio_options.obj
 0001:0003013c       __scrt_initialize_default_local_stdio_options 000000018003113c f   MSVCRT:default_local_stdio_options.obj
 0001:00030158       ??$__crt_fast_decode_pointer@PEAP6AXXZ@@YAPEAP6AXXZQEAP6AXXZ@Z 0000000180031158 f i MSVCRT:utility.obj
 0001:00030170       ??$__crt_fast_encode_pointer@PEAP6AXXZ@@YAPEAP6AXXZQEAP6AXXZ@Z 0000000180031170 f i MSVCRT:utility.obj
 0001:00030190       ?__crt_rotate_pointer_value@@YA_K_KH@Z 0000000180031190 f i MSVCRT:utility.obj
 0001:0003019c       ?configure_argv@__scrt_narrow_argv_policy@@SAHXZ 000000018003119c f i MSVCRT:utility.obj
 0001:000301fc       ?initialize_environment@__scrt_narrow_environment_policy@@SAHXZ 00000001800311fc f i MSVCRT:utility.obj
 0001:00030234       NtCurrentTeb               0000000180031234 f i MSVCRT:utility.obj
 0001:00030240       __scrt_acquire_startup_lock 0000000180031240 f   MSVCRT:utility.obj
 0001:0003027c       __scrt_dllmain_after_initialize_c 000000018003127c f   MSVCRT:utility.obj
 0001:000302b0       __scrt_dllmain_before_initialize_c 00000001800312b0 f   MSVCRT:utility.obj
 0001:000302c8       __scrt_dllmain_crt_thread_attach 00000001800312c8 f   MSVCRT:utility.obj
 0001:000302f0       __scrt_dllmain_crt_thread_detach 00000001800312f0 f   MSVCRT:utility.obj
 0001:00030308       __scrt_dllmain_exception_filter 0000000180031308 f   MSVCRT:utility.obj
 0001:00030368       __scrt_dllmain_uninitialize_c 0000000180031368 f   MSVCRT:utility.obj
 0001:00030398       __scrt_dllmain_uninitialize_critical 0000000180031398 f   MSVCRT:utility.obj
 0001:000303ac       __scrt_initialize_crt      00000001800313ac f   MSVCRT:utility.obj
 0001:000303f8       __scrt_initialize_onexit_tables 00000001800313f8 f   MSVCRT:utility.obj
 0001:000304d0       __scrt_is_nonwritable_in_current_image 00000001800314d0 f   MSVCRT:utility.obj
 0001:0003056c       __scrt_release_startup_lock 000000018003156c f   MSVCRT:utility.obj
 0001:00030590       __scrt_uninitialize_crt    0000000180031590 f   MSVCRT:utility.obj
 0001:000305bc       _onexit                    00000001800315bc f   MSVCRT:utility.obj
 0001:0003060c       at_quick_exit              000000018003160c f   MSVCRT:utility.obj
 0001:00030644       atexit                     0000000180031644 f   MSVCRT:utility.obj
 0001:0003065c       __scrt_get_dyn_tls_init_callback 000000018003165c f   MSVCRT:dyn_tls_init.obj
 0001:00030664       __crt_debugger_hook        0000000180031664 f   MSVCRT:utility_desktop.obj
 0001:0003066c       __scrt_fastfail            000000018003166c f   MSVCRT:utility_desktop.obj
 0001:000307b8       __scrt_get_show_window_mode 00000001800317b8 f   MSVCRT:utility_desktop.obj
 0001:000307f4       __scrt_initialize_mta      00000001800317f4 f   MSVCRT:utility_desktop.obj
 0001:000307fc       __scrt_initialize_winrt    00000001800317fc f   MSVCRT:utility_desktop.obj
 0001:00030800       __scrt_is_managed_app      0000000180031800 f   MSVCRT:utility_desktop.obj
 0001:00030854       __scrt_set_unhandled_exception_filter 0000000180031854 f   MSVCRT:utility_desktop.obj
 0001:00030864       __scrt_exe_initialize_mta  0000000180031864 f   MSVCRT:utility_desktop.obj
 0001:00030864       __scrt_stub_for_initialize_mta 0000000180031864 f   MSVCRT:utility_desktop.obj
 0001:00030868       __scrt_unhandled_exception_filter 0000000180031868 f   MSVCRT:utility_desktop.obj
 0001:000308a0       _RTC_Initialize            00000001800318a0 f   MSVCRT:_initsect_.obj
 0001:000308dc       _RTC_Terminate             00000001800318dc f   MSVCRT:_initsect_.obj
 0001:00030920       __isa_available_init       0000000180031920 f   MSVCRT:_cpu_disp_.obj
 0001:00030adc       _get_startup_argv_mode     0000000180031adc f   MSVCRT:argv_mode.obj
 0001:00030ae4       __scrt_is_ucrt_dll_in_use  0000000180031ae4 f   MSVCRT:ucrt_detection.obj
 0001:00030af0       strstr                     0000000180031af0 f   vcruntime:VCRUNTIME140.dll
 0001:00030af6       __std_type_info_name       0000000180031af6 f   vcruntime:VCRUNTIME140.dll
 0001:00030afc       memcpy                     0000000180031afc f   vcruntime:VCRUNTIME140.dll
 0001:00030b02       _purecall                  0000000180031b02 f   vcruntime:VCRUNTIME140.dll
 0001:00030b08       memset                     0000000180031b08 f   vcruntime:VCRUNTIME140.dll
 0001:00030b0e       __std_type_info_destroy_list 0000000180031b0e f   vcruntime:VCRUNTIME140.dll
 0001:00030b14       __C_specific_handler       0000000180031b14 f   vcruntime:VCRUNTIME140.dll
 0001:00030b1a       cosf                       0000000180031b1a f   ucrt:api-ms-win-crt-math-l1-1-0.dll
 0001:00030b20       sinf                       0000000180031b20 f   ucrt:api-ms-win-crt-math-l1-1-0.dll
 0001:00030b26       _fpclass                   0000000180031b26 f   ucrt:api-ms-win-crt-math-l1-1-0.dll
 0001:00030b2c       atan2f                     0000000180031b2c f   ucrt:api-ms-win-crt-math-l1-1-0.dll
 0001:00030b32       _initterm                  0000000180031b32 f   ucrt:api-ms-win-crt-runtime-l1-1-0.dll
 0001:00030b38       _initterm_e                0000000180031b38 f   ucrt:api-ms-win-crt-runtime-l1-1-0.dll
 0001:00030b3e       free                       0000000180031b3e f   ucrt:api-ms-win-crt-heap-l1-1-0.dll
 0001:00030b44       _seh_filter_dll            0000000180031b44 f   ucrt:api-ms-win-crt-runtime-l1-1-0.dll
 0001:00030b4a       _configure_narrow_argv     0000000180031b4a f   ucrt:api-ms-win-crt-runtime-l1-1-0.dll
 0001:00030b50       _initialize_narrow_environment 0000000180031b50 f   ucrt:api-ms-win-crt-runtime-l1-1-0.dll
 0001:00030b56       _initialize_onexit_table   0000000180031b56 f   ucrt:api-ms-win-crt-runtime-l1-1-0.dll
 0001:00030b5c       _register_onexit_function  0000000180031b5c f   ucrt:api-ms-win-crt-runtime-l1-1-0.dll
 0001:00030b62       _execute_onexit_table      0000000180031b62 f   ucrt:api-ms-win-crt-runtime-l1-1-0.dll
 0001:00030b68       _crt_atexit                0000000180031b68 f   ucrt:api-ms-win-crt-runtime-l1-1-0.dll
 0001:00030b6e       _crt_at_quick_exit         0000000180031b6e f   ucrt:api-ms-win-crt-runtime-l1-1-0.dll
 0001:00030b74       _cexit                     0000000180031b74 f   ucrt:api-ms-win-crt-runtime-l1-1-0.dll
 0001:00030b7a       terminate                  0000000180031b7a f   ucrt:api-ms-win-crt-runtime-l1-1-0.dll
 0001:00030b80       RaiseException             0000000180031b80 f   kernel32:KERNEL32.dll
 0001:00030b86       GetLastError               0000000180031b86 f   kernel32:KERNEL32.dll
 0001:00030b8c       GetSystemInfo              0000000180031b8c f   kernel32:KERNEL32.dll
 0001:00030b92       VirtualProtect             0000000180031b92 f   kernel32:KERNEL32.dll
 0001:00030b98       VirtualQuery               0000000180031b98 f   kernel32:KERNEL32.dll
 0001:00030b9e       FreeLibrary                0000000180031b9e f   kernel32:KERNEL32.dll
[...]
 0004:00001c2c       $pdata$0$??$?_UV?$ReflectionAllocator@VAdjTriangle@physx@@@shdfnd@physx@@@UserAllocated@shdfnd@physx@@SAPEAX_KV?$ReflectionAllocator@VAdjTriangle@physx@@@12@PEBDH@Z 000000018003cc2c     Adjacencies.obj
 0004:00001c38       $pdata$1$??$?_UV?$ReflectionAllocator@VAdjTriangle@physx@@@shdfnd@physx@@@UserAllocated@shdfnd@physx@@SAPEAX_KV?$ReflectionAllocator@VAdjTriangle@physx@@@12@PEBDH@Z 000000018003cc38     Adjacencies.obj
 0004:00001c44       $pdata$??_EAdjEdge@@QEAAPEAXI@Z 000000018003cc44     Adjacencies.obj
 0004:00001c74       $pdata$?UpdateLink@@YA_NIIIIPEAVAdjTriangle@physx@@AEBUADJACENCIESCREATE@2@@Z 000000018003cc74     Adjacencies.obj
 0004:00001c80       $pdata$3$?UpdateLink@@YA_NIIIIPEAVAdjTriangle@physx@@AEBUADJACENCIESCREATE@2@@Z 000000018003cc80     Adjacencies.obj
 0004:00001c8c       $pdata$5$?UpdateLink@@YA_NIIIIPEAVAdjTriangle@physx@@AEBUADJACENCIESCREATE@2@@Z 000000018003cc8c     Adjacencies.obj
 0004:00001c98       $pdata$6$?UpdateLink@@YA_NIIIIPEAVAdjTriangle@physx@@AEBUADJACENCIESCREATE@2@@Z 000000018003cc98     Adjacencies.obj
 0004:00001ca4       $pdata$7$?UpdateLink@@YA_NIIIIPEAVAdjTriangle@physx@@AEBUADJACENCIESCREATE@2@@Z 000000018003cca4     Adjacencies.obj
 0004:00001cb0       $pdata$8$?UpdateLink@@YA_NIIIIPEAVAdjTriangle@physx@@AEBUADJACENCIESCREATE@2@@Z 000000018003ccb0     Adjacencies.obj
 0004:00001c68       $pdata$?CreateDatabase@@YA_NPEAVAdjTriangle@physx@@IPEBVAdjEdge@@AEBUADJACENCIESCREATE@2@@Z 000000018003cc68     Adjacencies.obj
 0004:00001da0       $pdata$??_GPxCooking@physx@@MEAAPEAXI@Z 000000018003cda0     Cooking.obj
 0004:00001cbc       $pdata$PxCreateCooking     000000018003ccbc     Cooking.obj
 0004:00001cc8       $pdata$?release@Cooking@physx@@UEAAXXZ 000000018003ccc8     Cooking.obj
 0004:00001cd4       $pdata$?cookTriangleMesh@Cooking@physx@@UEBA_NAEBVPxTriangleMeshDesc@2@AEAVPxOutputStream@2@PEAW4Enum@PxTriangleMeshCookingResult@2@@Z 000000018003ccd4     Cooking.obj
 0004:00001ce0       $pdata$?createTriangleMesh@Cooking@physx@@UEBAPEAVPxTriangleMesh@2@AEBVPxTriangleMeshDesc@2@AEAVPxPhysicsInsertionCallback@2@PEAW4Enum@PxTriangleMeshCookingResult@2@@Z 000000018003cce0     Cooking.obj
 0004:00001cec       $pdata$?validateTriangleMesh@Cooking@physx@@UEBA_NAEBVPxTriangleMeshDesc@2@@Z 000000018003ccec     Cooking.obj
 0004:00001cf8       $pdata$?cookConvexMesh@Cooking@physx@@UEBA_NAEBVPxConvexMeshDesc@2@AEAVPxOutputStream@2@PEAW4Enum@PxConvexMeshCookingResult@2@@Z 000000018003ccf8     Cooking.obj
 0004:00001d04       $pdata$?createConvexMesh@Cooking@physx@@UEBAPEAVPxConvexMesh@2@AEBVPxConvexMeshDesc@2@AEAVPxPhysicsInsertionCallback@2@PEAW4Enum@PxConvexMeshCookingResult@2@@Z 000000018003cd04     Cooking.obj
 0004:00001d10       $pdata$?validateConvexMesh@Cooking@physx@@UEBA_NAEBVPxConvexMeshDesc@2@@Z 000000018003cd10     Cooking.obj
 0004:00001d1c       $pdata$?computeHullPolygons@Cooking@physx@@UEBA_NAEBVPxSimpleTriangleMesh@2@AEAVPxAllocatorCallback@2@AEAIAEAPEAVPxVec3@2@2AEAPEAI2AEAPEAUPxHullPolygon@2@@Z 000000018003cd1c     Cooking.obj
 0004:00001d28       $pdata$?cookHeightField@Cooking@physx@@UEBA_NAEBVPxHeightFieldDesc@2@AEAVPxOutputStream@2@@Z 000000018003cd28     Cooking.obj
 0004:00001d34       $pdata$?createHeightField@Cooking@physx@@UEBAPEAVPxHeightField@2@AEBVPxHeightFieldDesc@2@AEAVPxPhysicsInsertionCallback@2@@Z 000000018003cd34     Cooking.obj
 0004:00001d40       $pdata$?cookConvexMeshInternal@Cooking@physx@@AEBA_NAEBVPxConvexMeshDesc@2@AEAVConvexMeshBuilder@2@PEAVConvexHullLib@2@PEAW4Enum@PxConvexMeshCookingResult@2@@Z 000000018003cd40     Cooking.obj
 0004:00001d4c       $pdata$1$?cookConvexMeshInternal@Cooking@physx@@AEBA_NAEBVPxConvexMeshDesc@2@AEAVConvexMeshBuilder@2@PEAVConvexHullLib@2@PEAW4Enum@PxConvexMeshCookingResult@2@@Z 000000018003cd4c     Cooking.obj
 0004:00001d58       $pdata$2$?cookConvexMeshInternal@Cooking@physx@@AEBA_NAEBVPxConvexMeshDesc@2@AEAVConvexMeshBuilder@2@PEAVConvexHullLib@2@PEAW4Enum@PxConvexMeshCookingResult@2@@Z 000000018003cd58     Cooking.obj
 0004:00001d64       $pdata$3$?cookConvexMeshInternal@Cooking@physx@@AEBA_NAEBVPxConvexMeshDesc@2@AEAVConvexMeshBuilder@2@PEAVConvexHullLib@2@PEAW4Enum@PxConvexMeshCookingResult@2@@Z 000000018003cd64     Cooking.obj
 0004:00001d70       $pdata$4$?cookConvexMeshInternal@Cooking@physx@@AEBA_NAEBVPxConvexMeshDesc@2@AEAVConvexMeshBuilder@2@PEAVConvexHullLib@2@PEAW4Enum@PxConvexMeshCookingResult@2@@Z 000000018003cd70     Cooking.obj
 0004:00001d7c       $pdata$?cookTriangleMesh@Cooking@physx@@AEBA_NAEAVTriangleMeshBuilder@2@AEBVPxTriangleMeshDesc@2@AEAVPxOutputStream@2@PEAW4Enum@PxTriangleMeshCookingResult@2@@Z 000000018003cd7c     Cooking.obj
 0004:00001d88       $pdata$?createTriangleMesh@Cooking@physx@@AEBAPEAVPxTriangleMesh@2@AEAVTriangleMeshBuilder@2@AEBVPxTriangleMeshDesc@2@AEAVPxPhysicsInsertionCallback@2@PEAW4Enum@PxTriangleMeshCookingResult@2@@Z 000000018003cd88     Cooking.obj
 0004:00001d94       $pdata$??_GCooking@physx@@UEAAPEAXI@Z 000000018003cd94     Cooking.obj
 0004:00001dac       $pdata$?Clean@ReducedVertexCloud@physx@@QEAAAEAV12@XZ 000000018003cdac     CookingUtils.obj
 0004:00001db8       $pdata$?Reduce@ReducedVertexCloud@physx@@QEAA_NPEAUREDUCEDCLOUD@2@@Z 000000018003cdb8     CookingUtils.obj
 0004:00001dc4       $pdata$??1EdgeList@Gu@physx@@QEAA@XZ 000000018003cdc4     EdgeList.obj
 0004:00001dd0       $pdata$?load@EdgeList@Gu@physx@@QEAA_NAEAVPxInputStream@3@@Z 000000018003cdd0     EdgeList.obj
 0004:00001ddc       $pdata$?init@EdgeListBuilder@Gu@physx@@QEAA_NAEBUEDGELISTCREATE@23@@Z 000000018003cddc     EdgeList.obj
 0004:00001de8       $pdata$?createFacesToEdges@EdgeListBuilder@Gu@physx@@AEAA_NIPEBIPEBG@Z 000000018003cde8     EdgeList.obj
 0004:00001df4       $pdata$3$?createFacesToEdges@EdgeListBuilder@Gu@physx@@AEAA_NIPEBIPEBG@Z 000000018003cdf4     EdgeList.obj
 0004:00001e00       $pdata$4$?createFacesToEdges@EdgeListBuilder@Gu@physx@@AEAA_NIPEBIPEBG@Z 000000018003ce00     EdgeList.obj
 0004:00001e0c       $pdata$5$?createFacesToEdges@EdgeListBuilder@Gu@physx@@AEAA_NIPEBIPEBG@Z 000000018003ce0c     EdgeList.obj
 0004:00001e18       $pdata$6$?createFacesToEdges@EdgeListBuilder@Gu@physx@@AEAA_NIPEBIPEBG@Z 000000018003ce18     EdgeList.obj
 0004:00001e24       $pdata$?createEdgesToFaces@EdgeListBuilder@Gu@physx@@AEAA_NIPEBIPEBG@Z 000000018003ce24     EdgeList.obj
 0004:00001e30       $pdata$1$?createEdgesToFaces@EdgeListBuilder@Gu@physx@@AEAA_NIPEBIPEBG@Z 000000018003ce30     EdgeList.obj
 0004:00001e3c       $pdata$2$?createEdgesToFaces@EdgeListBuilder@Gu@physx@@AEAA_NIPEBIPEBG@Z 000000018003ce3c     EdgeList.obj
 0004:00001e48       $pdata$?computeActiveEdges@EdgeListBuilder@Gu@physx@@AEAA_NIPEBIPEBGPEBVPxVec3@3@M@Z 000000018003ce48     EdgeList.obj
 0004:00001e54       $pdata$1$?computeActiveEdges@EdgeListBuilder@Gu@physx@@AEAA_NIPEBIPEBGPEBVPxVec3@3@M@Z 000000018003ce54     EdgeList.obj
 0004:00001e60       $pdata$14$?computeActiveEdges@EdgeListBuilder@Gu@physx@@AEAA_NIPEBIPEBGPEBVPxVec3@3@M@Z 000000018003ce60     EdgeList.obj
 0004:00001e6c       $pdata$15$?computeActiveEdges@EdgeListBuilder@Gu@physx@@AEAA_NIPEBIPEBGPEBVPxVec3@3@M@Z 000000018003ce6c     EdgeList.obj
 0004:00001e78       $pdata$16$?computeActiveEdges@EdgeListBuilder@Gu@physx@@AEAA_NIPEBIPEBGPEBVPxVec3@3@M@Z 000000018003ce78     EdgeList.obj
 0004:00001e84       $pdata$17$?computeActiveEdges@EdgeListBuilder@Gu@physx@@AEAA_NIPEBIPEBGPEBVPxVec3@3@M@Z 000000018003ce84     EdgeList.obj
 0004:00001e90       $pdata$18$?computeActiveEdges@EdgeListBuilder@Gu@physx@@AEAA_NIPEBIPEBGPEBVPxVec3@3@M@Z 000000018003ce90     EdgeList.obj
 0004:00001e9c       $pdata$??$?_UI@@YAPEAX_KV?$ReflectionAllocator@I@shdfnd@physx@@PEBDH@Z 000000018003ce9c     EdgeList.obj
 0004:00001ea8       $pdata$0$??$?_UI@@YAPEAX_KV?$ReflectionAllocator@I@shdfnd@physx@@PEBDH@Z 000000018003cea8     EdgeList.obj
 0004:00001eb4       $pdata$1$??$?_UI@@YAPEAX_KV?$ReflectionAllocator@I@shdfnd@physx@@PEBDH@Z 000000018003ceb4     EdgeList.obj
 0004:00001ec0       $pdata$??0MeshCleaner@physx@@QEAA@IPEBVPxVec3@1@IPEBIM@Z 000000018003cec0     MeshCleaner.obj
 0004:00001ecc       $pdata$1$??0MeshCleaner@physx@@QEAA@IPEBVPxVec3@1@IPEBIM@Z 000000018003cecc     MeshCleaner.obj
 0004:00001ed8       $pdata$5$??0MeshCleaner@physx@@QEAA@IPEBVPxVec3@1@IPEBIM@Z 000000018003ced8     MeshCleaner.obj
 0004:00001ee4       $pdata$7$??0MeshCleaner@physx@@QEAA@IPEBVPxVec3@1@IPEBIM@Z 000000018003cee4     MeshCleaner.obj
 0004:00001ef0       $pdata$8$??0MeshCleaner@physx@@QEAA@IPEBVPxVec3@1@IPEBIM@Z 000000018003cef0     MeshCleaner.obj
 0004:00001efc       $pdata$9$??0MeshCleaner@physx@@QEAA@IPEBVPxVec3@1@IPEBIM@Z 000000018003cefc     MeshCleaner.obj
 0004:00001f08       $pdata$10$??0MeshCleaner@physx@@QEAA@IPEBVPxVec3@1@IPEBIM@Z 000000018003cf08     MeshCleaner.obj
 0004:00001f14       $pdata$11$??0MeshCleaner@physx@@QEAA@IPEBVPxVec3@1@IPEBIM@Z 000000018003cf14     MeshCleaner.obj
 0004:00001f20       $pdata$12$??0MeshCleaner@physx@@QEAA@IPEBVPxVec3@1@IPEBIM@Z 000000018003cf20     MeshCleaner.obj
 0004:00001f2c       $pdata$13$??0MeshCleaner@physx@@QEAA@IPEBVPxVec3@1@IPEBIM@Z 000000018003cf2c     MeshCleaner.obj
 0004:00001f38       $pdata$14$??0MeshCleaner@physx@@QEAA@IPEBVPxVec3@1@IPEBIM@Z 000000018003cf38     MeshCleaner.obj
 0004:00001f44       $pdata$15$??0MeshCleaner@physx@@QEAA@IPEBVPxVec3@1@IPEBIM@Z 000000018003cf44     MeshCleaner.obj
 0004:00001f50       $pdata$??1MeshCleaner@physx@@QEAA@XZ 000000018003cf50     MeshCleaner.obj
 0004:00001fc8       $pdata$??_GQuantizer@physx@@MEAAPEAXI@Z 000000018003cfc8     Quantizer.obj
 0004:00001f5c       $pdata$?createQuantizer@physx@@YAPEAVQuantizer@1@XZ 000000018003cf5c     Quantizer.obj
 0004:00001f68       $pdata$??$kmeans_cluster@VPxVec3@physx@@M@@YAIPEBVPxVec3@physx@@IIPEAV01@PEAIMM@Z 000000018003cf68     Quantizer.obj
 0004:00001f74       $pdata$4$??$kmeans_cluster@VPxVec3@physx@@M@@YAIPEBVPxVec3@physx@@IIPEAV01@PEAIMM@Z 000000018003cf74     Quantizer.obj
 0004:00001f80       $pdata$6$??$kmeans_cluster@VPxVec3@physx@@M@@YAIPEBVPxVec3@physx@@IIPEAV01@PEAIMM@Z 000000018003cf80     Quantizer.obj
 0004:00001f8c       $pdata$12$??$kmeans_cluster@VPxVec3@physx@@M@@YAIPEBVPxVec3@physx@@IIPEAV01@PEAIMM@Z 000000018003cf8c     Quantizer.obj
 0004:00001f98       $pdata$13$??$kmeans_cluster@VPxVec3@physx@@M@@YAIPEBVPxVec3@physx@@IIPEAV01@PEAIMM@Z 000000018003cf98     Quantizer.obj
 0004:00001fa4       $pdata$14$??$kmeans_cluster@VPxVec3@physx@@M@@YAIPEBVPxVec3@physx@@IIPEAV01@PEAIMM@Z 000000018003cfa4     Quantizer.obj
 0004:00001fb0       $pdata$15$??$kmeans_cluster@VPxVec3@physx@@M@@YAIPEBVPxVec3@physx@@IIPEAV01@PEAIMM@Z 000000018003cfb0     Quantizer.obj
 0004:00001fe0       $pdata$?kmeansQuantize3D@QuantizerImpl@@UEAAPEBVPxVec3@physx@@IPEBV23@I_NIAEAI@Z 000000018003cfe0     Quantizer.obj
 0004:00001fec       $pdata$1$?kmeansQuantize3D@QuantizerImpl@@UEAAPEBVPxVec3@physx@@IPEBV23@I_NIAEAI@Z 000000018003cfec     Quantizer.obj
 0004:00001ff8       $pdata$2$?kmeansQuantize3D@QuantizerImpl@@UEAAPEBVPxVec3@physx@@IPEBV23@I_NIAEAI@Z 000000018003cff8     Quantizer.obj
 0004:00002004       $pdata$3$?kmeansQuantize3D@QuantizerImpl@@UEAAPEBVPxVec3@physx@@IPEBV23@I_NIAEAI@Z 000000018003d004     Quantizer.obj
 0004:00002010       $pdata$?normalizeInput@QuantizerImpl@@AEAAXIPEBVPxVec3@physx@@I@Z 000000018003d010     Quantizer.obj
 0004:0000201c       $pdata$6$?normalizeInput@QuantizerImpl@@AEAAXIPEBVPxVec3@physx@@I@Z 000000018003d01c     Quantizer.obj
 0004:00002028       $pdata$7$?normalizeInput@QuantizerImpl@@AEAAXIPEBVPxVec3@physx@@I@Z 000000018003d028     Quantizer.obj
 0004:00002034       $pdata$8$?normalizeInput@QuantizerImpl@@AEAAXIPEBVPxVec3@physx@@I@Z 000000018003d034     Quantizer.obj
 0004:00002040       $pdata$9$?normalizeInput@QuantizerImpl@@AEAAXIPEBVPxVec3@physx@@I@Z 000000018003d040     Quantizer.obj
 0004:00001fbc       $pdata$??1QuantizerImpl@@EEAA@XZ 000000018003cfbc     Quantizer.obj
 0004:00001fd4       $pdata$??_GQuantizerImpl@@EEAAPEAXI@Z 000000018003cfd4     Quantizer.obj
 0004:000020d0       $pdata$__FUnloadDelayLoadedDLL2 000000018003d0d0     delayimp:delayhlp.obj
 0004:000020dc       $pdata$__HrLoadAllImportsForDll 000000018003d0dc     delayimp:delayhlp.obj
 0004:00002070       $pdata$?DloadGetSRWLockFunctionPointers@@YAEXZ 000000018003d070     delayimp:delayhlp.obj
 0004:0000207c       $pdata$?DloadLock@@YAXXZ   000000018003d07c     delayimp:delayhlp.obj
 0004:000020b8       $pdata$?DloadUnlock@@YAXXZ 000000018003d0b8     delayimp:delayhlp.obj
 0004:00002094       $pdata$?DloadObtainSection@@YAPEAXPEAK0@Z 000000018003d094     delayimp:delayhlp.obj
 0004:00002088       $pdata$?DloadMakePermanentImageCommit@@YAXPEAX_K@Z 000000018003d088     delayimp:delayhlp.obj
 0004:000020a0       $pdata$?DloadProtectSection@@YAXKPEAK@Z 000000018003d0a0     delayimp:delayhlp.obj
 0004:00002064       $pdata$?DloadAcquireSectionWriteAccess@@YAXXZ 000000018003d064     delayimp:delayhlp.obj
 0004:000020ac       $pdata$?DloadReleaseSectionWriteAccess@@YAXXZ 000000018003d0ac     delayimp:delayhlp.obj
 0004:000020c4       $pdata$?PiddFromDllName@@YAPEBUImgDelayDescr@@PEBD@Z 000000018003d0c4     delayimp:delayhlp.obj
 0004:000020e8       $pdata$__delayLoadHelper2  000000018003d0e8     delayimp:delayhlp.obj
 0004:00002100       $pdata$??_Gtype_info@@UEAAPEAXI@Z 000000018003d100     MSVCRT:std_type_info_static.obj
 0004:00002118       $pdata$?dllmain_crt_process_attach@@YAHQEAUHINSTANCE__@@QEAX@Z 000000018003d118     MSVCRT:dll_dllmain.obj
 0004:000022a4       $pdata$?fin$0@?0??dllmain_crt_process_attach@@YAHQEAUHINSTANCE__@@QEAX@Z@4HA 000000018003d2a4     MSVCRT:dll_dllmain.obj
 0004:00002124       $pdata$?dllmain_crt_process_detach@@YAH_N@Z 000000018003d124     MSVCRT:dll_dllmain.obj
 0004:000022b0       $pdata$?fin$0@?0??dllmain_crt_process_detach@@YAH_N@Z@4HA 000000018003d2b0     MSVCRT:dll_dllmain.obj
 0004:0000210c       $pdata$?dllmain_crt_dispatch@@YAHQEAUHINSTANCE__@@KQEAX@Z 000000018003d10c     MSVCRT:dll_dllmain.obj
 0004:00002130       $pdata$?dllmain_dispatch@@YAHQEAUHINSTANCE__@@KQEAX@Z 000000018003d130     MSVCRT:dll_dllmain.obj
 0004:000022bc       $pdata$?filt$0@?0??dllmain_dispatch@@YAHQEAUHINSTANCE__@@KQEAX@Z@4HA 000000018003d2bc     MSVCRT:dll_dllmain.obj
 0004:0000213c       $pdata$_DllMainCRTStartup  000000018003d13c     MSVCRT:dll_dllmain.obj
 0004:00002160       $pdata$__security_init_cookie 000000018003d160     MSVCRT:gs_support.obj
 0004:00002154       $pdata$__get_entropy       000000018003d154     MSVCRT:gs_support.obj
 0004:0000216c       $pdata$DllMain             000000018003d16c     MSVCRT:dll_dllmain_stub.obj
 0004:00002178       $pdata$__scrt_initialize_default_local_stdio_options 000000018003d178     MSVCRT:default_local_stdio_options.obj
 0004:00002238       $pdata$atexit              000000018003d238     MSVCRT:utility.obj
 0004:0000222c       $pdata$_onexit             000000018003d22c     MSVCRT:utility.obj
 0004:00002208       $pdata$__scrt_is_nonwritable_in_current_image 000000018003d208     MSVCRT:utility.obj
 0004:000022c8       $pdata$__scrt_is_nonwritable_in_current_image$filt$0 000000018003d2c8     MSVCRT:utility.obj
 0004:00002190       $pdata$__scrt_acquire_startup_lock 000000018003d190     MSVCRT:utility.obj
 0004:00002214       $pdata$__scrt_release_startup_lock 000000018003d214     MSVCRT:utility.obj
 0004:000021f0       $pdata$__scrt_initialize_crt 000000018003d1f0     MSVCRT:utility.obj
 0004:00002220       $pdata$__scrt_uninitialize_crt 000000018003d220     MSVCRT:utility.obj
 0004:000021fc       $pdata$__scrt_initialize_onexit_tables 000000018003d1fc     MSVCRT:utility.obj
 0004:000021cc       $pdata$__scrt_dllmain_exception_filter 000000018003d1cc     MSVCRT:utility.obj
 0004:000021a8       $pdata$__scrt_dllmain_before_initialize_c 000000018003d1a8     MSVCRT:utility.obj
 0004:0000219c       $pdata$__scrt_dllmain_after_initialize_c 000000018003d19c     MSVCRT:utility.obj
 0004:000021d8       $pdata$__scrt_dllmain_uninitialize_c 000000018003d1d8     MSVCRT:utility.obj
 0004:000021e4       $pdata$__scrt_dllmain_uninitialize_critical 000000018003d1e4     MSVCRT:utility.obj
 0004:000021b4       $pdata$__scrt_dllmain_crt_thread_attach 000000018003d1b4     MSVCRT:utility.obj
 0004:000021c0       $pdata$__scrt_dllmain_crt_thread_detach 000000018003d1c0     MSVCRT:utility.obj
 0004:00002184       $pdata$?configure_argv@__scrt_narrow_argv_policy@@SAHXZ 000000018003d184     MSVCRT:utility.obj
 0004:00002250       $pdata$__scrt_get_show_window_mode 000000018003d250     MSVCRT:utility_desktop.obj
 0004:0000225c       $pdata$__scrt_is_managed_app 000000018003d25c     MSVCRT:utility_desktop.obj
 0004:00002244       $pdata$__scrt_fastfail     000000018003d244     MSVCRT:utility_desktop.obj
 0004:00002268       $pdata$__scrt_unhandled_exception_filter 000000018003d268     MSVCRT:utility_desktop.obj
 0004:00002274       $pdata$_RTC_Initialize     000000018003d274     MSVCRT:_initsect_.obj
 0004:00002280       $pdata$_RTC_Terminate      000000018003d280     MSVCRT:_initsect_.obj
 0004:0000228c       $pdata$__isa_available_init 000000018003d28c     MSVCRT:_cpu_disp_.obj
 0005:00000000       __spec_table               000000018003e000     MSVCRT:_svml_ssinf4_sse2_.obj
 0005:00000560       MMSA7                      000000018003e560     MSVCRT:_svml_ssinf4_sse2_.obj
 0005:00000570       MMSA3                      000000018003e570     MSVCRT:_svml_ssinf4_sse2_.obj
 0005:00000580       MMSA5                      000000018003e580     MSVCRT:_svml_ssinf4_sse2_.obj
 0005:00000590       MMSA9                      000000018003e590     MSVCRT:_svml_ssinf4_sse2_.obj
 0005:000005a0       MMSPI3                     000000018003e5a0     MSVCRT:_svml_ssinf4_sse2_.obj
 0005:000005b0       MMSPI4                     000000018003e5b0     MSVCRT:_svml_ssinf4_sse2_.obj
 0005:000005c0       MMSPI2                     000000018003e5c0     MSVCRT:_svml_ssinf4_sse2_.obj
 0005:000005d0       MMSPI1                     000000018003e5d0     MSVCRT:_svml_ssinf4_sse2_.obj
 0005:000005e0       MMIHUGE                    000000018003e5e0     MSVCRT:_svml_ssinf4_sse2_.obj
 0005:000005f0       MMSINVPI                   000000018003e5f0     MSVCRT:_svml_ssinf4_sse2_.obj
 0005:00000600       MMIABSMASK                 000000018003e600     MSVCRT:_svml_ssinf4_sse2_.obj
 0005:00000610       dbSignMask                 000000018003e610     MSVCRT:_svml_ssinf4_sse2_.obj
 0005:00000620       PI02C_4                    000000018003e620     MSVCRT:_svml_ssinf4_sse2_.obj
 0005:00000630       PI02C_3                    000000018003e630     MSVCRT:_svml_ssinf4_sse2_.obj
 0005:00000640       PI02C_2                    000000018003e640     MSVCRT:_svml_ssinf4_sse2_.obj
 0005:00000650       PI02C_1                    000000018003e650     MSVCRT:_svml_ssinf4_sse2_.obj
 0005:00000660       PI02C_0                    000000018003e660     MSVCRT:_svml_ssinf4_sse2_.obj
 0005:00000670       dbRS                       000000018003e670     MSVCRT:_svml_ssinf4_sse2_.obj
 0005:00000680       MSK_LOW_BIT                000000018003e680     MSVCRT:_svml_ssinf4_sse2_.obj
 0005:00000690       dbiOne                     000000018003e690     MSVCRT:_svml_ssinf4_sse2_.obj
 0005:000006a0       dbInvPio2                  000000018003e6a0     MSVCRT:_svml_ssinf4_sse2_.obj
 0005:000006b0       flAllOnes                  000000018003e6b0     MSVCRT:_svml_ssinf4_sse2_.obj
 0005:000006c0       flTwoPow30                 000000018003e6c0     MSVCRT:_svml_ssinf4_sse2_.obj
 0005:000006d0       MMISIGNMASK                000000018003e6d0     MSVCRT:_svml_ssinf4_sse2_.obj
 0006:000000a0       $R000000                   000000018003f0a0     PhysX3Cooking.res
 0006:000003d8       $R000338                   000000018003f3d8     PhysX3Cooking.res
